02-20 15:33:35.878 11724 23961 D nativeloader: Load libtextclassifier3_jni_agsa.so using class loader ns clns-5 (caller=/data/app/~~w_7EchnUYzhMB2A2mGS-6g==/com.google.android.apps.messaging-0unaPFpFw3Qkm5t1nvzV6w==/base.apk!classes5.dex): dlopen failed: library "libtextclassifier3_jni_agsa.so" not found
02-20 15:33:35.879  1858  2113 D WifiNetworkFactory: got request NetworkRequest [ REQUEST id=57168, [ Capabilities: INTERNET&NOT_RESTRICTED&TRUSTED&NOT_VCN_MANAGED Uid: 10175 RequestorUid: 10175 RequestorPkg: com.google.android.apps.messaging UnderlyingNetworks: Null] ]
02-20 15:33:35.879  1858  2113 D UntrustedWifiNetworkFactory: got request NetworkRequest [ REQUEST id=57168, [ Capabilities: INTERNET&NOT_RESTRICTED&TRUSTED&NOT_VCN_MANAGED Uid: 10175 RequestorUid: 10175 RequestorPkg: com.google.android.apps.messaging UnderlyingNetworks: Null] ]
02-20 15:33:35.879  1858  2113 D OemPaidWifiNetworkFactory: got request NetworkRequest [ REQUEST id=57168, [ Capabilities: INTERNET&NOT_RESTRICTED&TRUSTED&NOT_VCN_MANAGED Uid: 10175 RequestorUid: 10175 RequestorPkg: com.google.android.apps.messaging UnderlyingNetworks: Null] ]
02-20 15:33:35.880  1858  2113 D MultiInternetWifiNetworkFactory: got request NetworkRequest [ REQUEST id=57168, [ Capabilities: INTERNET&NOT_RESTRICTED&TRUSTED&NOT_VCN_MANAGED Uid: 10175 RequestorUid: 10175 RequestorPkg: com.google.android.apps.messaging UnderlyingNetworks: Null] ]
02-20 15:33:35.880  1858  2122 D ConnectivityService: NetReassign [57168 : null ÔåÆ 499] [c 0] [a 1] [i 2]
02-20 15:33:35.880 11724 23588 D WM-GreedyScheduler: Constraints met: Scheduling work ID WorkGenerationalId(workSpecId=ca6edc5a-7218-4293-aeec-09dcef125ec4, generation=0)
02-20 15:33:35.882 11724 23986 D WM-Processor: sew: processing WorkGenerationalId(workSpecId=ca6edc5a-7218-4293-aeec-09dcef125ec4, generation=0)
02-20 15:33:35.884 11724 23986 D MddListenableWorkerFactory: createWorker for class: com.google.android.apps.messaging.shared.datamodel.workqueue.WorkQueueWorkerShim
02-20 15:33:35.884 11724 23992 D WM-NetworkStateTracker: Network capabilities changed: [ Transports: WIFI Capabilities: NOT_METERED&INTERNET&NOT_RESTRICTED&TRUSTED&NOT_VPN&VALIDATED&NOT_ROAMING&FOREGROUND&NOT_CONGESTED&NOT_SUSPENDED&NOT_VCN_MANAGED LinkUpBandwidth>=12000Kbps LinkDnBandwidth>=30000Kbps TransportInfo: <SSID: <unknown ssid>, BSSID: 02:00:00:00:00:00, MAC: 02:00:00:00:00:00, IP: /192.168.1.18, Security type: 2, Supplicant state: COMPLETED, Wi-Fi standard: 4, RSSI: -47, Link speed: 72Mbps, Tx Link speed: 72Mbps, Max Supported Tx Link speed: 72Mbps, Rx Link speed: 52Mbps, Max Supported Rx Link speed: 72Mbps, Frequency: 2412MHz, Net ID: -1, Metered hint: false, score: 60, isUsable: true, CarrierMerged: false, SubscriptionId: -1, IsPrimary: -1, Trusted: true, Restricted: false, Ephemeral: false, OEM paid: false, OEM private: false, OSU AP: false, FQDN: <none>, Provider friendly name: <none>, Requesting package name: <none><none>MLO Information: , AP MLD Address: <none>, AP MLO Link Id: <none>, AP MLO Affiliated links: <none>> SignalStrength: -47 UnderlyingNetworks: Null]
02-20 15:33:35.885 11724 23992 D WM-NetworkStateTracker: Network blocked status changed: false
02-20 15:33:35.886 11724 11724 D WM-WorkerWrapper: Starting work for com.google.android.apps.messaging.shared.datamodel.workqueue.WorkQueueWorkerShim
02-20 15:33:35.889 11724 23961 D nativeloader: Load libtextclassifier3_jni_aiai.so using class loader ns clns-5 (caller=/data/app/~~w_7EchnUYzhMB2A2mGS-6g==/com.google.android.apps.messaging-0unaPFpFw3Qkm5t1nvzV6w==/base.apk!classes5.dex): dlopen failed: library "libtextclassifier3_jni_aiai.so" not found
02-20 15:33:35.896 11724 23954 I SimSubscriptionInfoRetr: Found provisioning id for sub id in simStateCache. subId SubscriptionId(idValue=1): provisioning id: redacted-pii:sim_id[chars:19,last3:084] [CONTEXT x_message_id=3424117378899735696 work_id="a5dde0ee-a278-4547-8f1c-2fc327d3da15" pipeline_type="SmsReceivePipeline" ]
02-20 15:33:35.900 11724 11820 I BugleConversation: No conversation notification settings join found for ConversationId = 194 [CONTEXT x_message_id=3424117378899735696 work_id="a5dde0ee-a278-4547-8f1c-2fc327d3da15" pipeline_type="SmsReceivePipeline" ]
02-20 15:33:35.900 11724 11820 I BugleConversation: No conversation notification settings join found for ConversationId = 194 [CONTEXT x_message_id=3424117378899735696 work_id="a5dde0ee-a278-4547-8f1c-2fc327d3da15" pipeline_type="SmsReceivePipeline" ]
02-20 15:33:35.903 19930 23952 D StrictMode: StrictMode policy violation: android.os.strictmode.NetworkViolation
02-20 15:33:35.903 19930 23952 D StrictMode: 	at android.os.StrictMode$AndroidBlockGuardPolicy.onNetwork(StrictMode.java:1672)
02-20 15:33:35.903 19930 23952 D StrictMode: 	at java.net.Inet6AddressImpl.lookupHostByName(Inet6AddressImpl.java:115)
02-20 15:33:35.903 19930 23952 D StrictMode: 	at java.net.Inet6AddressImpl.lookupAllHostAddr(Inet6AddressImpl.java:103)
02-20 15:33:35.903 19930 23952 D StrictMode: 	at java.net.InetAddress.getAllByName(InetAddress.java:1152)
02-20 15:33:35.903 19930 23952 D StrictMode: 	at com.android.okhttp.Dns$1.lookup(Dns.java:41)
02-20 15:33:35.903 19930 23952 D StrictMode: 	at com.android.okhttp.internal.http.RouteSelector.resetNextInetSocketAddress(RouteSelector.java:178)
02-20 15:33:35.903 19930 23952 D StrictMode: 	at com.android.okhttp.internal.http.RouteSelector.nextProxy(RouteSelector.java:144)
02-20 15:33:35.903 19930 23952 D StrictMode: 	at com.android.okhttp.internal.http.RouteSelector.next(RouteSelector.java:86)
02-20 15:33:35.903 19930 23952 D StrictMode: 	at com.android.okhttp.internal.http.StreamAllocation.findConnection(StreamAllocation.java:176)
02-20 15:33:35.903 19930 23952 D StrictMode: 	at com.android.okhttp.internal.http.StreamAllocation.findHealthyConnection(StreamAllocation.java:128)
02-20 15:33:35.903 19930 23952 D StrictMode: 	at com.android.okhttp.internal.http.StreamAllocation.newStream(StreamAllocation.java:97)
02-20 15:33:35.903 19930 23952 D StrictMode: 	at com.android.okhttp.internal.http.HttpEngine.connect(HttpEngine.java:289)
02-20 15:33:35.903 19930 23952 D StrictMode: 	at com.android.okhttp.internal.http.HttpEngine.sendRequest(HttpEngine.java:232)
02-20 15:33:35.903 19930 23952 D StrictMode: 	at com.android.okhttp.internal.huc.HttpURLConnectionImpl.execute(HttpURLConnectionImpl.java:465)
02-20 15:33:35.903 19930 23952 D StrictMode: 	at com.android.okhttp.internal.huc.HttpURLConnectionImpl.getResponse(HttpURLConnectionImpl.java:411)
02-20 15:33:35.903 19930 23952 D StrictMode: 	at com.android.okhttp.internal.huc.HttpURLConnectionImpl.getResponseCode(HttpURLConnectionImpl.java:542)
02-20 15:33:35.903 19930 23952 D StrictMode: 	at com.android.okhttp.internal.huc.DelegatingHttpsURLConnection.getResponseCode(DelegatingHttpsURLConnection.java:106)
02-20 15:33:35.903 19930 23952 D StrictMode: 	at com.android.okhttp.internal.huc.HttpsURLConnectionImpl.getResponseCode(HttpsURLConnectionImpl.java:30)
02-20 15:33:35.903 19930 23952 D StrictMode: 	at js.c.invokeSuspend(SourceFile:109)
02-20 15:33:35.903 19930 23952 D StrictMode: 	at js.c.invoke(SourceFile:13)
02-20 15:33:35.903 19930 23952 D StrictMode: 	at w03.baz.a(SourceFile:5)
02-20 15:33:35.903 19930 23952 D StrictMode: 	at p03.f.f(Unknown Source:74)
02-20 15:33:35.903 19930 23952 D StrictMode: 	at js.d.a(SourceFile:13)
02-20 15:33:35.903 19930 23952 D StrictMode: 	at js.b.b(SourceFile:345)
02-20 15:33:35.903 19930 23952 D StrictMode: 	at js.b$bar.invokeSuspend(SourceFile:12)
02-20 15:33:35.903 19930 23952 D StrictMode: 	at pz2.bar.resumeWith(SourceFile:14)
02-20 15:33:35.903 19930 23952 D StrictMode: 	at p03.v0.run(SourceFile:121)
02-20 15:33:35.903 19930 23952 D StrictMode: 	at java.util.concurrent.ThreadPoolExecutor.runWorker(ThreadPoolExecutor.java:1154)
02-20 15:33:35.903 19930 23952 D StrictMode: 	at java.util.concurrent.ThreadPoolExecutor$Worker.run(ThreadPoolExecutor.java:652)
02-20 15:33:35.903 19930 23952 D StrictMode: 	at ar.bar.run(SourceFile:17)
02-20 15:33:35.903 19930 23952 D StrictMode: 	at java.lang.Thread.run(Thread.java:1563)
02-20 15:33:35.904 19930 23952 D StrictMode: StrictMode policy violation: android.os.strictmode.NetworkViolation
02-20 15:33:35.904 19930 23952 D StrictMode: 	at android.os.StrictMode$AndroidBlockGuardPolicy.onNetwork(StrictMode.java:1672)
02-20 15:33:35.904 19930 23952 D StrictMode: 	at libcore.io.BlockGuardOs.android_getaddrinfo(BlockGuardOs.java:220)
02-20 15:33:35.904 19930 23952 D StrictMode: 	at libcore.io.ForwardingOs.android_getaddrinfo(ForwardingOs.java:134)
02-20 15:33:35.904 19930 23952 D StrictMode: 	at java.net.Inet6AddressImpl.lookupHostByName(Inet6AddressImpl.java:135)
02-20 15:33:35.904 19930 23952 D StrictMode: 	at java.net.Inet6AddressImpl.lookupAllHostAddr(Inet6AddressImpl.java:103)
02-20 15:33:35.904 19930 23952 D StrictMode: 	at java.net.InetAddress.getAllByName(InetAddress.java:1152)
02-20 15:33:35.904 19930 23952 D StrictMode: 	at com.android.okhttp.Dns$1.lookup(Dns.java:41)
02-20 15:33:35.904 19930 23952 D StrictMode: 	at com.android.okhttp.internal.http.RouteSelector.resetNextInetSocketAddress(RouteSelector.java:178)
02-20 15:33:35.904 19930 23952 D StrictMode: 	at com.android.okhttp.internal.http.RouteSelector.nextProxy(RouteSelector.java:144)
02-20 15:33:35.904 19930 23952 D StrictMode: 	at com.android.okhttp.internal.http.RouteSelector.next(RouteSelector.java:86)
02-20 15:33:35.904 19930 23952 D StrictMode: 	at com.android.okhttp.internal.http.StreamAllocation.findConnection(StreamAllocation.java:176)
02-20 15:33:35.904 19930 23952 D StrictMode: 	at com.android.okhttp.internal.http.StreamAllocation.findHealthyConnection(StreamAllocation.java:128)
02-20 15:33:35.904 19930 23952 D StrictMode: 	at com.android.okhttp.internal.http.StreamAllocation.newStream(StreamAllocation.java:97)
02-20 15:33:35.904 19930 23952 D StrictMode: 	at com.android.okhttp.internal.http.HttpEngine.connect(HttpEngine.java:289)
02-20 15:33:35.904 19930 23952 D StrictMode: 	at com.android.okhttp.internal.http.HttpEngine.sendRequest(HttpEngine.java:232)
02-20 15:33:35.904 19930 23952 D StrictMode: 	at com.android.okhttp.internal.huc.HttpURLConnectionImpl.execute(HttpURLConnectionImpl.java:465)
02-20 15:33:35.904 19930 23952 D StrictMode: 	at com.android.okhttp.internal.huc.HttpURLConnectionImpl.getResponse(HttpURLConnectionImpl.java:411)
02-20 15:33:35.904 19930 23952 D StrictMode: 	at com.android.okhttp.internal.huc.HttpURLConnectionImpl.getResponseCode(HttpURLConnectionImpl.java:542)
02-20 15:33:35.904 19930 23952 D StrictMode: 	at com.android.okhttp.internal.huc.DelegatingHttpsURLConnection.getResponseCode(DelegatingHttpsURLConnection.java:106)
02-20 15:33:35.904 19930 23952 D StrictMode: 	at com.android.okhttp.internal.huc.HttpsURLConnectionImpl.getResponseCode(HttpsURLConnectionImpl.java:30)
02-20 15:33:35.904 19930 23952 D StrictMode: 	at js.c.invokeSuspend(SourceFile:109)
02-20 15:33:35.904 19930 23952 D StrictMode: 	at js.c.invoke(SourceFile:13)
02-20 15:33:35.904 19930 23952 D StrictMode: 	at w03.baz.a(SourceFile:5)
02-20 15:33:35.904 19930 23952 D StrictMode: 	at p03.f.f(Unknown Source:74)
02-20 15:33:35.904 19930 23952 D StrictMode: 	at js.d.a(SourceFile:13)
02-20 15:33:35.904 19930 23952 D StrictMode: 	at js.b.b(SourceFile:345)
02-20 15:33:35.904 19930 23952 D StrictMode: 	at js.b$bar.invokeSuspend(SourceFile:12)
02-20 15:33:35.904 19930 23952 D StrictMode: 	at pz2.bar.resumeWith(SourceFile:14)
02-20 15:33:35.904 19930 23952 D StrictMode: 	at p03.v0.run(SourceFile:121)
02-20 15:33:35.904 19930 23952 D StrictMode: 	at java.util.concurrent.ThreadPoolExecutor.runWorker(ThreadPoolExecutor.java:1154)
02-20 15:33:35.904 19930 23952 D StrictMode: 	at java.util.concurrent.ThreadPoolExecutor$Worker.run(ThreadPoolExecutor.java:652)
02-20 15:33:35.904 19930 23952 D StrictMode: 	at ar.bar.run(SourceFile:17)
02-20 15:33:35.904 19930 23952 D StrictMode: 	at java.lang.Thread.run(Thread.java:1563)
02-20 15:33:35.912 11724 23961 D nativeloader: Load libtextclassifier3_jni_aosp.so using class loader ns clns-5 (caller=/data/app/~~w_7EchnUYzhMB2A2mGS-6g==/com.google.android.apps.messaging-0unaPFpFw3Qkm5t1nvzV6w==/base.apk!classes5.dex): dlopen failed: library "libtextclassifier3_jni_aosp.so" not found
02-20 15:33:35.913 11724 11820 I BugleConversation: Skipping the check for satellite manual connection state due to flag state. [CONTEXT x_message_id=3424117378899735696 work_id="a5dde0ee-a278-4547-8f1c-2fc327d3da15" pipeline_type="SmsReceivePipeline" ]
02-20 15:33:35.915 11724 11782 I BugleDataModel: Input was not E164 redacted-pii[10-chars], skipping the Bugle participant update [CONTEXT x_message_id=3424117378899735696 work_id="a5dde0ee-a278-4547-8f1c-2fc327d3da15" pipeline_type="SmsReceivePipeline" ]
02-20 15:33:35.917 11724 11820 I BuglePipeline: Running Interceptor SmsToTelephonyWriter. Subject is expected type cqox [CONTEXT x_message_id=3424117378899735696 work_id="a5dde0ee-a278-4547-8f1c-2fc327d3da15" pipeline_type="SmsReceivePipeline" ]
02-20 15:33:35.923  1120  1132 D AppFlingMode: [CheckAppFlingHint] 25 com.gallery20 -1
02-20 15:33:35.927  2407  2407 E SlideDampingBounceHelper: handleDownTouchEvent mTrackingPointerId=0
02-20 15:33:35.928 11724 23980 I WM-WorkerWrapper: Worker result SUCCESS for Work [ id=ecfc98b5-7348-4dfb-8d95-485c1c6e601c, tags={ com.google.android.apps.messaging.shared.datamodel.workqueue.WorkQueueWorkerShim,refresh_message_failure_notification- } ]
02-20 15:33:35.930 11724 11724 D WM-Processor: sew ecfc98b5-7348-4dfb-8d95-485c1c6e601c executed; reschedule = false
02-20 15:33:35.935 11724 23957 I BugleDataModel: PendingMessagesProcessor process from ProcessPendingMessagesAction due to sms received  with delay 0s with queues smsMessagesToSend:0 mmsMessagesToSend:0 rcsMessagesToSend:0 rcsFTMessagesToSend:0 messagesToDownload:0 [CONTEXT x_message_id=3424117378899735696 work_id="a5dde0ee-a278-4547-8f1c-2fc327d3da15" pipeline_type="SmsReceivePipeline" ]
02-20 15:33:35.935 11724 23957 I BugleDataModel: Cleared next retry time for channel: sms_send including counter [CONTEXT x_message_id=3424117378899735696 work_id="a5dde0ee-a278-4547-8f1c-2fc327d3da15" pipeline_type="SmsReceivePipeline" ]
02-20 15:33:35.936 11724 23588 D WM-GreedyScheduler: Cancelling work ID ecfc98b5-7348-4dfb-8d95-485c1c6e601c
02-20 15:33:35.938 19930 23979 D CompatibilityChangeReporter: Compat change id reported: 160794467; UID 10243; state: ENABLED
02-20 15:33:35.938 11724 23957 I BugleDataModel: ExecuteActionRunnable: running action RequestSmartSuggestionsAction [CONTEXT x_message_id=3424117378899735696 work_id="a5dde0ee-a278-4547-8f1c-2fc327d3da15" pipeline_type="SmsReceivePipeline" ]
02-20 15:33:35.938 11724 23987 I Bugle   : RequestLinkPreviewAction: No link extracted from message with: message{id:2354}
02-20 15:33:35.938 11724 23985 I BugleConversation: Current active self identity: TUNTEL [CONTEXT x_message_id=3424117378899735696 work_id="a5dde0ee-a278-4547-8f1c-2fc327d3da15" pipeline_type="SmsReceivePipeline" ]
02-20 15:33:35.940 11724 23957 I BugleDataModel: ActionExecutorImpl: ACTION_BACKGROUND_QUEUED_RequestSmartSuggestionsAction [CONTEXT x_message_id=3424117378899735696 work_id="a5dde0ee-a278-4547-8f1c-2fc327d3da15" pipeline_type="SmsReceivePipeline" ]
02-20 15:33:35.940 11724 11781 D nativeloader: Load /data/app/~~w_7EchnUYzhMB2A2mGS-6g==/com.google.android.apps.messaging-0unaPFpFw3Qkm5t1nvzV6w==/split_config.arm64_v8a.apk!/lib/arm64-v8a/libtartarus_core.so using class loader ns clns-5 (caller=/data/app/~~w_7EchnUYzhMB2A2mGS-6g==/com.google.android.apps.messaging-0unaPFpFw3Qkm5t1nvzV6w==/base.apk!classes4.dex): ok
02-20 15:33:35.947 11724 23954 I SimSubscriptionInfoRetr: Found provisioning id for sub id in simStateCache. subId SubscriptionId(idValue=1): provisioning id: redacted-pii:sim_id[chars:19,last3:084] [CONTEXT x_message_id=3424117378899735696 work_id="a5dde0ee-a278-4547-8f1c-2fc327d3da15" pipeline_type="SmsReceivePipeline" ]
02-20 15:33:35.952 19930 23976 E com.truecaller: No package ID 6a found for ID 0x6a0b0013.
02-20 15:33:35.953 19930 23976 I FA      : App measurement initialized, version: 152008
02-20 15:33:35.953 19930 23976 I FA      : To enable debug logging run: adb shell setprop log.tag.FA VERBOSE
02-20 15:33:35.953 19930 23976 I FA      : To enable faster debug mode event logging run:
02-20 15:33:35.953 19930 23976 I FA      :   adb shell setprop debug.firebase.analytics.app com.truecaller
02-20 15:33:35.953 11724 23957 I BugleTrustedContacts: Devices not under supervision, conversation notification should always be posted. [CONTEXT x_message_id=3424117378899735696 work_id="a5dde0ee-a278-4547-8f1c-2fc327d3da15" pipeline_type="SmsReceivePipeline" class_name="ConversationTrustedContactsApi" ratelimit_period="1 MINUTES" ]
02-20 15:33:35.957 11724 23588 D WM-GreedyScheduler: Ignoring {WorkSpec: 9cdc645e-5c7c-4cdd-a5aa-b3082475b538}. Requires ContentUri triggers.
02-20 15:33:35.957 11724 23588 D WM-GreedyScheduler: Ignoring {WorkSpec: c4ec2dd0-1b9f-43c0-82f7-1b94972a9bff}. Requires device idle.
02-20 15:33:35.958 11724 23588 D WM-GreedyScheduler: Ignoring {WorkSpec: 21c3ef49-9913-4d60-89aa-25e90f8c767f}. Requires device idle.
02-20 15:33:35.958 11724 23588 D WM-GreedyScheduler: Ignoring {WorkSpec: d7e4d1e9-8b75-4937-adeb-dbbc4b127982}. Requires ContentUri triggers.
02-20 15:33:35.959 21018 21487 W PhBaseOp: Phenotype API error. Event: # ikys@e97de2be, EventCode: COMMIT_CONFIG [CONTEXT service_id=51 ]
02-20 15:33:35.959 21018 21487 W PhBaseOp: eqku: 29542: Stale snapshot for com.google.android.gms.measurement#com.truecaller(new configuration available)
02-20 15:33:35.959 21018 21487 W PhBaseOp: 	at eqms.d(:com.google.android.gms@260438029@26.04.38 (190400-867839860):337)
02-20 15:33:35.959 21018 21487 W PhBaseOp: 	at eqms.b(:com.google.android.gms@260438029@26.04.38 (190400-867839860):44)
02-20 15:33:35.959 21018 21487 W PhBaseOp: 	at eqmr.i(:com.google.android.gms@260438029@26.04.38 (190400-867839860):3)
02-20 15:33:35.959 21018 21487 W PhBaseOp: 	at eqmn.h(:com.google.android.gms@260438029@26.04.38 (190400-867839860):31)
02-20 15:33:35.959 21018 21487 W PhBaseOp: 	at eqmn.f(:com.google.android.gms@260438029@26.04.38 (190400-867839860):13)
02-20 15:33:35.959 21018 21487 W PhBaseOp: 	at cqfj.fy(:com.google.android.gms@260438029@26.04.38 (190400-867839860):1)
02-20 15:33:35.959 21018 21487 W PhBaseOp: 	at cqfn.run(:com.google.android.gms@260438029@26.04.38 (190400-867839860):118)
02-20 15:33:35.959 21018 21487 W PhBaseOp: 	at goai.run(:com.google.android.gms@260438029@26.04.38 (190400-867839860):19)
02-20 15:33:35.959 21018 21487 W PhBaseOp: 	at bfdl.c(:com.google.android.gms@260438029@26.04.38 (190400-867839860):50)
02-20 15:33:35.959 21018 21487 W PhBaseOp: 	at bfdl.run(:com.google.android.gms@260438029@26.04.38 (190400-867839860):73)
02-20 15:33:35.959 21018 21487 W PhBaseOp: 	at java.util.concurrent.ThreadPoolExecutor.runWorker(ThreadPoolExecutor.java:1154)
02-20 15:33:35.959 21018 21487 W PhBaseOp: 	at java.util.concurrent.ThreadPoolExecutor$Worker.run(ThreadPoolExecutor.java:652)
02-20 15:33:35.959 21018 21487 W PhBaseOp: 	at bfjc.run(:com.google.android.gms@260438029@26.04.38 (190400-867839860):8)
02-20 15:33:35.959 21018 21487 W PhBaseOp: 	at java.lang.Thread.run(Thread.java:1563)
02-20 15:33:35.959 21018 21487 W AsyncOperation: operation=CommitToConfigurationOperationCall, opStatusCode=29542 [CONTEXT service_id=51 ]
02-20 15:33:35.959 21018 21487 W AsyncOperation: OperationException[Status{statusCode=Stale snapshot for com.google.android.gms.measurement#com.truecaller(new configuration available), resolution=null}]
02-20 15:33:35.959 21018 21487 W AsyncOperation: 	at eqmn.h(:com.google.android.gms@260438029@26.04.38 (190400-867839860):61)
02-20 15:33:35.959 21018 21487 W AsyncOperation: 	at eqmn.f(:com.google.android.gms@260438029@26.04.38 (190400-867839860):13)
02-20 15:33:35.959 21018 21487 W AsyncOperation: 	at cqfj.fy(:com.google.android.gms@260438029@26.04.38 (190400-867839860):1)
02-20 15:33:35.959 21018 21487 W AsyncOperation: 	at cqfn.run(:com.google.android.gms@260438029@26.04.38 (190400-867839860):118)
02-20 15:33:35.959 21018 21487 W AsyncOperation: 	at goai.run(:com.google.android.gms@260438029@26.04.38 (190400-867839860):19)
02-20 15:33:35.959 21018 21487 W AsyncOperation: 	at bfdl.c(:com.google.android.gms@260438029@26.04.38 (190400-867839860):50)
02-20 15:33:35.959 21018 21487 W AsyncOperation: 	at bfdl.run(:com.google.android.gms@260438029@26.04.38 (190400-867839860):73)
02-20 15:33:35.959 21018 21487 W AsyncOperation: 	at java.util.concurrent.ThreadPoolExecutor.runWorker(ThreadPoolExecutor.java:1154)
02-20 15:33:35.959 21018 21487 W AsyncOperation: 	at java.util.concurrent.ThreadPoolExecutor$Worker.run(ThreadPoolExecutor.java:652)
02-20 15:33:35.959 21018 21487 W AsyncOperation: 	at bfjc.run(:com.google.android.gms@260438029@26.04.38 (190400-867839860):8)
02-20 15:33:35.959 21018 21487 W AsyncOperation: 	at java.lang.Thread.run(Thread.java:1563)
02-20 15:33:35.962 11724 23983 I BugleNotifications: queueDefaultNotification for conversationId=194, isSilent=false, shouldPostNotificationBasedOnParentalApproval=POST_INCOMING_MESSAGE_NOTIFICATION [CONTEXT x_message_id=3424117378899735696 work_id="a5dde0ee-a278-4547-8f1c-2fc327d3da15" pipeline_type="SmsReceivePipeline" class_name="QueueStrategyDefault" ]
02-20 15:33:35.964  1858  1949 E VerityUtils: Failed to measure fs-verity, errno 1: /data/app/~~BSXcSocJrOBlqNO3vqyafQ==/com.truecaller-DMlj96l2yJcHui69qQhnOQ==/base.apk
02-20 15:33:35.968 11724 23926 E Bugle   : RequestSmartSuggestionsAction: IncomingOnly participant: 197. Do not generate smart replies. [CONTEXT x_message_id=3424117378899735696 work_id="a5dde0ee-a278-4547-8f1c-2fc327d3da15" pipeline_type="SmsReceivePipeline" ]
02-20 15:33:35.966  1858  1858 W TranCPUBoosterT: type=1400 audit(0.0:2183115): avc: denied { read } for name="u:object_r:vendor_mtk_powerhal_prop:s0" dev="tmpfs" ino=645 scontext=u:r:system_server:s0 tcontext=u:object_r:vendor_mtk_powerhal_prop:s0 tclass=file permissive=0
02-20 15:33:35.970  1858  1998 I mtkpower_client: perf_lock_acq, hdl:1165969, dur:3000, num:2, tid:1998
02-20 15:33:35.970  1120  1132 D AppFlingMode: [CheckAppFlingHint] 43 com.gallery20 -1
02-20 15:33:35.970  1120  1132 D AppFlingMode: [findAppFlingRscListIndex] -1 -1 -1 -1 -1 -1 8 -1
02-20 15:33:35.970  1120  1132 D AppFlingMode: match app scn rsc index:8
02-20 15:33:35.970  1120  1132 I mtkpower@impl: [libpowerhal_CusLockHint] AppFling RscSize:8
02-20 15:33:35.970  1120  1132 I mtkpower@impl: [libpowerhal_CusLockHint] AppFling data:0x00c00000, 2
02-20 15:33:35.970  1120  1132 I mtkpower@impl: [libpowerhal_CusLockHint] AppFling data:0x00c04000, 2
02-20 15:33:35.970  1120  1132 I mtkpower@impl: [libpowerhal_CusLockHint] AppFling data:0x00400000, 1800000
02-20 15:33:35.970  1120  1132 I mtkpower@impl: [libpowerhal_CusLockHint] AppFling data:0x00400100, 2000000
02-20 15:33:35.971  1858  2475 W libc    : Access denied finding property "persist.vendor.powerhal.kswapd0_bind_enable"
02-20 15:33:35.971  1120  1173 I libPowerHal: [setGPUFreq] MTKPOWER_HINT_UX_SCROLLING user set gpu freq min:2, max:2
02-20 15:33:35.971  1120  1173 I libPowerHal: MTKPOWER_HINT_UX_SCROLLING: set gpu opp level max: 2
02-20 15:33:35.971  1120  1173 I libPowerHal: [setGPUFreq] Soft min/max = (2, 2); Hard min/max = (37, 0)
02-20 15:33:35.971  1120  1173 I libPowerHal: [setGPUFreq] final min/max = (2, 2)
02-20 15:33:35.971  1120  1173 I libPowerHal: MTKPOWER_HINT_UX_SCROLLING: set gpu opp level: 2
02-20 15:33:35.971  1120  1173 I libPowerHal: MTKPOWER_HINT_UX_SCROLLING: set gpu opp level max: 2
02-20 15:33:35.971  1858  2475 D TranCPUBooster: [setAffinity] Pid:143 mask:0-7
02-20 15:33:35.971  1120  1173 I libPowerHal: [unsetGPUFreq] current min:2, max:2; scn_gpu_min:2, scn_gpu_max:2; scn_gpu_min(HL):-1, scn_gpu_max(HL):-1
02-20 15:33:35.971  1120  1173 I libPowerHal: [setGPUFreq] Soft min/max = (2, 2); Hard min/max = (37, 0)
02-20 15:33:35.971  1120  1173 I libPowerHal: [setGPUFreq] final min/max = (2, 2)
02-20 15:33:35.971  1120  1173 I libPowerHal: MTKPOWER_HINT_UX_SCROLLING: set gpu opp level: 2
02-20 15:33:35.971  1120  1173 I libPowerHal: MTKPOWER_HINT_UX_SCROLLING: set gpu opp level max: 2
02-20 15:33:35.971  1858  2475 D TranCPUBooster: [setAffinity] Pid:143 mask:0-5
02-20 15:33:35.971  1858  1998 I mtkpower_client: ret_hdl:1165972
02-20 15:33:35.972  1120  1173 I libPowerHal: [fpsgo_ctrl_render_thread] 2474, 0xb4000076bd1f1b00
02-20 15:33:35.974  1120  1132 D AppFlingMode: [CheckAppFlingHint] 45 com.gallery20 -1
02-20 15:33:35.974  1858  3788 I mtkpower_client: perf_lock_rel, hdl:1165972, tid:3788
02-20 15:33:35.974  1120  1132 D AppFlingMode: [findAppFlingRscListIndex] -1 -1 -1 -1 -1 -1 -1 -1
02-20 15:33:35.975  1120  1173 I libPowerHal: [fpsgo_ctrl_render_thread] 2474, 0xb4000076bd1f1b00
02-20 15:33:35.975  1120  1173 I libPowerHal: [PD] system_server update ONESHOT cmd:2000300 param:2474
02-20 15:33:35.977  1858  2473 I mtkpower_client: perf_lock_acq, hdl:1165972, dur:3000, num:2, tid:2473
02-20 15:33:35.978  1120  1173 I libPowerHal: [touch_boost_enabled] value:0
02-20 15:33:35.978  1858  2473 I mtkpower_client: ret_hdl:1165974
02-20 15:33:35.979 11724 23987 I WM-WorkerWrapper: Worker result SUCCESS for Work [ id=ca6edc5a-7218-4293-aeec-09dcef125ec4, tags={ com.google.android.apps.messaging.shared.datamodel.workqueue.WorkQueueWorkerShim,request_link_preview- } ]
02-20 15:33:35.980  1858  4446 I mtkpower_client: perf_lock_rel, hdl:1165974, tid:4446
02-20 15:33:35.980  1120  1173 I libPowerHal: [PD] system_server update cmd:3408500 param:1
02-20 15:33:35.980  1120  1173 I libPowerHal: [touch_boost_enabled] value:-1
02-20 15:33:35.980  1120  1173 I libPowerHal: [PD] system_server update cmd:3408500 param:-1
02-20 15:33:35.983 11724 23926 I BugleDataModel: ActionExecutorImpl: ACTION_RESPONSE_QUEUED_RequestSmartSuggestionsAction [CONTEXT x_message_id=3424117378899735696 work_id="a5dde0ee-a278-4547-8f1c-2fc327d3da15" pipeline_type="SmsReceivePipeline" ]
02-20 15:33:35.984  2407  2407 E SlideDampingBounceHelper: Invalid pointerId=-1 in onTouchEvent ACTION_MOVE
02-20 15:33:35.984 11724 23961 D nativeloader: Load libtextclassifier3_jni_gmscore.so using class loader ns clns-5 (caller=/data/app/~~w_7EchnUYzhMB2A2mGS-6g==/com.google.android.apps.messaging-0unaPFpFw3Qkm5t1nvzV6w==/base.apk!classes5.dex): dlopen failed: library "libtextclassifier3_jni_gmscore.so" not found
02-20 15:33:35.986 11724 11724 D WM-Processor: sew ca6edc5a-7218-4293-aeec-09dcef125ec4 executed; reschedule = false
02-20 15:33:35.986 11724 11724 D WM-GreedyScheduler: Stopping tracking for WorkGenerationalId(workSpecId=ca6edc5a-7218-4293-aeec-09dcef125ec4, generation=0)
02-20 15:33:35.997  1404  1404 I OriginChannel: batch: [1,66667000,80000000]
02-20 15:33:35.998 11724 23926 D WM-GreedyScheduler: Cancelling work ID ca6edc5a-7218-4293-aeec-09dcef125ec4
02-20 15:33:35.999  1404  1404 I OriginChannel: flush: [1]
02-20 15:33:36.000  1404  1442 I HfLooper: [1] flush complete
02-20 15:33:36.001  2407  2407 E SlideDampingBounceHelper: Invalid pointerId=-1 in onTouchEvent ACTION_MOVE
02-20 15:33:36.004  1858  2774 V SettingsProvider: packageValueForCallResult, name = default_input_method, value : Bundle[{_track_generation=android.util.MemoryIntArray@fb, value=com.google.android.inputmethod.latin/com.android.inputmethod.latin.LatinIME, _generation_index=2, _generation=24305}]
02-20 15:33:36.006  2407  2407 E SlideDampingBounceHelper: Invalid pointerId=-1 in onTouchEvent ACTION_MOVE
02-20 15:33:36.006  1120  1173 I libPowerHal: [PD] MTKPOWER_HINT_APP_TOUCH update cmd:3408b00 param:0
02-20 15:33:36.006  2407  2407 E SlideDampingBounceHelper: Invalid pointerId=-1 in onTouchEvent ACTION_UP
02-20 15:33:36.007  2407  2407 I ScrollIdentify: on fling
02-20 15:33:36.007  1404  1404 I OriginChannel: batch: [4,80000000,0]
02-20 15:33:36.008  1404  1404 I OriginChannel: activate: [4,1]
02-20 15:33:36.008  2625  2778 D Mms/Provider/Sms: URLMatcher matches type of message1
02-20 15:33:36.009  2625  2778 D Mms/Provider/Sms: notifyChange, notify unread change
02-20 15:33:36.010  2625  2778 D Mms/Provider/MmsSms: get threads unread message count = 1211
02-20 15:33:36.010  1858  2774 V SettingsProvider: name : com_android_mms_mtk_unread appId : 1001 pid : 2625 pkg :com.android.phone
02-20 15:33:36.010  1858  1858 W TranCPUBoosterT: type=1400 audit(0.0:2183116): avc: denied { read } for name="u:object_r:vendor_mtk_powerhal_prop:s0" dev="tmpfs" ino=645 scontext=u:r:system_server:s0 tcontext=u:object_r:vendor_mtk_powerhal_prop:s0 tclass=file permissive=0
02-20 15:33:36.011  1858  2774 V SettingsProvider: Package name : com.android.phone privateFlags : -1940911768
02-20 15:33:36.011  1858  2475 W libc    : Access denied finding property "persist.vendor.powerhal.kswapd0_bind_enable"
02-20 15:33:36.011  1858  2475 D TranCPUBooster: [setAffinity] Pid:143 mask:0-7
02-20 15:33:36.011  1120  1173 I libPowerHal: [PD] MTKPOWER_HINT_UX_MOVE_SCROLLING update cmd:1408300 param:0
02-20 15:33:36.013  2625  3296 D Mms/Provider/Mms: query end, cursor count =0
02-20 15:33:36.015 11724 23926 D WM-GreedyScheduler: Ignoring {WorkSpec: 9cdc645e-5c7c-4cdd-a5aa-b3082475b538}. Requires ContentUri triggers.
02-20 15:33:36.016 11724 23926 D WM-GreedyScheduler: Ignoring {WorkSpec: c4ec2dd0-1b9f-43c0-82f7-1b94972a9bff}. Requires device idle.
02-20 15:33:36.016 11724 23926 D WM-GreedyScheduler: Ignoring {WorkSpec: 21c3ef49-9913-4d60-89aa-25e90f8c767f}. Requires device idle.
02-20 15:33:36.016 11724 23926 D WM-GreedyScheduler: Ignoring {WorkSpec: d7e4d1e9-8b75-4937-adeb-dbbc4b127982}. Requires ContentUri triggers.
02-20 15:33:36.016 11724 23987 D WM-BrdcstRcvrCnstrntTrc: sje: unregistering receiver
02-20 15:33:36.016  2625  3291 D Mms/Provider/Sms: query begin, match = 4
02-20 15:33:36.018 11724 23987 D WM-NetworkStateTracker: Unregistering network callback
02-20 15:33:36.025  2625  2778 D Mms/Provider/Sms: insertInner succeedcontent://sms/2301
02-20 15:33:36.027  2625  2778 D Mms/Provider/Sms: URLMatcher matches type of message1
02-20 15:33:36.029  2625  3291 D Mms/Provider/Sms: query begin, match = 0
02-20 15:33:36.038 11724 11816 I SmsToTelephonyWriter: Inserted SMS message into telephony. telephonyUri: content://sms/2301, messageUri: content://sms/2301, threadId: threadId=Optional[201] [CONTEXT x_message_id=3424117378899735696 work_id="a5dde0ee-a278-4547-8f1c-2fc327d3da15" pipeline_type="SmsReceivePipeline" ]
02-20 15:33:36.040 19930 23967 D CompatibilityChangeReporter: Compat change id reported: 194532703; UID 10243; state: ENABLED
02-20 15:33:36.041  1858  2774 D CompatibilityChangeReporter: Compat change id reported: 194532703; UID 10243; state: ENABLED
02-20 15:33:36.045  2625  3291 D Mms/Provider/Mms: query end, cursor count =0
02-20 15:33:36.047  2625  3296 D Mms/Provider/Sms: query begin, match = 4
02-20 15:33:36.048 11724 23961 D nativeloader: Load libtextclassifier3_jni_google3.so using class loader ns clns-5 (caller=/data/app/~~w_7EchnUYzhMB2A2mGS-6g==/com.google.android.apps.messaging-0unaPFpFw3Qkm5t1nvzV6w==/base.apk!classes5.dex): dlopen failed: library "libtextclassifier3_jni_google3.so" not found
02-20 15:33:36.053 11724 23957 W Bugle   : PermissionCheckerImpl: Missing Permission android.permission.ACCESS_FINE_LOCATION [CONTEXT x_message_id=3424117378899735696 work_id="a5dde0ee-a278-4547-8f1c-2fc327d3da15" pipeline_type="SmsReceivePipeline" ]
02-20 15:33:36.054 11724 23983 I BugleNotifications: queued notification work item for conversation 194 [CONTEXT x_message_id=3424117378899735696 work_id="a5dde0ee-a278-4547-8f1c-2fc327d3da15" pipeline_type="SmsReceivePipeline" ]
02-20 15:33:36.056  2625  3291 D Mms/Provider/Sms: query begin, match = 0
02-20 15:33:36.059 19930 23952 D StrictMode: StrictMode policy violation: android.os.strictmode.NetworkViolation
02-20 15:33:36.059 19930 23952 D StrictMode: 	at android.os.StrictMode$AndroidBlockGuardPolicy.onNetwork(StrictMode.java:1672)
02-20 15:33:36.059 19930 23952 D StrictMode: 	at java.net.AbstractPlainSocketImpl.doConnect(AbstractPlainSocketImpl.java:389)
02-20 15:33:36.059 19930 23952 D StrictMode: 	at java.net.AbstractPlainSocketImpl.connectToAddress(AbstractPlainSocketImpl.java:230)
02-20 15:33:36.059 19930 23952 D StrictMode: 	at java.net.AbstractPlainSocketImpl.connect(AbstractPlainSocketImpl.java:212)
02-20 15:33:36.059 19930 23952 D StrictMode: 	at java.net.SocksSocketImpl.connect(SocksSocketImpl.java:436)
02-20 15:33:36.059 19930 23952 D StrictMode: 	at java.net.Socket.connect(Socket.java:646)
02-20 15:33:36.059 19930 23952 D StrictMode: 	at com.android.okhttp.internal.Platform.connectSocket(Platform.java:182)
02-20 15:33:36.059 19930 23952 D StrictMode: 	at com.android.okhttp.internal.io.RealConnection.connectSocket(RealConnection.java:145)
02-20 15:33:36.059 19930 23952 D StrictMode: 	at com.android.okhttp.internal.io.RealConnection.connect(RealConnection.java:116)
02-20 15:33:36.059 19930 23952 D StrictMode: 	at com.android.okhttp.internal.http.StreamAllocation.findConnection(StreamAllocation.java:186)
02-20 15:33:36.059 19930 23952 D StrictMode: 	at com.android.okhttp.internal.http.StreamAllocation.findHealthyConnection(StreamAllocation.java:128)
02-20 15:33:36.059 19930 23952 D StrictMode: 	at com.android.okhttp.internal.http.StreamAllocation.newStream(StreamAllocation.java:97)
02-20 15:33:36.059 19930 23952 D StrictMode: 	at com.android.okhttp.internal.http.HttpEngine.connect(HttpEngine.java:289)
02-20 15:33:36.059 19930 23952 D StrictMode: 	at com.android.okhttp.internal.http.HttpEngine.sendRequest(HttpEngine.java:232)
02-20 15:33:36.059 19930 23952 D StrictMode: 	at com.android.okhttp.internal.huc.HttpURLConnectionImpl.execute(HttpURLConnectionImpl.java:465)
02-20 15:33:36.059 19930 23952 D StrictMode: 	at com.android.okhttp.internal.huc.HttpURLConnectionImpl.getResponse(HttpURLConnectionImpl.java:411)
02-20 15:33:36.059 19930 23952 D StrictMode: 	at com.android.okhttp.internal.huc.HttpURLConnectionImpl.getResponseCode(HttpURLConnectionImpl.java:542)
02-20 15:33:36.059 19930 23952 D StrictMode: 	at com.android.okhttp.internal.huc.DelegatingHttpsURLConnection.getResponseCode(DelegatingHttpsURLConnection.java:106)
02-20 15:33:36.059 19930 23952 D StrictMode: 	at com.android.okhttp.internal.huc.HttpsURLConnectionImpl.getResponseCode(HttpsURLConnectionImpl.java:30)
02-20 15:33:36.059 19930 23952 D StrictMode: 	at js.c.invokeSuspend(SourceFile:109)
02-20 15:33:36.059 19930 23952 D StrictMode: 	at js.c.invoke(SourceFile:13)
02-20 15:33:36.059 19930 23952 D StrictMode: 	at w03.baz.a(SourceFile:5)
02-20 15:33:36.059 19930 23952 D StrictMode: 	at p03.f.f(Unknown Source:74)
02-20 15:33:36.059 19930 23952 D StrictMode: 	at js.d.a(SourceFile:13)
02-20 15:33:36.059 19930 23952 D StrictMode: 	at js.b.b(SourceFile:345)
02-20 15:33:36.059 19930 23952 D StrictMode: 	at js.b$bar.invokeSuspend(SourceFile:12)
02-20 15:33:36.059 19930 23952 D StrictMode: 	at pz2.bar.resumeWith(SourceFile:14)
02-20 15:33:36.059 19930 23952 D StrictMode: 	at p03.v0.run(SourceFile:121)
02-20 15:33:36.059 19930 23952 D StrictMode: 	at java.util.concurrent.ThreadPoolExecutor.runWorker(ThreadPoolExecutor.java:1154)
02-20 15:33:36.059 19930 23952 D StrictMode: 	at java.util.concurrent.ThreadPoolExecutor$Worker.run(ThreadPoolExecutor.java:652)
02-20 15:33:36.059 19930 23952 D StrictMode: 	at ar.bar.run(SourceFile:17)
02-20 15:33:36.059 19930 23952 D StrictMode: 	at java.lang.Thread.run(Thread.java:1563)
02-20 15:33:36.060 19930 23952 D StrictMode: StrictMode policy violation: android.os.strictmode.NetworkViolation
02-20 15:33:36.060 19930 23952 D StrictMode: 	at android.os.StrictMode$AndroidBlockGuardPolicy.onNetwork(StrictMode.java:1672)
02-20 15:33:36.060 19930 23952 D StrictMode: 	at libcore.io.BlockGuardOs.connect(BlockGuardOs.java:157)
02-20 15:33:36.060 19930 23952 D StrictMode: 	at libcore.io.ForwardingOs.connect(ForwardingOs.java:202)
02-20 15:33:36.060 19930 23952 D StrictMode: 	at libcore.io.IoBridge.connectErrno(IoBridge.java:201)
02-20 15:33:36.060 19930 23952 D StrictMode: 	at libcore.io.IoBridge.connect(IoBridge.java:179)
02-20 15:33:36.060 19930 23952 D StrictMode: 	at java.net.PlainSocketImpl.socketConnect(PlainSocketImpl.java:142)
02-20 15:33:36.060 19930 23952 D StrictMode: 	at java.net.AbstractPlainSocketImpl.doConnect(AbstractPlainSocketImpl.java:390)
02-20 15:33:36.060 19930 23952 D StrictMode: 	at java.net.AbstractPlainSocketImpl.connectToAddress(AbstractPlainSocketImpl.java:230)
02-20 15:33:36.060 19930 23952 D StrictMode: 	at java.net.AbstractPlainSocketImpl.connect(AbstractPlainSocketImpl.java:212)
02-20 15:33:36.060 19930 23952 D StrictMode: 	at java.net.SocksSocketImpl.connect(SocksSocketImpl.java:436)
02-20 15:33:36.060 19930 23952 D StrictMode: 	at java.net.Socket.connect(Socket.java:646)
02-20 15:33:36.060 19930 23952 D StrictMode: 	at com.android.okhttp.internal.Platform.connectSocket(Platform.java:182)
02-20 15:33:36.060 19930 23952 D StrictMode: 	at com.android.okhttp.internal.io.RealConnection.connectSocket(RealConnection.java:145)
02-20 15:33:36.060 19930 23952 D StrictMode: 	at com.android.okhttp.internal.io.RealConnection.connect(RealConnection.java:116)
02-20 15:33:36.060 19930 23952 D StrictMode: 	at com.android.okhttp.internal.http.StreamAllocation.findConnection(StreamAllocation.java:186)
02-20 15:33:36.060 19930 23952 D StrictMode: 	at com.android.okhttp.internal.http.StreamAllocation.findHealthyConnection(StreamAllocation.java:128)
02-20 15:33:36.060 19930 23952 D StrictMode: 	at com.android.okhttp.internal.http.StreamAllocation.newStream(StreamAllocation.java:97)
02-20 15:33:36.060 19930 23952 D StrictMode: 	at com.android.okhttp.internal.http.HttpEngine.connect(HttpEngine.java:289)
02-20 15:33:36.060 19930 23952 D StrictMode: 	at com.android.okhttp.internal.http.HttpEngine.sendRequest(HttpEngine.java:232)
02-20 15:33:36.060 19930 23952 D StrictMode: 	at com.android.okhttp.internal.huc.HttpURLConnectionImpl.execute(HttpURLConnectionImpl.java:465)
02-20 15:33:36.060 19930 23952 D StrictMode: 	at com.android.okhttp.internal.huc.HttpURLConnectionImpl.getResponse(HttpURLConnectionImpl.java:411)
02-20 15:33:36.060 19930 23952 D StrictMode: 	at com.android.okhttp.internal.huc.HttpURLConnectionImpl.getResponseCode(HttpURLConnectionImpl.java:542)
02-20 15:33:36.060 19930 23952 D StrictMode: 	at com.android.okhttp.internal.huc.DelegatingHttpsURLConnection.getResponseCode(DelegatingHttpsURLConnection.java:106)
02-20 15:33:36.060 19930 23952 D StrictMode: 	at com.android.okhttp.internal.huc.HttpsURLConnectionImpl.getResponseCode(HttpsURLConnectionImpl.java:30)
02-20 15:33:36.060 19930 23952 D StrictMode: 	at js.c.invokeSuspend(SourceFile:109)
02-20 15:33:36.060 19930 23952 D StrictMode: 	at js.c.invoke(SourceFile:13)
02-20 15:33:36.060 19930 23952 D StrictMode: 	at w03.baz.a(SourceFile:5)
02-20 15:33:36.060 19930 23952 D StrictMode: 	at p03.f.f(Unknown Source:74)
02-20 15:33:36.060 19930 23952 D StrictMode: 	at js.d.a(SourceFile:13)
02-20 15:33:36.060 19930 23952 D StrictMode: 	at js.b.b(SourceFile:345)
02-20 15:33:36.060 19930 23952 D StrictMode: 	at js.b$bar.invokeSuspend(SourceFile:12)
02-20 15:33:36.060 19930 23952 D StrictMode: 	at pz2.bar.resumeWith(SourceFile:14)
02-20 15:33:36.060 19930 23952 D StrictMode: 	at p03.v0.run(SourceFile:121)
02-20 15:33:36.060 19930 23952 D StrictMode: 	at java.util.concurrent.ThreadPoolExecutor.runWorker(ThreadPoolExecutor.java:1154)
02-20 15:33:36.060 19930 23952 D StrictMode: 	at java.util.concurrent.ThreadPoolExecutor$Worker.run(ThreadPoolExecutor.java:652)
02-20 15:33:36.060 19930 23952 D StrictMode: 	at ar.bar.run(SourceFile:17)
02-20 15:33:36.060 19930 23952 D StrictMode: 	at java.lang.Thread.run(Thread.java:1563)
02-20 15:33:36.062  1858  2774 I mtkpower_client: perf_lock_acq, hdl:1165974, dur:3000, num:2, tid:2774
02-20 15:33:36.062  1858  2774 I mtkpower_client: ret_hdl:1165975
02-20 15:33:36.062  1120  1173 I libPowerHal: [fpsgo_ctrl_render_thread] -2474, 0xb4000076bd1ebe00
02-20 15:33:36.063  1858  2774 I mtkpower_client: perf_lock_rel, hdl:1165975, tid:2774
02-20 15:33:36.063  1120  1173 I libPowerHal: [fpsgo_ctrl_render_thread] -2474, 0xb4000076bd1ebe00
02-20 15:33:36.063  1120  1173 I libPowerHal: [PD] system_server update ONESHOT cmd:2000300 param:-2474
02-20 15:33:36.063 11724 11912 I CronetEngineBuilderFact: Found Cronet providers: Google-Play-Services-Cronet-Provider, App-Packaged-Cronet-Provider, Fallback-Cronet-Provider [CONTEXT x_message_id=3424117378899735696 work_id="a5dde0ee-a278-4547-8f1c-2fc327d3da15" pipeline_type="SmsReceivePipeline" ]
02-20 15:33:36.066 11724 11799 I TelephonyChangeBugleDbU: Updated telephony uri in message
02-20 15:33:36.072  1205  1205 I FPSGO   : fpsgo_boost_sched_idle_prefer:0
02-20 15:33:36.072 11724 23957 I BugleConnectivity: isOnSatellite(1): false [CONTEXT x_message_id=3424117378899735696 work_id="a5dde0ee-a278-4547-8f1c-2fc327d3da15" pipeline_type="SmsReceivePipeline" ratelimit_period="1 SECONDS" skipped=1 ]
02-20 15:33:36.072  1205  1205 I mtkpower_client: perf_lock_rel, hdl:1165960, tid:1205
02-20 15:33:36.072  1205  1205 I FPSGO   : perfLockRel hdl:1165960
02-20 15:33:36.072  1205  1205 I FPSGO   : fpsgo_boost_sched_rate_ns:-1
02-20 15:33:36.072  1205  1205 I mtkpower_client: perf_lock_rel, hdl:1165961, tid:1205
02-20 15:33:36.073  1120  1173 I libPowerHal: [PD] fpsgo update cmd:1404500 param:0
02-20 15:33:36.073 11724 23957 I BugleConnectivity: 1 is not on satellite and no other subscriptions are on satellite [CONTEXT x_message_id=3424117378899735696 work_id="a5dde0ee-a278-4547-8f1c-2fc327d3da15" pipeline_type="SmsReceivePipeline" ratelimit_period="1 SECONDS" skipped=1 ]
02-20 15:33:36.073  1205  1205 I FPSGO   : perfLockRel hdl:1165961
02-20 15:33:36.073  1120  1173 I libPowerHal: [PD] fpsgo update cmd:1438300, param:1000
02-20 15:33:36.073  1120  1173 I libPowerHal: [PD] fpsgo update cmd:1438400, param:1000
02-20 15:33:36.074  1120  1173 I libPowerHal: [PD] fpsgo update cmd:1438600 param:1000
02-20 15:33:36.074  1120  1173 I libPowerHal: [PD] fpsgo update cmd:1438700 param:1000
02-20 15:33:36.075 11724 11799 I Bugle   : MessageStatusChangedIntentSender: Sending message status changed intent for message: URI:{redacted-pii[18-chars]} , status: INCOMING_COMPLETE
02-20 15:33:36.075 11724 11912 D HttpFlagsLoader: Found application exporting HTTP flags: com.google.android.gms
02-20 15:33:36.075 11724 11912 D HttpFlagsLoader: HTTP flags file path: /data/user_de/0/com.google.android.gms/app_httpflags/flags.binarypb
02-20 15:33:36.077 11724 11813 I BuglePipeline: Finished pipeline execution. Result: SUCCESS [CONTEXT x_message_id=3424117378899735696 work_id="a5dde0ee-a278-4547-8f1c-2fc327d3da15" pipeline_type="SmsReceivePipeline" ]
02-20 15:33:36.080 11724 11912 I HttpFlagsLoader: HTTP flags log line (Impl): Using live production flag values from Google
02-20 15:33:36.082 11724 11912 I CronetEngineBuilderFact: Selected Cronet provider is App-Packaged-Cronet-Provider, version 145.0.7582.0 [CONTEXT x_message_id=3424117378899735696 work_id="a5dde0ee-a278-4547-8f1c-2fc327d3da15" pipeline_type="SmsReceivePipeline" ]
02-20 15:33:36.085 11724 23957 I BugleBackup: Registering preference change listener for "buglesub_1". [CONTEXT x_message_id=3424117378899735696 work_id="a5dde0ee-a278-4547-8f1c-2fc327d3da15" pipeline_type="SmsReceivePipeline" ]
02-20 15:33:36.090 11724 11813 I BuglePipeline: Finished pipeline work handler. WorkQueueResult: WorkQueueResult{completed=true, retryable=false, newRequests=null, error=null, skipped=false, extras=null}  [CONTEXT x_message_id=3424117378899735696 work_id="a5dde0ee-a278-4547-8f1c-2fc327d3da15" pipeline_type="SmsReceivePipeline" ]
02-20 15:33:36.095  1858  2774 W system_server: Large reply transaction of 314900 bytes, interface descriptor android.content.pm.IPackageManager, code 3
02-20 15:33:36.096 11724 23954 I WM-WorkerWrapper: Worker result SUCCESS for Work [ id=4dfd165c-5e71-4a69-b6e3-d902b304a68f, tags={ com.google.android.apps.messaging.shared.datamodel.workqueue.WorkQueueWorkerShim,CONVERSATION_NOTIFICATION-194 } ]
02-20 15:33:36.098 11724 11724 D WM-Processor: sew 4dfd165c-5e71-4a69-b6e3-d902b304a68f executed; reschedule = false
02-20 15:33:36.099 11724 23961 I WM-WorkerWrapper: Worker result SUCCESS for Work [ id=4ccddcc6-c8cf-4eae-9e6b-51797c4629cd, tags={ com.google.android.apps.messaging.shared.datamodel.workqueue.WorkQueueWorkerShim,pipeline_work_handler-474740055 } ]
02-20 15:33:36.100 11724 11724 D WM-Processor: sew 4ccddcc6-c8cf-4eae-9e6b-51797c4629cd executed; reschedule = false
02-20 15:33:36.103 11724 23961 D WM-GreedyScheduler: Cancelling work ID 4dfd165c-5e71-4a69-b6e3-d902b304a68f
02-20 15:33:36.105 11724 24011 D nativeloader: Load libtextclassifier3_jni_agsa.so using class loader ns clns-5 (caller=/data/app/~~w_7EchnUYzhMB2A2mGS-6g==/com.google.android.apps.messaging-0unaPFpFw3Qkm5t1nvzV6w==/base.apk!classes5.dex): dlopen failed: library "libtextclassifier3_jni_agsa.so" not found
02-20 15:33:36.119 11724 24011 D nativeloader: Load libtextclassifier3_jni_aiai.so using class loader ns clns-5 (caller=/data/app/~~w_7EchnUYzhMB2A2mGS-6g==/com.google.android.apps.messaging-0unaPFpFw3Qkm5t1nvzV6w==/base.apk!classes5.dex): dlopen failed: library "libtextclassifier3_jni_aiai.so" not found
02-20 15:33:36.124  1858  4446 D ConnectivityService: requestNetwork for uid/pid:10175/11724 activeRequest: null callbackRequest: 57169 [NetworkRequest [ REQUEST id=57170, [ Capabilities: INTERNET&NOT_RESTRICTED&TRUSTED&NOT_VCN_MANAGED Uid: 10175 RequestorUid: 10175 RequestorPkg: com.google.android.apps.messaging UnderlyingNetworks: Null] ]] callback flags: 0 order: 2147483647 isUidTracked: false declaredMethods: AVAIL|LOST|NC|LP
02-20 15:33:36.127 11724 23961 D WM-GreedyScheduler: Ignoring {WorkSpec: 9cdc645e-5c7c-4cdd-a5aa-b3082475b538}. Requires ContentUri triggers.
02-20 15:33:36.127 11724 23961 D WM-GreedyScheduler: Ignoring {WorkSpec: c4ec2dd0-1b9f-43c0-82f7-1b94972a9bff}. Requires device idle.
02-20 15:33:36.128  1858  2113 D WifiNetworkFactory: got request NetworkRequest [ REQUEST id=57170, [ Capabilities: INTERNET&NOT_RESTRICTED&TRUSTED&NOT_VCN_MANAGED Uid: 10175 RequestorUid: 10175 RequestorPkg: com.google.android.apps.messaging UnderlyingNetworks: Null] ]
02-20 15:33:36.128 11724 23961 D WM-GreedyScheduler: Ignoring {WorkSpec: 21c3ef49-9913-4d60-89aa-25e90f8c767f}. Requires device idle.
02-20 15:33:36.128  1858  2113 D UntrustedWifiNetworkFactory: got request NetworkRequest [ REQUEST id=57170, [ Capabilities: INTERNET&NOT_RESTRICTED&TRUSTED&NOT_VCN_MANAGED Uid: 10175 RequestorUid: 10175 RequestorPkg: com.google.android.apps.messaging UnderlyingNetworks: Null] ]
02-20 15:33:36.128 11724 23961 D WM-GreedyScheduler: Ignoring {WorkSpec: d7e4d1e9-8b75-4937-adeb-dbbc4b127982}. Requires ContentUri triggers.
02-20 15:33:36.128  1858  2113 D OemPaidWifiNetworkFactory: got request NetworkRequest [ REQUEST id=57170, [ Capabilities: INTERNET&NOT_RESTRICTED&TRUSTED&NOT_VCN_MANAGED Uid: 10175 RequestorUid: 10175 RequestorPkg: com.google.android.apps.messaging UnderlyingNetworks: Null] ]
02-20 15:33:36.128  1858  2113 D MultiInternetWifiNetworkFactory: got request NetworkRequest [ REQUEST id=57170, [ Capabilities: INTERNET&NOT_RESTRICTED&TRUSTED&NOT_VCN_MANAGED Uid: 10175 RequestorUid: 10175 RequestorPkg: com.google.android.apps.messaging UnderlyingNetworks: Null] ]
02-20 15:33:36.129  1858  2122 D ConnectivityService: NetReassign [57170 : null ÔåÆ 499] [c 0] [a 0] [i 4]
02-20 15:33:36.131 11724 23954 D WM-GreedyScheduler: Cancelling work ID 4ccddcc6-c8cf-4eae-9e6b-51797c4629cd
02-20 15:33:36.136 11724 23954 D WM-GreedyScheduler: Ignoring {WorkSpec: 9cdc645e-5c7c-4cdd-a5aa-b3082475b538}. Requires ContentUri triggers.
02-20 15:33:36.136 11724 23954 D WM-GreedyScheduler: Ignoring {WorkSpec: c4ec2dd0-1b9f-43c0-82f7-1b94972a9bff}. Requires device idle.
02-20 15:33:36.136 11724 23954 D WM-GreedyScheduler: Ignoring {WorkSpec: 21c3ef49-9913-4d60-89aa-25e90f8c767f}. Requires device idle.
02-20 15:33:36.136 11724 23954 D WM-GreedyScheduler: Ignoring {WorkSpec: d7e4d1e9-8b75-4937-adeb-dbbc4b127982}. Requires ContentUri triggers.
02-20 15:33:36.139  1858  4446 D CompatibilityChangeReporter: Compat change id reported: 319212206; UID 10175; state: ENABLED
02-20 15:33:36.140 11724 11782 I DefaultForegroundServic: BuildCompat.isAtLeastU()=false, isTargetSdkAtLeastU()=true [CONTEXT x_message_id=3424117378899735696 work_id="a5dde0ee-a278-4547-8f1c-2fc327d3da15" pipeline_type="SmsReceivePipeline" ]
02-20 15:33:36.142  1858  2122 D ConnectivityService: NetReassign [no changes] [c 0] [a 0] [i 3]
02-20 15:33:36.142 11724 24011 D nativeloader: Load libtextclassifier3_jni_aosp.so using class loader ns clns-5 (caller=/data/app/~~w_7EchnUYzhMB2A2mGS-6g==/com.google.android.apps.messaging-0unaPFpFw3Qkm5t1nvzV6w==/base.apk!classes5.dex): dlopen failed: library "libtextclassifier3_jni_aosp.so" not found
02-20 15:33:36.144  1858  4444 I ActivityManager: Background started FGS: Allowed [callingPackage: com.google.android.apps.messaging; callingUid: 10175; uidState: BFGS; intent: Intent { cmp=com.google.android.apps.messaging/com.google.apps.tiktok.concurrent.InternalForegroundService (has extras) }; code:PROC_STATE_BFGS; tempAllowListReason:<broadcast:1001:android.provider.Telephony.SMS_RECEIVED,reason:,reasonCode:EVENT_SMS,duration:20000,callingUid:1001>; targetSdkVersion:36; callerTargetSdkVersion:36; startForegroundCount:0; bindFromPackage:null]
02-20 15:33:36.145  1858  1884 I WindowManager: DisplayContent w: Window{e3c4c0c u0 NavigationBar0} Apply preferredModeId = 3
02-20 15:33:36.151 19930 24021 W System.err: SLF4J(W): No SLF4J providers were found.
02-20 15:33:36.151 19930 24021 W System.err: SLF4J(W): Defaulting to no-operation (NOP) logger implementation
