02-20 15:33:38.452  1858  2016 D os.notification.SuspendJobManager: create job  com.transsion.util.SuspendJobManager$JobInfo@fcec360 key:NotificationRecord(0x06c3db63: pkg=com.truecaller user=UserHandle{0} id=2131364856 tag=null importance=2 key=0|com.truecaller|2131364856|null|10243: Notification(channel=miscellaneous_channel shortcut=null contentView=null vibrate=null sound=null defaults=0x0 flags=0x10 color=0xff0091ea actions=1 vis=PRIVATE)) data:com.android.server.notification.NotificationManagerService$$ExternalSyntheticLambda7@6d0a019 sn:-1 owner:{}
02-20 15:33:38.453  3693 12390 D os.notification: onNotifyNotification StatusBarNotification:StatusBarNotification(pkg=com.truecaller user=UserHandle{0} id=2131364856 tag=null key=0|com.truecaller|2131364856|null|10243: Notification(channel=null shortcut=null contentView=null vibrate=null sound=null defaults=0x0 flags=0x10 color=0xff0091ea actions=1 vis=PRIVATE)) callingUid:10243 NotificationChannel:NotificationChannel{mId='miscellaneous_channel', mName=Divers, mDescription=hasDescription , mImportance=2, mBypassDnd=false, mLockscreenVisibility=-1000, mSound=content://settings/system/notification_sound, mLights=true, mLightColor=-16739862, mVibration=null, mUserLockedFields=0, mFgServiceShown=false, mVibrationEnabled=false, mShowBadge=true, mDeleted=false, mDeletedTimeMs=-1, mGroup='null', mAudioAttributes=AudioAttributes: usage=USAGE_NOTIFICATION content=CONTENT_TYPE_SONIFICATION flags=0x800 tags= bundle=null, mBlockableSystem=false, mAllowBubbles=-1, mImportanceLockedDefaultApp=false, mOriginalImp=2, mParent=null, mConversationId=null, mDemoted=false, mImportantConvo=false} receipt:com.transsion.app.IEnqueueNotificationReceipt$Stub$Proxy@b777c67 sn:124320
02-20 15:33:38.453  3693 12390 D os_noti_center_rule: setNotiRule: chCursor = android.database.sqlite.SQLiteCursor@8718a14, count --= 0, pkgAndCh = com.truecaller##miscellaneous_channel, cloum = 3
02-20 15:33:38.453  3693 12390 D os.notification: handleNotifyNotification notification:Notification(channel=null shortcut=null contentView=null vibrate=null sound=null defaults=0x0 flags=0x10 color=0xff0091ea actions=1 vis=PRIVATE)
02-20 15:33:38.454  1858  2016 D os.notification.pre:  add Runnable 66189534 with StatusBarNotification 111941010 current size 1
02-20 15:33:38.454  1858  2016 D os.notification.SuspendJobManager: done  com.transsion.util.SuspendJobManager$JobInfo@fcec360 key:NotificationRecord(0x06c3db63: pkg=com.truecaller user=UserHandle{0} id=2131364856 tag=null importance=2 key=0|com.truecaller|2131364856|null|10243: Notification(channel=miscellaneous_channel shortcut=null contentView=null vibrate=null sound=null defaults=0x0 flags=0x10 color=0xff0091ea actions=1 vis=PRIVATE)) data:com.android.server.notification.NotificationManagerService$$ExternalSyntheticLambda7@6d0a019 sn:124320 owner:{3693} for  app-3693-request
02-20 15:33:38.454  1858  2016 D os.notification: onEnqueueNotificationInternal notifyAll
02-20 15:33:38.454  1858  2765 D os.notification: onEnqueueNotificationInternal wait after
02-20 15:33:38.454  1858  2765 D os.notification: onEnqueueNotificationInternal StatusBarNotification:StatusBarNotification(pkg=com.truecaller user=UserHandle{0} id=2131364856 tag=null key=0|com.truecaller|2131364856|null|10243: Notification(channel=miscellaneous_channel shortcut=null contentView=null vibrate=null sound=null defaults=0x0 flags=0x10 color=0xff0091ea actions=1 vis=PRIVATE)) callingUid:10243 sn:124320 res:true
02-20 15:33:38.455  1858  1858 D os.notification.pre:  remove Runnable 66189534 with StatusBarNotification 111941010 for puppet run current size 0
02-20 15:33:38.466 19930 24104 W SQLiteLog: (28) double-quoted string literal: "OTP"
02-20 15:33:38.473 19930 24052 W SQLiteLog: (28) double-quoted string literal: ""
02-20 15:33:38.474 19930 24052 W SQLiteLog: (28) double-quoted string literal: ""
02-20 15:33:38.474 19930 24052 W SQLiteLog: (28) double-quoted string literal: ""
02-20 15:33:38.474 19930 24052 W SQLiteLog: (28) double-quoted string literal: ""
02-20 15:33:38.474 19930 24052 W SQLiteLog: (28) double-quoted string literal: ""
02-20 15:33:38.474 19930 24052 W SQLiteLog: (28) double-quoted string literal: ""
02-20 15:33:38.474 19930 24052 W SQLiteLog: (28) double-quoted string literal: ""
02-20 15:33:38.474 19930 24052 W SQLiteLog: (28) double-quoted string literal: ""
02-20 15:33:38.474 19930 24052 W SQLiteLog: (28) double-quoted string literal: ""
02-20 15:33:38.474 19930 24052 W SQLiteLog: (28) double-quoted string literal: ""
02-20 15:33:38.474 19930 24052 W SQLiteLog: (28) double-quoted string literal: ""
02-20 15:33:38.474 19930 24052 W SQLiteLog: (28) double-quoted string literal: ""
02-20 15:33:38.474 19930 24052 W SQLiteLog: (28) double-quoted string literal: ""
02-20 15:33:38.474 19930 24052 W SQLiteLog: (28) double-quoted string literal: ""
02-20 15:33:38.474 19930 24052 W SQLiteLog: (28) double-quoted string literal: ""
02-20 15:33:38.474 19930 24052 W SQLiteLog: (28) double-quoted string literal: ""
02-20 15:33:38.482 19930 24052 W SQLiteLog: (28) double-quoted string literal: ""
02-20 15:33:38.482 19930 24052 W SQLiteLog: (28) double-quoted string literal: ""
02-20 15:33:38.482 19930 24052 W SQLiteLog: (28) double-quoted string literal: ""
02-20 15:33:38.482 19930 24052 W SQLiteLog: (28) double-quoted string literal: ""
02-20 15:33:38.482 19930 24052 W SQLiteLog: (28) double-quoted string literal: ""
02-20 15:33:38.482 19930 24052 W SQLiteLog: (28) double-quoted string literal: ""
02-20 15:33:38.482 19930 24052 W SQLiteLog: (28) double-quoted string literal: ""
02-20 15:33:38.482 19930 24052 W SQLiteLog: (28) double-quoted string literal: ""
02-20 15:33:38.482 19930 24052 W SQLiteLog: (28) double-quoted string literal: ""
02-20 15:33:38.482 19930 24052 W SQLiteLog: (28) double-quoted string literal: ""
02-20 15:33:38.482 19930 24052 W SQLiteLog: (28) double-quoted string literal: ""
02-20 15:33:38.483 19930 24052 W SQLiteLog: (28) double-quoted string literal: ""
02-20 15:33:38.483 19930 24052 W SQLiteLog: (28) double-quoted string literal: ""
02-20 15:33:38.483 19930 24052 W SQLiteLog: (28) double-quoted string literal: ""
02-20 15:33:38.483 19930 24052 W SQLiteLog: (28) double-quoted string literal: ""
02-20 15:33:38.483 19930 24052 W SQLiteLog: (28) double-quoted string literal: ""
02-20 15:33:38.499  2625  2641 W TelephonyPermissions: reportAccessDeniedToReadIdentifiers:com.truecaller:getActiveSubscriptionInfo:1
02-20 15:33:38.507  2625  2641 W TelephonyPermissions: reportAccessDeniedToReadIdentifiers:com.truecaller:getActiveSubscriptionInfo:1
02-20 15:33:38.514  2625  2641 W TelephonyPermissions: reportAccessDeniedToReadIdentifiers:com.truecaller:getActiveSubscriptionInfo:1
02-20 15:33:38.514  1120  1173 I mtkpower@impl: [powerd_req] TIMER_MSG_PERF_LOCK_TIMEOUT hdl:1165984
02-20 15:33:38.516  1120  1173 I libPowerHal: [setClusterFreq] MTKPOWER_HINT_EXT_LAUNCH: sysfs_freq set cpu freq: -1 -1 -1 -1 
02-20 15:33:38.516  1120  1173 I libPowerHal: [PD] MTKPOWER_HINT_EXT_LAUNCH update cmd:2020000 param:0
02-20 15:33:38.517  1120  1173 I libPowerHal: [PD] MTKPOWER_HINT_EXT_LAUNCH update cmd:1408300 param:0
02-20 15:33:38.518  2625  2641 W TelephonyPermissions: reportAccessDeniedToReadIdentifiers:com.truecaller:getActiveSubscriptionInfo:1
02-20 15:33:38.518  1120  1173 I libPowerHal: [PD] MTKPOWER_HINT_EXT_LAUNCH update cmd:2054400, param:1
02-20 15:33:38.520  1120  1173 I libPowerHal: [PD] MTKPOWER_HINT_EXT_LAUNCH update cmd:1000000 param:-1
02-20 15:33:38.522  2625  2641 W TelephonyPermissions: reportAccessDeniedToReadIdentifiers:com.truecaller:getActiveSubscriptionInfo:1
02-20 15:33:38.526  2625  2641 W TelephonyPermissions: reportAccessDeniedToReadIdentifiers:com.truecaller:getActiveSubscriptionInfo:1
02-20 15:33:38.529  1120  1173 I mtkpower@impl: [powerd_req] TIMER_MSG_PERF_LOCK_TIMEOUT hdl:1165962
02-20 15:33:38.530  2625  2641 W TelephonyPermissions: reportAccessDeniedToReadIdentifiers:com.truecaller:getActiveSubscriptionInfo:1
02-20 15:33:38.534  2625  2641 W TelephonyPermissions: reportAccessDeniedToReadIdentifiers:com.truecaller:getActiveSubscriptionInfo:1
02-20 15:33:38.539  2625  2641 W TelephonyPermissions: reportAccessDeniedToReadIdentifiers:com.truecaller:getActiveSubscriptionInfo:1
02-20 15:33:38.543  2625  2641 W TelephonyPermissions: reportAccessDeniedToReadIdentifiers:com.truecaller:getActiveSubscriptionInfo:1
02-20 15:33:38.543  1858  2447 V os.NotificationManagerServiceLice: new tranImportance=13,muteTime=9223372036854775807
02-20 15:33:38.543  1858  2447 V os.NotificationManagerServiceLice: current time=1771598018543
02-20 15:33:38.544 16826 16890 I cn_CronetUrlRequestContext: destroyNativeStreamLocked android.net.connectivity.org.chromium.net.impl.CronetBidirectionalStream@1fcedd1
02-20 15:33:38.545  1858  2447 D os.notification.pre:  add StatusBarNotification 122429177 current size 1
02-20 15:33:38.546  1858  2447 D os.notification: onEnqueueNotificationInternal wait before
02-20 15:33:38.547  1858  2016 D os.notification.SuspendJobManager: create job  com.transsion.util.SuspendJobManager$JobInfo@848949f key:NotificationRecord(0x0a6f3e3e: pkg=com.truecaller user=UserHandle{0} id=2131364622 tag=null importance=2 key=0|com.truecaller|2131364622|null|10243: Notification(channel=inbox_cleanup shortcut=null contentView=null vibrate=null sound=null defaults=0x4 flags=0x11 color=0xff0091ea groupKey=silent vis=PRIVATE)) data:com.android.server.notification.NotificationManagerService$$ExternalSyntheticLambda7@629e9ec sn:-1 owner:{}
02-20 15:33:38.548  3693 12390 D os.notification: onNotifyNotification StatusBarNotification:StatusBarNotification(pkg=com.truecaller user=UserHandle{0} id=2131364622 tag=null key=0|com.truecaller|2131364622|null|10243: Notification(channel=null shortcut=null contentView=null vibrate=null sound=null defaults=0x4 flags=0x11 color=0xff0091ea vis=PRIVATE)) callingUid:10243 NotificationChannel:NotificationChannel{mId='inbox_cleanup', mName=Nettoyer la bo├«te de r├®ception, mDescription=hasDescription , mImportance=2, mBypassDnd=false, mLockscreenVisibility=-1000, mSound=android.resource://com.truecaller/raw/tc_message_tone, mLights=true, mLightColor=-16739862, mVibration=null, mUserLockedFields=0, mFgServiceShown=false, mVibrationEnabled=true, mShowBadge=true, mDeleted=false, mDeletedTimeMs=-1, mGroup='null', mAudioAttributes=AudioAttributes: usage=USAGE_NOTIFICATION content=CONTENT_TYPE_SONIFICATION flags=0x800 tags= bundle=null, mBlockableSystem=false, mAllowBubbles=-1, mImportanceLockedDefaultApp=false, mOriginalImp=2, mParent=null, mConversationId=null, mDemoted=false, mImportantConvo=false} receipt:com.transsion.app.IEnqueueNotificationReceipt$Stub$Proxy@25c0b2 sn:124321
02-20 15:33:38.548  3693 12390 D os_noti_center_rule: setNotiRule: chCursor = android.database.sqlite.SQLiteCursor@c757803, count --= 0, pkgAndCh = com.truecaller##inbox_cleanup, cloum = 3
02-20 15:33:38.549  3693 12390 D os.notification: handleNotifyNotification notification:Notification(channel=null shortcut=null contentView=null vibrate=null sound=null defaults=0x4 flags=0x11 color=0xff0091ea vis=PRIVATE)
02-20 15:33:38.550  1858  2016 D os.notification.pre:  add Runnable 229028277 with StatusBarNotification 122429177 current size 1
02-20 15:33:38.550  1858  2016 D os.notification.SuspendJobManager: done  com.transsion.util.SuspendJobManager$JobInfo@848949f key:NotificationRecord(0x0a6f3e3e: pkg=com.truecaller user=UserHandle{0} id=2131364622 tag=null importance=2 key=0|com.truecaller|2131364622|null|10243: Notification(channel=inbox_cleanup shortcut=null contentView=null vibrate=null sound=null defaults=0x4 flags=0x11 color=0xff0091ea groupKey=silent vis=PRIVATE)) data:com.android.server.notification.NotificationManagerService$$ExternalSyntheticLambda7@629e9ec sn:124321 owner:{3693} for  app-3693-request
02-20 15:33:38.551  1858  2016 D os.notification: onEnqueueNotificationInternal notifyAll
02-20 15:33:38.551  1858  2447 D os.notification: onEnqueueNotificationInternal wait after
02-20 15:33:38.551  1858  2447 D os.notification: onEnqueueNotificationInternal StatusBarNotification:StatusBarNotification(pkg=com.truecaller user=UserHandle{0} id=2131364622 tag=null key=0|com.truecaller|2131364622|null|10243: Notification(channel=inbox_cleanup shortcut=null contentView=null vibrate=null sound=null defaults=0x4 flags=0x11 color=0xff0091ea groupKey=silent vis=PRIVATE)) callingUid:10243 sn:124321 res:true
02-20 15:33:38.551  1858  1858 D os.notification.pre:  remove Runnable 229028277 with StatusBarNotification 122429177 for puppet run current size 0
02-20 15:33:38.554  2625  3296 W TelephonyPermissions: reportAccessDeniedToReadIdentifiers:com.truecaller:getImeiForSlot:1
02-20 15:33:38.559  2625  2641 W TelephonyPermissions: reportAccessDeniedToReadIdentifiers:com.truecaller:getActiveSubscriptionInfo:1
02-20 15:33:38.561  2625  3296 W TelephonyPermissions: reportAccessDeniedToReadIdentifiers:com.truecaller:getSubscriberIdForSubscriber:1
02-20 15:33:38.562 16826 16869 D Volley  : [107877] azlb.run: Could not delete cache entry for key=[mDQ1_azvCYYHe1B0N9LefvZWqT1dSR0hQbCTuR2kKAQ], filename=OkzKw6BiWmj6IWxPfIAJZiD85es
02-20 15:33:38.563  2625  2641 W TelephonyPermissions: reportAccessDeniedToReadIdentifiers:com.truecaller:getActiveSubscriptionInfo:1
02-20 15:33:38.568  2625  2641 W TelephonyPermissions: reportAccessDeniedToReadIdentifiers:com.truecaller:getActiveSubscriptionInfo:1
02-20 15:33:38.574  2625  2641 W TelephonyPermissions: reportAccessDeniedToReadIdentifiers:com.truecaller:getActiveSubscriptionInfo:1
02-20 15:33:38.577  2625  3296 W TelephonyPermissions: reportAccessDeniedToReadIdentifiers:com.truecaller:getImeiForSlot:2
02-20 15:33:38.579  2625  2641 W TelephonyPermissions: reportAccessDeniedToReadIdentifiers:com.truecaller:getActiveSubscriptionInfo:1
02-20 15:33:38.579  2625  2778 W TelephonyPermissions: reportAccessDeniedToReadIdentifiers:com.truecaller:getSubscriberIdForSubscriber:2
02-20 15:33:38.584  2625  2641 W TelephonyPermissions: reportAccessDeniedToReadIdentifiers:com.truecaller:getActiveSubscriptionInfo:1
02-20 15:33:38.587  2625  2641 W TelephonyPermissions: reportAccessDeniedToReadIdentifiers:com.truecaller:getActiveSubscriptionInfo:1
02-20 15:33:38.591  2625  2641 W TelephonyPermissions: reportAccessDeniedToReadIdentifiers:com.truecaller:getActiveSubscriptionInfo:1
02-20 15:33:38.594 11724 24047 I cn_CronetUrlRequestContext: destroyNativeStreamLocked org.chromium.net.impl.CronetBidirectionalStream@5de452d
02-20 15:33:38.595  2625  2641 W TelephonyPermissions: reportAccessDeniedToReadIdentifiers:com.truecaller:getActiveSubscriptionInfo:1
02-20 15:33:38.598  2625  2641 W TelephonyPermissions: reportAccessDeniedToReadIdentifiers:com.truecaller:getActiveSubscriptionInfo:1
02-20 15:33:38.602  2625  2641 W TelephonyPermissions: reportAccessDeniedToReadIdentifiers:com.truecaller:getActiveSubscriptionInfo:1
02-20 15:33:38.603 11724 23954 D WM-GreedyScheduler: Ignoring {WorkSpec: 9cdc645e-5c7c-4cdd-a5aa-b3082475b538}. Requires ContentUri triggers.
02-20 15:33:38.603 11724 23954 D WM-GreedyScheduler: Ignoring {WorkSpec: c4ec2dd0-1b9f-43c0-82f7-1b94972a9bff}. Requires device idle.
02-20 15:33:38.603 11724 23954 D WM-GreedyScheduler: Ignoring {WorkSpec: 21c3ef49-9913-4d60-89aa-25e90f8c767f}. Requires device idle.
02-20 15:33:38.603 11724 23954 D WM-GreedyScheduler: Ignoring {WorkSpec: d7e4d1e9-8b75-4937-adeb-dbbc4b127982}. Requires ContentUri triggers.
02-20 15:33:38.605  1858  1858 W NotificationHistory: Attempted to add notif for locked/gone/disabled user 0
02-20 15:33:38.606  2625  2641 W TelephonyPermissions: reportAccessDeniedToReadIdentifiers:com.truecaller:getActiveSubscriptionInfo:1
02-20 15:33:38.613  2625  3296 W TelephonyPermissions: reportAccessDeniedToReadIdentifiers:com.truecaller:getActiveSubscriptionInfo:1
02-20 15:33:38.613  4653  4653 D NotificationListeners: onNotificationPosted
02-20 15:33:38.613  4653  4653 D ThirdCallManager: onNotificationPosted nid 2131367652 channelId : profile_views has fullScreenIntent false groupKey null isChild true 
02-20 15:33:38.618  2625  2778 W TelephonyPermissions: reportAccessDeniedToReadIdentifiers:com.truecaller:getActiveSubscriptionInfo:1
02-20 15:33:38.621  2625  3296 W TelephonyPermissions: reportAccessDeniedToReadIdentifiers:com.truecaller:getActiveSubscriptionInfo:1
02-20 15:33:38.625  2625  3296 W TelephonyPermissions: reportAccessDeniedToReadIdentifiers:com.truecaller:getActiveSubscriptionInfo:1
02-20 15:33:38.633  2625  3296 W TelephonyPermissions: reportAccessDeniedToReadIdentifiers:com.truecaller:getActiveSubscriptionInfo:1
02-20 15:33:38.634  2407  2407 D TrCloudNotificationSupportController: containCloudNotificationSupportApp: com.truecallernot in the cloud list
02-20 15:33:38.635  2407  2407 D TrCloudNotificationSupportController: containLocalNotificationSupportApp: com.truecallernot in the local list
02-20 15:33:38.636  1858  4828 I ActivityManager: isUserAMonkey mUserIsMonkey = false
02-20 15:33:38.637  1858  4828 I ActivityTaskManager: isControllerAMonkey mController = null,mControllerIsAMonkey = false
02-20 15:33:38.639  2407  2407 D ExpandableNotifRow: updateDivider: isChildInGroup = false, isGroupExpandedfalse
02-20 15:33:38.641  2625  3296 W TelephonyPermissions: reportAccessDeniedToReadIdentifiers:com.truecaller:getActiveSubscriptionInfo:1
02-20 15:33:38.644  2407  2487 D NotificationLice: setThunderbackButtonVisiable
02-20 15:33:38.645  2407  2487 D NotificationLice: setThunderbackButtonVisiable
02-20 15:33:38.646  2407  2487 D NotificationLice: updateThunderbackButtonVisiable
02-20 15:33:38.646  2407  2487 D NotifContentInflater: createRemoteViews isGameMode:false isAppLock:false
02-20 15:33:38.646  1160  1160 I BufferQueueProducer: [com.transsion.XOSLauncher/com.android.quickstep.src.com.android.launcher3.uioverrides.QuickstepLauncher#368072](this:0xb4000078289d46f8,id:-1,api:0,p:-1,c:1160) queueBuffer: fps=13.65 dur=1684.76 max=875.26 min=15.96
02-20 15:33:38.647  2407  2487 D NotificationLice: setThunderbackButtonVisiable
02-20 15:33:38.647  2625  3296 W TelephonyPermissions: reportAccessDeniedToReadIdentifiers:com.truecaller:getActiveSubscriptionInfo:1
02-20 15:33:38.648  2407  2487 D GameNotification: createAppLockView
02-20 15:33:38.648  2407  2487 D NotificationLice: setThunderbackButtonVisiable
02-20 15:33:38.648  1104  1104 I hwcomposer: [HWCDisplay] [Display_0 (type:1)] fps:19.215662,dur:1040.82,max:727.60,min:15.92  
02-20 15:33:38.653  2625  3296 W TelephonyPermissions: reportAccessDeniedToReadIdentifiers:com.truecaller:getActiveSubscriptionInfo:1
02-20 15:33:38.655  2407  2487 D GameNotification: contentView id = 17367221
02-20 15:33:38.655  2407  2487 D GameNotification: 17367221
02-20 15:33:38.659  2625  3296 W TelephonyPermissions: reportAccessDeniedToReadIdentifiers:com.truecaller:getActiveSubscriptionInfo:1
02-20 15:33:38.662  1858  1858 W NotificationHistory: Attempted to add notif for locked/gone/disabled user 0
02-20 15:33:38.666  2625  3296 W TelephonyPermissions: reportAccessDeniedToReadIdentifiers:com.truecaller:getActiveSubscriptionInfo:1
02-20 15:33:38.668  4653  4653 D NotificationListeners: onNotificationPosted
02-20 15:33:38.669  4653  4653 D ThirdCallManager: onNotificationPosted nid 2131364856 channelId : miscellaneous_channel has fullScreenIntent false groupKey null isChild true 
02-20 15:33:38.672  2407  2407 D TrCloudNotificationSupportController: containCloudNotificationSupportApp: com.truecallernot in the cloud list
02-20 15:33:38.672  2407  2407 D TrCloudNotificationSupportController: containLocalNotificationSupportApp: com.truecallernot in the local list
02-20 15:33:38.672  1858  2130 V NotificationRecord: force dont update mImportance 2
02-20 15:33:38.672  1858  2130 V NotificationRecord: force dont update mImportance 2
02-20 15:33:38.672  1858  2130 V NotificationRecord: force dont update mImportance 2
02-20 15:33:38.672  1858  2130 V NotificationRecord: force dont update mImportance 2
02-20 15:33:38.673  1858  2447 I ActivityManager: isUserAMonkey mUserIsMonkey = false
02-20 15:33:38.673  1858  2447 I ActivityTaskManager: isControllerAMonkey mController = null,mControllerIsAMonkey = false
02-20 15:33:38.673  2625  3296 W TelephonyPermissions: reportAccessDeniedToReadIdentifiers:com.truecaller:getActiveSubscriptionInfo:1
02-20 15:33:38.673  2407  2487 E ndroid.systemui: == MALI DEBUG ===eglp_winsys_populate_image_templates ==12288
02-20 15:33:38.674  1858  2130 V NotificationRecord: force dont update mImportance 2
02-20 15:33:38.674  1858  2130 V NotificationRecord: force dont update mImportance 2
02-20 15:33:38.674  1858  2130 V NotificationRecord: force dont update mImportance 2
02-20 15:33:38.674  1858  2130 V NotificationRecord: force dont update mImportance 2
02-20 15:33:38.676  2407  2407 D ExpandableNotifRow: updateDivider: isChildInGroup = false, isGroupExpandedfalse
02-20 15:33:38.679  2625  3296 W TelephonyPermissions: reportAccessDeniedToReadIdentifiers:com.truecaller:getActiveSubscriptionInfo:1
02-20 15:33:38.682  1435  1533 D AAL     : 02-20 03:33:38.666 BL= 765,ESS= 256, 
02-20 15:33:38.683  2625  3296 W TelephonyPermissions: reportAccessDeniedToReadIdentifiers:com.truecaller:getActiveSubscriptionInfo:1
02-20 15:33:38.685  2407  2407 I SysUI_OverviewSysUiProxyService:  isEnabled mIsEnabled false mIsFoldExpanded true
02-20 15:33:38.688  2625  3296 W TelephonyPermissions: reportAccessDeniedToReadIdentifiers:com.truecaller:getActiveSubscriptionInfo:1
02-20 15:33:38.692  2625  3296 W TelephonyPermissions: reportAccessDeniedToReadIdentifiers:com.truecaller:getActiveSubscriptionInfo:1
02-20 15:33:38.697  2625  2778 W TelephonyPermissions: reportAccessDeniedToReadIdentifiers:com.truecaller:getActiveSubscriptionInfo:1
02-20 15:33:38.699  2407  2487 E ndroid.systemui: == MALI DEBUG ===eglp_winsys_populate_image_templates ==12288
02-20 15:33:38.702  2625  3296 W TelephonyPermissions: reportAccessDeniedToReadIdentifiers:com.truecaller:getActiveSubscriptionInfo:1
02-20 15:33:38.706  2625  3296 W TelephonyPermissions: reportAccessDeniedToReadIdentifiers:com.truecaller:getActiveSubscriptionInfo:1
02-20 15:33:38.709  2407  2487 E ndroid.systemui: == MALI DEBUG ===eglp_winsys_populate_image_templates ==12288
02-20 15:33:38.711  2625  3296 W TelephonyPermissions: reportAccessDeniedToReadIdentifiers:com.truecaller:getActiveSubscriptionInfo:1
02-20 15:33:38.712  1160  1160 I BufferQueueProducer: [StatusBar#89](this:0xb4000078289b7f58,id:-1,api:0,p:-1,c:1160) queueBuffer: fps=14.73 dur=1222.19 max=825.47 min=16.31
02-20 15:33:38.717  2407  2487 E ndroid.systemui: == MALI DEBUG ===eglp_winsys_populate_image_templates ==12288
02-20 15:33:38.723  2407  2407 D NotificationHeaderViewWrapper: updateIcon: not support replace icon
02-20 15:33:38.723  1858  1882 I BaseFilesVerify: Base File verify start
02-20 15:33:38.723  1858  1882 W BaseFilesVerify: notification_policy.xmlis not in fileProtect list,can not protect this file
02-20 15:33:38.724  2407  2407 D NotificationHeaderViewWrapper: updateIcon: not support replace icon
02-20 15:33:38.726  2407  2407 D NotificationHeaderViewWrapper: updateIcon: not support replace icon
02-20 15:33:38.728  2407  2407 D NotificationHeaderViewWrapper: updateIcon: not support replace icon
02-20 15:33:38.730  2407  2487 D NotificationLice: setThunderbackButtonVisiable
02-20 15:33:38.730  2407  2487 D NotificationLice: setThunderbackButtonVisiable
02-20 15:33:38.731  2407  2487 D NotificationLice: updateThunderbackButtonVisiable
02-20 15:33:38.731  2407  2487 D GameNotification: createAppLockView
02-20 15:33:38.732  2407  2487 D NotificationLice: setThunderbackButtonVisiable
02-20 15:33:38.735  2407  2407 D NotificationTemplateViewWrapper: has unLocked: true , notification packageName: com.truecaller , isSupportThunderback: false , isShowVisible: false
02-20 15:33:38.735  2407  2407 D NotificationTemplateViewWrapper: has unLocked: true , notification packageName: com.truecaller , isSupportThunderback: false , isShowVisible: false
02-20 15:33:38.735  2407  2407 D NotificationTemplateViewWrapper: has unLocked: true , notification packageName: com.truecaller , isSupportThunderback: false , isShowVisible: false
02-20 15:33:38.738  2407  2487 D GameNotification: contentView id = 17367221
02-20 15:33:38.738  2407  2487 D GameNotification: 17367221
02-20 15:33:38.741  2407  2407 I SysUI_OverviewSysUiProxyService:  isEnabled mIsEnabled false mIsFoldExpanded true
02-20 15:33:38.741  2407  2407 I smart_tip_SmartNotificationTipManager: all app not ready
02-20 15:33:38.749  2407  2407 I SysUI_OverviewSysUiProxyService:  isEnabled mIsEnabled false mIsFoldExpanded true
02-20 15:33:38.751  2407  2407 I SysUI_OverviewSysUiProxyService:  isEnabled mIsEnabled false mIsFoldExpanded true
02-20 15:33:38.755  1858  1858 W NotificationHistory: Attempted to add notif for locked/gone/disabled user 0
02-20 15:33:38.761  4653  4653 D NotificationListeners: onNotificationPosted
02-20 15:33:38.761  4653  4653 D ThirdCallManager: onNotificationPosted nid 2131364622 channelId : inbox_cleanup has fullScreenIntent false groupKey silent isChild true 
02-20 15:33:38.764  1858  2765 I WindowManager: DisplayContent w: Window{e94ce5 u0 com.transsion.smartpanel} Apply preferredModeId = 3
02-20 15:33:38.779  1160  1160 I BufferQueueProducer: [NotificationShade#368081](this:0xb400007828d6c3a8,id:-1,api:0,p:-1,c:1160) queueBuffer: fps=19.90 dur=1256.08 max=859.63 min=16.33
02-20 15:33:38.781  2407  2487 E ndroid.systemui: == MALI DEBUG ===eglp_winsys_populate_image_templates ==12288
02-20 15:33:38.792  2407  2407 D TrCloudNotificationSupportController: containCloudNotificationSupportApp: com.truecallernot in the cloud list
02-20 15:33:38.792  2407  2407 D TrCloudNotificationSupportController: containLocalNotificationSupportApp: com.truecallernot in the local list
02-20 15:33:38.792  1858  4446 I ActivityManager: isUserAMonkey mUserIsMonkey = false
02-20 15:33:38.792  1858  4446 I ActivityTaskManager: isControllerAMonkey mController = null,mControllerIsAMonkey = false
02-20 15:33:38.795  2407  2487 E ndroid.systemui: == MALI DEBUG ===eglp_winsys_populate_image_templates ==12288
02-20 15:33:38.799  2407  2407 D ExpandableNotifRow: updateDivider: isChildInGroup = false, isGroupExpandedfalse
02-20 15:33:38.805  2407  2487 E ndroid.systemui: == MALI DEBUG ===eglp_winsys_populate_image_templates ==12288
02-20 15:33:38.807  2407  2407 D NotificationHeaderViewWrapper: updateIcon: not support replace icon
02-20 15:33:38.808  2407  2407 D NotificationHeaderViewWrapper: updateIcon: not support replace icon
02-20 15:33:38.809  2407  2407 D NotificationHeaderViewWrapper: updateIcon: not support replace icon
02-20 15:33:38.813  2407  2407 D NotificationTemplateViewWrapper: has unLocked: true , notification packageName: com.truecaller , isSupportThunderback: false , isShowVisible: false
02-20 15:33:38.813  2407  2407 D NotificationTemplateViewWrapper: has unLocked: true , notification packageName: com.truecaller , isSupportThunderback: false , isShowVisible: false
02-20 15:33:38.814  2407  2487 D NotificationLice: setThunderbackButtonVisiable
02-20 15:33:38.815  2407  2487 D NotificationLice: setThunderbackButtonVisiable
02-20 15:33:38.816  2407  2487 D NotificationLice: updateThunderbackButtonVisiable
02-20 15:33:38.816  2407  2407 I SysUI_OverviewSysUiProxyService:  isEnabled mIsEnabled false mIsFoldExpanded true
02-20 15:33:38.816  2407  2407 I smart_tip_SmartNotificationTipManager: all app not ready
02-20 15:33:38.816  2407  2487 D GameNotification: createAppLockView
02-20 15:33:38.816  2407  2487 D NotificationLice: setThunderbackButtonVisiable
02-20 15:33:38.823  2407  2487 D GameNotification: contentView id = 17367221
02-20 15:33:38.823  2407  2487 D GameNotification: 17367221
02-20 15:33:38.825  2407  2407 D ExpandableNotifRow: updateDivider: isChildInGroup = false, isGroupExpandedfalse
02-20 15:33:38.826  1858  1905 D Griffin/CleanManager: dispatch clean index=11
02-20 15:33:38.828  1858  1905 D Griffin/IdleClean: clean coast 2ms
02-20 15:33:38.830  1120  1155 I libPerfCtl: xgfGetFPS pid:2369 fps:-1
02-20 15:33:38.830  1120  1155 I libPowerHal: [updateFPS] pid(2369) : 60 => -1
02-20 15:33:38.830  1120  1173 I libPowerHal: [perfNotifyAppState] pack:com.transsion.XOSLauncher, act:com.android.quickstep.src.com.android.launcher3.uioverrides.QuickstepLauncher, state:5, pid:2369, uid:10174, fps:-1
02-20 15:33:38.831  1120  1173 I UxUtility: notifyForegroundApp pack:com.transsion.XOSLauncher, uid:10174
02-20 15:33:38.831  1120  1173 I TouchUtility: notifyAppState error = NULL
02-20 15:33:38.831  1120  1155 I libPerfCtl: xgfGetFPS pid:2407 fps:57
02-20 15:33:38.831  1120  1155 I libPerfCtl: xgfGetFPS pid:4653 fps:-1
02-20 15:33:38.831  1120  1155 I libPerfCtl: xgfGetFPS pid:19925 fps:-1
02-20 15:33:38.832  1120  1155 I libPerfCtl: xgfGetFPS pid:31284 fps:-1
02-20 15:33:38.837  2407  2487 E ndroid.systemui: == MALI DEBUG ===eglp_winsys_populate_image_templates ==12288
02-20 15:33:38.847 11724 11819 I BugleNotifications: Set shortcut badge counter to 840
02-20 15:33:38.847  2407  2487 E ndroid.systemui: == MALI DEBUG ===eglp_winsys_populate_image_templates ==12288
02-20 15:33:38.853 11724 23961 I WM-WorkerWrapper: Worker result SUCCESS for Work [ id=40574f5b-1f39-4308-991c-c8722aee5b8e, tags={ com.google.android.apps.messaging.shared.datamodel.workqueue.WorkQueueWorkerShim,update_unread_counter- } ]
02-20 15:33:38.856 11724 11724 D WM-Processor: sew 40574f5b-1f39-4308-991c-c8722aee5b8e executed; reschedule = false
02-20 15:33:38.857  2407  2487 E ndroid.systemui: == MALI DEBUG ===eglp_winsys_populate_image_templates ==12288
02-20 15:33:38.858  2407  2407 D NotificationHeaderViewWrapper: updateIcon: not support replace icon
02-20 15:33:38.859  2407  2407 D NotificationHeaderViewWrapper: updateIcon: not support replace icon
02-20 15:33:38.860 11724 23987 D WM-GreedyScheduler: Cancelling work ID 40574f5b-1f39-4308-991c-c8722aee5b8e
02-20 15:33:38.861  2407  2407 D NotificationHeaderViewWrapper: updateIcon: not support replace icon
02-20 15:33:38.863  2407  2407 D NotificationTemplateViewWrapper: has unLocked: true , notification packageName: com.truecaller , isSupportThunderback: false , isShowVisible: false
02-20 15:33:38.863  2407  2407 D NotificationTemplateViewWrapper: has unLocked: true , notification packageName: com.truecaller , isSupportThunderback: false , isShowVisible: false
02-20 15:33:38.865 11724 23987 D WM-GreedyScheduler: Ignoring {WorkSpec: 9cdc645e-5c7c-4cdd-a5aa-b3082475b538}. Requires ContentUri triggers.
02-20 15:33:38.865 11724 23987 D WM-GreedyScheduler: Ignoring {WorkSpec: c4ec2dd0-1b9f-43c0-82f7-1b94972a9bff}. Requires device idle.
02-20 15:33:38.865 11724 23987 D WM-GreedyScheduler: Ignoring {WorkSpec: 21c3ef49-9913-4d60-89aa-25e90f8c767f}. Requires device idle.
02-20 15:33:38.865 11724 23987 D WM-GreedyScheduler: Ignoring {WorkSpec: d7e4d1e9-8b75-4937-adeb-dbbc4b127982}. Requires ContentUri triggers.
02-20 15:33:38.866  2407  2407 I SysUI_OverviewSysUiProxyService:  isEnabled mIsEnabled false mIsFoldExpanded true
02-20 15:33:38.866  2407  2407 I smart_tip_SmartNotificationTipManager: all app not ready
02-20 15:33:38.886  4653  4653 D NotificationListeners: onNotificationPosted
02-20 15:33:38.886  4653  4653 D ThirdCallManager: onNotificationPosted nid 2147483647 channelId : profile_views has fullScreenIntent false groupKey ranker_group isChild false 
02-20 15:33:38.890  2407  2407 D TrCloudNotificationSupportController: containCloudNotificationSupportApp: com.truecallernot in the cloud list
02-20 15:33:38.890  2407  2407 D TrCloudNotificationSupportController: containLocalNotificationSupportApp: com.truecallernot in the local list
02-20 15:33:38.891  1858  2765 I ActivityManager: isUserAMonkey mUserIsMonkey = false
02-20 15:33:38.891  1858  2765 I ActivityTaskManager: isControllerAMonkey mController = null,mControllerIsAMonkey = false
02-20 15:33:38.895  2407  2407 D ExpandableNotifRow: updateDivider: isChildInGroup = false, isGroupExpandedfalse
02-20 15:33:38.896  2407  2487 D NotificationLice: setThunderbackButtonVisiable
02-20 15:33:38.897  2407  2487 D NotificationLice: setThunderbackButtonVisiable
02-20 15:33:38.897  2407  2487 D NotificationLice: updateThunderbackButtonVisiable
02-20 15:33:38.897  2407  2487 D GameNotification: createAppLockView
02-20 15:33:38.898  2407  2487 D NotificationLice: setThunderbackButtonVisiable
02-20 15:33:38.904  2407  2487 D GameNotification: contentView id = 17367221
02-20 15:33:38.904  2407  2487 D GameNotification: 17367221
02-20 15:33:38.911  2407  2487 E ndroid.systemui: == MALI DEBUG ===eglp_winsys_populate_image_templates ==12288
02-20 15:33:38.921  2407  2487 E ndroid.systemui: == MALI DEBUG ===eglp_winsys_populate_image_templates ==12288
02-20 15:33:38.929  2407  2487 E ndroid.systemui: == MALI DEBUG ===eglp_winsys_populate_image_templates ==12288
02-20 15:33:38.931  2407  2407 D NotificationHeaderViewWrapper: updateIcon: not support replace icon
02-20 15:33:38.931  2407  2407 D NotificationHeaderViewWrapper: updateIcon: not support replace icon
02-20 15:33:38.932  2407  2407 D NotificationHeaderViewWrapper: updateIcon: not support replace icon
02-20 15:33:38.935  2407  2407 D NotificationTemplateViewWrapper: has unLocked: true , notification packageName: com.truecaller , isSupportThunderback: false , isShowVisible: false
02-20 15:33:38.935  2407  2407 D NotificationTemplateViewWrapper: has unLocked: true , notification packageName: com.truecaller , isSupportThunderback: false , isShowVisible: false
02-20 15:33:38.938  2407  2407 I SysUI_OverviewSysUiProxyService:  isEnabled mIsEnabled false mIsFoldExpanded true
02-20 15:33:38.940  2407  2407 I SysUI_OverviewSysUiProxyService:  isEnabled mIsEnabled false mIsFoldExpanded true
02-20 15:33:38.957 19930 24064 W SQLiteLog: (28) double-quoted string literal: ""
02-20 15:33:38.958 19930 24064 W SQLiteLog: (28) double-quoted string literal: ""
02-20 15:33:38.958 19930 24064 W SQLiteLog: (28) double-quoted string literal: ""
02-20 15:33:38.958 19930 24064 W SQLiteLog: (28) double-quoted string literal: ""
02-20 15:33:38.958 19930 24064 W SQLiteLog: (28) double-quoted string literal: ""
02-20 15:33:38.958 19930 24064 W SQLiteLog: (28) double-quoted string literal: ""
02-20 15:33:38.958 19930 24064 W SQLiteLog: (28) double-quoted string literal: ""
02-20 15:33:38.958 19930 24064 W SQLiteLog: (28) double-quoted string literal: ""
02-20 15:33:38.958 19930 24064 W SQLiteLog: (28) double-quoted string literal: ""
02-20 15:33:38.958 19930 24064 W SQLiteLog: (28) double-quoted string literal: ""
02-20 15:33:38.958 19930 24064 W SQLiteLog: (28) double-quoted string literal: ""
02-20 15:33:38.958 19930 24064 W SQLiteLog: (28) double-quoted string literal: ""
02-20 15:33:38.958 19930 24064 W SQLiteLog: (28) double-quoted string literal: ""
02-20 15:33:38.958 19930 24064 W SQLiteLog: (28) double-quoted string literal: ""
02-20 15:33:38.958 19930 24064 W SQLiteLog: (28) double-quoted string literal: ""
02-20 15:33:38.958 19930 24064 W SQLiteLog: (28) double-quoted string literal: ""
02-20 15:33:38.963  1435  1533 D AAL     : 02-20 03:33:38.946 BL= 764,ESS= 256, 
02-20 15:33:39.007  2625  3296 W TelephonyPermissions: reportAccessDeniedToReadIdentifiers:com.truecaller:getActiveSubscriptionInfo:1
02-20 15:33:39.044  2625  3296 W TelephonyPermissions: reportAccessDeniedToReadIdentifiers:com.truecaller:getActiveSubscriptionInfo:1
02-20 15:33:39.048  2625  3296 W TelephonyPermissions: reportAccessDeniedToReadIdentifiers:com.truecaller:getActiveSubscriptionInfo:1
02-20 15:33:39.062  1858  4446 D CompatibilityChangeReporter: Compat change id reported: 135634846; UID 10134; state: DISABLED
02-20 15:33:39.063  1858  1921 D CompatibilityChangeReporter: Compat change id reported: 143937733; UID 10134; state: ENABLED
02-20 15:33:39.064  1858  1926 E system_server: updateValue is called with a value {0, 0, 0, 0, 0, 0, 0, 0, 0, 0, 0, 0, 0, 0, 0, 0, 0, 0, 0, 0, 0, 0, 0, 0, 0, 0, 0, 0, 0, 0, 0, 0, 0, 0, 0, 0, 0, 0, 0, 0}, which is lower than the previous value {0, 4, 1, 0, 1, 0, 0, 0, 0, 0, 2, 2, 1, 2, 0, 0, 1, 0, 1, 3, 4, 0, 0, 148, 0, 0, 0, 0, 0, 0, 0, 0, 0, 0, 0, 0, 0, 0, 0, 21}
02-20 15:33:39.064  1858  1926 E system_server: updateValue is called with a value {0, 0, 0, 0, 0, 0, 0, 0, 0, 0, 0, 0, 0, 0, 0, 0, 0, 0, 0, 0, 0, 0, 0, 0, 0, 0, 0, 0, 0, 0, 0, 0, 0, 0, 0, 0, 0, 0, 0, 0}, which is lower than the previous value {0, 0, 0, 0, 0, 0, 0, 0, 0, 0, 0, 0, 0, 0, 0, 0, 0, 0, 0, 1, 1, 0, 0, 159, 0, 0, 0, 0, 0, 0, 0, 8, 0, 0, 0, 0, 0, 0, 0, 12}
02-20 15:33:39.064  1858  1926 E system_server: updateValue is called with a value {0, 0, 0, 0, 0, 0, 0, 0, 0, 0, 0, 0, 0, 0, 0, 0, 0, 0, 0, 0, 0, 0, 0, 0, 0, 0, 0, 0, 0, 0, 0, 0, 0, 0, 0, 0, 0, 0, 0, 0}, which is lower than the previous value {0, 0, 0, 0, 1, 3, 1, 0, 0, 0, 0, 1, 0, 0, 0, 0, 0, 0, 0, 0, 0, 0, 0, 144, 0, 0, 0, 1, 5, 0, 10, 0, 7, 0, 0, 0, 0, 0, 0, 4}
02-20 15:33:39.064  1858  1926 E system_server: updateValue is called with a value {0, 0, 0, 0, 0, 0, 0, 0, 0, 0, 0, 0, 0, 0, 0, 0, 0, 0, 0, 0, 0, 0, 0, 0, 0, 0, 0, 0, 0, 0, 0, 0, 0, 0, 0, 0, 0, 0, 0, 0}, which is lower than the previous value {0, 0, 0, 0, 0, 0, 0, 4, 0, 0, 0, 0, 0, 2, 0, 0, 0, 0, 1, 3, 2, 0, 0, 219, 0, 0, 0, 0, 0, 0, 2, 0, 0, 0, 0, 0, 0, 0, 0, 25}
02-20 15:33:39.064  1858  1926 E system_server: updateValue is called with a value {0, 0, 0, 0, 0, 0, 0, 0, 0, 0, 0, 0, 0, 0, 0, 0, 0, 0, 0, 0, 0, 0, 0, 0, 0, 0, 0, 0, 0, 0, 0, 0, 0, 0, 0, 0, 0, 0, 0, 0}, which is lower than the previous value {0, 0, 2, 0, 0, 1, 0, 0, 0, 0, 0, 0, 0, 3, 0, 0, 0, 0, 0, 0, 1, 0, 0, 1001, 0, 0, 0, 0, 0, 0, 0, 0, 5, 0, 0, 0, 0, 0, 0, 45}
02-20 15:33:39.067  2625  3296 W TelephonyPermissions: reportAccessDeniedToReadIdentifiers:com.truecaller:getActiveSubscriptionInfo:1
02-20 15:33:39.072  1160  1326 D SurfaceFlinger: calculateTimeoutTime, triggerInterval = 1 sec + 187724230 nsec
02-20 15:33:39.073  1858  2447 D CompatibilityChangeReporter: Compat change id reported: 135634846; UID 10118; state: DISABLED
02-20 15:33:39.073  1858  2447 D CompatibilityChangeReporter: Compat change id reported: 177438394; UID 10118; state: DISABLED
02-20 15:33:39.074  1858  2447 D CompatibilityChangeReporter: Compat change id reported: 135772972; UID 10118; state: DISABLED
02-20 15:33:39.074  1858  2447 D CompatibilityChangeReporter: Compat change id reported: 135754954; UID 10118; state: ENABLED
02-20 15:33:39.078  1089  1089 D Zygote  : Forked child process 24313
02-20 15:33:39.080  2625  3296 W TelephonyPermissions: reportAccessDeniedToReadIdentifiers:com.truecaller:getActiveSubscriptionInfo:1
02-20 15:33:39.081  1858  1921 I ActivityManager: Start proc 24313:com.android.chrome/u0a134 for service {com.android.chrome/org.chromium.chrome.browser.customtabs.CustomTabsConnectionService}
02-20 15:33:39.081  1858  1921 D CompatibilityChangeReporter: Compat change id reported: 143937733; UID 10118; state: ENABLED
02-20 15:33:39.086 24313 24313 W main    : type=1400 audit(0.0:2183146): avc: denied { read } for name="u:object_r:vendor_memfusion_size_prop:s0" dev="tmpfs" ino=483 scontext=u:r:untrusted_app:s0:c134,c256,c512,c768 tcontext=u:object_r:vendor_memfusion_size_prop:s0 tclass=file permissive=0 app=air.bg.lan.Monopoli
02-20 15:33:39.086 24313 24313 W main    : type=1400 audit(0.0:2183147): avc: denied { read } for name="u:object_r:vendor_memfusion_state_prop:s0" dev="tmpfs" ino=484 scontext=u:r:untrusted_app:s0:c134,c256,c512,c768 tcontext=u:object_r:vendor_memfusion_state_prop:s0 tclass=file permissive=0 app=air.bg.lan.Monopoli
02-20 15:33:39.086 24313 24313 W main    : type=1400 audit(0.0:2183148): avc: denied { read } for name="u:object_r:vendor_memfusion_tranlog_prop:s0" dev="tmpfs" ino=486 scontext=u:r:untrusted_app:s0:c134,c256,c512,c768 tcontext=u:object_r:vendor_memfusion_tranlog_prop:s0 tclass=file permissive=0 app=air.bg.lan.Monopoli
02-20 15:33:39.086 24313 24313 W main    : type=1400 audit(0.0:2183149): avc: denied { read } for name="u:object_r:vendor_memfusion_ui_enable_prop:s0" dev="tmpfs" ino=487 scontext=u:r:untrusted_app:s0:c134,c256,c512,c768 tcontext=u:object_r:vendor_memfusion_ui_enable_prop:s0 tclass=file permissive=0 app=air.bg.lan.Monopoli
02-20 15:33:39.090 24313 24313 W main    : type=1400 audit(0.0:2183150): avc: denied { read } for name="u:object_r:vendor_uxcompaction_enable_prop:s0" dev="tmpfs" ino=738 scontext=u:r:untrusted_app:s0:c134,c256,c512,c768 tcontext=u:object_r:vendor_uxcompaction_enable_prop:s0 tclass=file permissive=0 app=air.bg.lan.Monopoli
02-20 15:33:39.093 24313 24313 I .android.chrome: Using CollectorTypeCMC GC.
02-20 15:33:39.093  1089  1089 D Zygote  : Forked child process 24319
02-20 15:33:39.097  1858  1921 I ActivityManager: Start proc 24319:com.google.process.gapps/u0a118 for content provider {com.google.android.gsf/com.google.android.gsf.settings.GoogleSettingsProvider}
02-20 15:33:39.101 24313 24313 D nativeloader: Load libframework-connectivity-tiramisu-jni.so using APEX ns com_android_tethering for caller /apex/com.android.tethering/javalib/framework-connectivity-t.jar: ok
02-20 15:33:39.101  1858 24304 D VibratorManagerService: enable vibrator opPkg = android
02-20 15:33:39.102  1858 24304 D VibratorManagerService: enable vibrator opPkg = android
02-20 15:33:39.104 24319 24319 I e.process.gapps: Using CollectorTypeCMC GC.
02-20 15:33:39.107  1858  4446 V ActivityManager: New death recipient com.android.server.am.ActivityManagerService$AppDeathRecipient@cfd55ce for thread android.os.BinderProxy@3567cef
02-20 15:33:39.109  1858  4446 D CompatibilityChangeReporter: Compat change id reported: 168419799; UID 10134; state: DISABLED
02-20 15:33:39.110  1858  4446 D os.ActivityManagerServiceLice: make process active com.android.chrome(24313)
02-20 15:33:39.111 24319 24319 D nativeloader: Load libframework-connectivity-tiramisu-jni.so using APEX ns com_android_tethering for caller /apex/com.android.tethering/javalib/framework-connectivity-t.jar: ok
02-20 15:33:39.111 24313 24313 D CompatibilityChangeReporter: Compat change id reported: 171979766; UID 10134; state: ENABLED
02-20 15:33:39.115 24313 24313 D TranClassInfo: instance successfully. com.transsion.hubcore.graphics.TranGraphicImpl@daa8ba2 from com.transsion.hubcore.graphics.ITranGraphic
02-20 15:33:39.116 24313 24313 D os.SingleLiceFactory: instance successfully. com.transsion.typeface.v1.TypefaceLice@f640656 from android.graphics.IGraphicLice
02-20 15:33:39.116 24313 24313 D os.LiceInfo: instance successfully. com.transsion.graphics.GraphicLice@9750033 from android.graphics.IGraphicLice
02-20 15:33:39.117  1858  2765 V ActivityManager: New death recipient com.android.server.am.ActivityManagerService$AppDeathRecipient@17da01 for thread android.os.BinderProxy@c5a50a6
02-20 15:33:39.119  1858  2765 D os.ActivityManagerServiceLice: make process active com.google.process.gapps(24319)
02-20 15:33:39.120  2625  3296 W TelephonyPermissions: reportAccessDeniedToReadIdentifiers:com.truecaller:getActiveSubscriptionInfo:1
02-20 15:33:39.122 24319 24319 D CompatibilityChangeReporter: Compat change id reported: 171979766; UID 10118; state: ENABLED
02-20 15:33:39.124 24319 24319 D TranClassInfo: instance successfully. com.transsion.hubcore.graphics.TranGraphicImpl@daa8ba2 from com.transsion.hubcore.graphics.ITranGraphic
02-20 15:33:39.124 24319 24319 D os.SingleLiceFactory: instance successfully. com.transsion.typeface.v1.TypefaceLice@f640656 from android.graphics.IGraphicLice
02-20 15:33:39.124 24319 24319 D os.LiceInfo: instance successfully. com.transsion.graphics.GraphicLice@9750033 from android.graphics.IGraphicLice
02-20 15:33:39.127  2625  3296 W TelephonyPermissions: reportAccessDeniedToReadIdentifiers:com.truecaller:getActiveSubscriptionInfo:1
02-20 15:33:39.134  2625  3296 W TelephonyPermissions: reportAccessDeniedToReadIdentifiers:com.truecaller:getActiveSubscriptionInfo:1
02-20 15:33:39.134  2625  2778 W TelephonyPermissions: reportAccessDeniedToReadIdentifiers:com.truecaller:getActiveSubscriptionInfo:1
02-20 15:33:39.135 24319 24319 D nativeloader: Configuring clns-shared-4 for other apk /system/framework/org.apache.http.legacy.jar. target_sdk_version=33, uses_libraries=ALL, library_path=/system_ext/priv-app/GoogleServicesFramework/lib/arm64:/system_ext/priv-app/GoogleServicesFramework/GoogleServicesFramework.apk!/lib/arm64-v8a:/system/lib64:/system_ext/lib64, permitted_path=/data:/mnt/expand:/data/user/0/com.google.android.gsf:/system_ext/priv-app/GoogleServicesFramework:/system/lib64:/system_ext/lib64
02-20 15:33:39.135 24319 24319 D nativeloader: Extending system_exposed_libraries: libapuwareapusys.mtk.so:libapuwareapusys_v2.mtk.so:libapuwarexrp.mtk.so:libapuwarexrp_v2.mtk.so:libapuwareutils.mtk.so:libapuwareutils_v2.mtk.so:libapuwarehmp.mtk.so:libmcv_runtime_usdk.mtk.so:libneuron_graph_delegate.mtk.so:libneuronusdk_adapter.mtk.so:libtflite_mtk.mtk.so:libarmnn_ndk.mtk.so:libcmdl_ndk.mtk.so:libnir_neon_driver_ndk.mtk.so:libmvpu_runtime.mtk.so:libmvpu_runtime_pub.mtk.so:libmvpu_engine_pub.mtk.so:libmvpu_pattern_pub.mtk.so:libmvpuop_mtk_cv.mtk.so:libmvpuop_mtk_nn.mtk.so:libmvpu_runtime_25.mtk.so:libmvpu_runtime_25_pub.mtk.so:libmvpu_engine_25_pub.mtk.so:libmvpu_pattern_25_pub.mtk.so:libmvpuop25_mtk_cv.mtk.so:libmvpuop25_mtk_nn.mtk.so:libmvpu_config.mtk.so:libteeservice_client.trustonic.so
02-20 15:33:39.135 24313 24313 W .android.chrome: Failed to find entry 'classes.dex': Entry not found
02-20 15:33:39.136 24313 24313 D nativeloader: Configuring clns-4 for other apk /data/app/~~LzYV1KoYJ3oTc13OWDI8VQ==/com.google.android.trichromelibrary_763204633-lOpjGQLI4nI17CIulME9MQ==/base.apk. target_sdk_version=36, uses_libraries=ALL, library_path=/data/app/~~uF4Be3dxFnd3IW8pVSQW2Q==/com.android.chrome--mNxjertHGy7oViXwQa8Uw==/lib/arm64:/data/app/~~uF4Be3dxFnd3IW8pVSQW2Q==/com.android.chrome--mNxjertHGy7oViXwQa8Uw==/base.apk!/lib/arm64-v8a:/data/app/~~LzYV1KoYJ3oTc13OWDI8VQ==/com.google.android.trichromelibrary_763204633-lOpjGQLI4nI17CIulME9MQ==/base.apk!/lib/arm64-v8a, permitted_path=/data:/mnt/expand:/data/user/0/com.android.chrome
02-20 15:33:39.136 24313 24313 D nativeloader: Extending system_exposed_libraries: libapuwareapusys.mtk.so:libapuwareapusys_v2.mtk.so:libapuwarexrp.mtk.so:libapuwarexrp_v2.mtk.so:libapuwareutils.mtk.so:libapuwareutils_v2.mtk.so:libapuwarehmp.mtk.so:libmcv_runtime_usdk.mtk.so:libneuron_graph_delegate.mtk.so:libneuronusdk_adapter.mtk.so:libtflite_mtk.mtk.so:libarmnn_ndk.mtk.so:libcmdl_ndk.mtk.so:libnir_neon_driver_ndk.mtk.so:libmvpu_runtime.mtk.so:libmvpu_runtime_pub.mtk.so:libmvpu_engine_pub.mtk.so:libmvpu_pattern_pub.mtk.so:libmvpuop_mtk_cv.mtk.so:libmvpuop_mtk_nn.mtk.so:libmvpu_runtime_25.mtk.so:libmvpu_runtime_25_pub.mtk.so:libmvpu_engine_25_pub.mtk.so:libmvpu_pattern_25_pub.mtk.so:libmvpuop25_mtk_cv.mtk.so:libmvpuop25_mtk_nn.mtk.so:libmvpu_config.mtk.so:libteeservice_client.trustonic.so
02-20 15:33:39.140  2625  3296 W TelephonyPermissions: reportAccessDeniedToReadIdentifiers:com.truecaller:getActiveSubscriptionInfo:1
02-20 15:33:39.144 24319 24319 D nativeloader: Configuring clns-shared-5 for other apk /system_ext/priv-app/GoogleServicesFramework/GoogleServicesFramework.apk. target_sdk_version=33, uses_libraries=, library_path=/system_ext/priv-app/GoogleServicesFramework/lib/arm64:/system_ext/priv-app/GoogleServicesFramework/GoogleServicesFramework.apk!/lib/arm64-v8a:/system/lib64:/system_ext/lib64, permitted_path=/data:/mnt/expand:/data/user/0/com.google.android.gsf:/system_ext/priv-app/GoogleServicesFramework:/system/lib64:/system_ext/lib64
02-20 15:33:39.148  2625  3296 W TelephonyPermissions: reportAccessDeniedToReadIdentifiers:com.truecaller:getActiveSubscriptionInfo:1
02-20 15:33:39.150 24313 24313 D nativeloader: Configuring clns-5 for other apk /data/app/~~uF4Be3dxFnd3IW8pVSQW2Q==/com.android.chrome--mNxjertHGy7oViXwQa8Uw==/base.apk. target_sdk_version=36, uses_libraries=, library_path=/data/app/~~uF4Be3dxFnd3IW8pVSQW2Q==/com.android.chrome--mNxjertHGy7oViXwQa8Uw==/lib/arm64:/data/app/~~uF4Be3dxFnd3IW8pVSQW2Q==/com.android.chrome--mNxjertHGy7oViXwQa8Uw==/base.apk!/lib/arm64-v8a:/data/app/~~LzYV1KoYJ3oTc13OWDI8VQ==/com.google.android.trichromelibrary_763204633-lOpjGQLI4nI17CIulME9MQ==/base.apk!/lib/arm64-v8a, permitted_path=/data:/mnt/expand:/data/user/0/com.android.chrome
02-20 15:33:39.151 24319 24319 D nativeloader: Load libframework-connectivity-jni.so using APEX ns com_android_tethering for caller /apex/com.android.tethering/javalib/framework-connectivity.jar: ok
02-20 15:33:39.153 24319 24319 V GraphicsEnvironment: ANGLE Developer option for 'com.google.android.gsf' set to: 'default'
02-20 15:33:39.153 24319 24319 V GraphicsEnvironment: ANGLE GameManagerService for com.google.android.gsf: false
02-20 15:33:39.153 24319 24319 V GraphicsEnvironment: Neither updatable production driver nor prerelease driver is supported.
02-20 15:33:39.155 24319 24319 I LoadedApk: No resource references to update in package com.transsion.theme.icon
02-20 15:33:39.156 24319 24319 D NetworkSecurityConfig: No Network Security Config specified, using platform default
02-20 15:33:39.156 24319 24319 D NetworkSecurityConfig: No Network Security Config specified, using platform default
02-20 15:33:39.156 24319 24319 D os.SingleLiceFactory: using android.app.IActivityThreadLice$DefaultImpl@d756c8f instead of com.transsion.activityembedding.ActivityEmbeddingLiceFactory  from android.app.IActivityThreadLice
02-20 15:33:39.171  1858  2774 V SettingsProvider: packageValueForCallResult, name = sqlite_compatibility_wal_flags, value : Bundle[{_track_generation=android.util.MemoryIntArray@fb, value=, _generation_index=0, _generation=56699}]
