02-20 15:33:36.350 19930 23952 D StrictMode: 	at com.android.okhttp.internal.http.HttpEngine.readResponse(HttpEngine.java:622)
02-20 15:33:36.350 19930 23952 D StrictMode: 	at com.android.okhttp.internal.huc.HttpURLConnectionImpl.execute(HttpURLConnectionImpl.java:475)
02-20 15:33:36.350 19930 23952 D StrictMode: 	at com.android.okhttp.internal.huc.HttpURLConnectionImpl.getResponse(HttpURLConnectionImpl.java:411)
02-20 15:33:36.350 19930 23952 D StrictMode: 	at com.android.okhttp.internal.huc.HttpURLConnectionImpl.getResponseCode(HttpURLConnectionImpl.java:542)
02-20 15:33:36.350 19930 23952 D StrictMode: 	at com.android.okhttp.internal.huc.DelegatingHttpsURLConnection.getResponseCode(DelegatingHttpsURLConnection.java:106)
02-20 15:33:36.350 19930 23952 D StrictMode: 	at com.android.okhttp.internal.huc.HttpsURLConnectionImpl.getResponseCode(HttpsURLConnectionImpl.java:30)
02-20 15:33:36.350 19930 23952 D StrictMode: 	at js.c.invokeSuspend(SourceFile:109)
02-20 15:33:36.350 19930 23952 D StrictMode: 	at js.c.invoke(SourceFile:13)
02-20 15:33:36.350 19930 23952 D StrictMode: 	at w03.baz.a(SourceFile:5)
02-20 15:33:36.350 19930 23952 D StrictMode: 	at p03.f.f(Unknown Source:74)
02-20 15:33:36.350 19930 23952 D StrictMode: 	at js.d.a(SourceFile:13)
02-20 15:33:36.350 19930 23952 D StrictMode: 	at js.b.b(SourceFile:345)
02-20 15:33:36.350 19930 23952 D StrictMode: 	at js.b$bar.invokeSuspend(SourceFile:12)
02-20 15:33:36.350 19930 23952 D StrictMode: 	at pz2.bar.resumeWith(SourceFile:14)
02-20 15:33:36.350 19930 23952 D StrictMode: 	at p03.v0.run(SourceFile:121)
02-20 15:33:36.350 19930 23952 D StrictMode: 	at java.util.concurrent.ThreadPoolExecutor.runWorker(ThreadPoolExecutor.java:1154)
02-20 15:33:36.350 19930 23952 D StrictMode: 	at java.util.concurrent.ThreadPoolExecutor$Worker.run(ThreadPoolExecutor.java:652)
02-20 15:33:36.350 19930 23952 D StrictMode: 	at ar.bar.run(SourceFile:17)
02-20 15:33:36.350 19930 23952 D StrictMode: 	at java.lang.Thread.run(Thread.java:1563)
02-20 15:33:36.356  1404  1404 I OriginChannel: batch: [1,66667000,100000000]
02-20 15:33:36.361  1089  1089 D Zygote  : Forked child process 24088
02-20 15:33:36.365  1858  1921 I ActivityManager: Start proc 24088:com.google.android.gms.unstable/u0a118 for service {com.google.android.gms/com.google.android.gms.droidguard.DroidGuardService}
02-20 15:33:36.365  1404  1404 I OriginChannel: activate: [4,0]
02-20 15:33:36.371  1858  2130 V NotificationRecord: force dont update mImportance 2
02-20 15:33:36.371  1858  2130 V NotificationRecord: force dont update mImportance 2
02-20 15:33:36.371  1858  2130 V NotificationRecord: force dont update mImportance 2
02-20 15:33:36.371  1858  2130 V NotificationRecord: force dont update mImportance 2
02-20 15:33:36.376  1858  2130 V NotificationRecord: force dont update mImportance 2
02-20 15:33:36.377  1858  3532 W BroadcastQueue: Permission Denial: broadcasting Intent { act=android.provider.Telephony.SMS_RECEIVED flg=0x19000010 (has extras) } from com.android.phone (pid=2625, uid=1001) to com.transsion.scanningrecharger/.util.SmsBroadcastReceiver is not exported from uid 10165
02-20 15:33:36.377  1858  2130 V NotificationRecord: force dont update mImportance 2
02-20 15:33:36.378  1858  2130 V NotificationRecord: force dont update mImportance 2
02-20 15:33:36.378 24088 24088 I id.gms.unstable: Using CollectorTypeCMC GC.
02-20 15:33:36.382 19930 19930 I Choreographer: Skipped 31 frames!  The application may be doing too much work on its main thread.
02-20 15:33:36.382  2625  2900 D Mms/Provider/Sms: delete begin, match = 15
02-20 15:33:36.383 19930 19930 D TranClassInfo: instance successfully. com.transsion.hubcore.flingmanager.TranFlingManagerImpl@499871c from com.transsion.hubcore.flingmanager.ITranFlingManager
02-20 15:33:36.384 19930 19930 D TranClassInfo: instance successfully. com.transsion.hubcore.view.TranChoreographerImpl@8313f25 from com.transsion.hubcore.view.ITranChoreographer
02-20 15:33:36.384 19930 19930 E TranChoreographerImpl: skippedFrames: 31
02-20 15:33:36.385  1858  2130 V NotificationRecord: force dont update mImportance 2
02-20 15:33:36.389  2625  2900 D Mms/Provider/Sms: URLMatcher matches type of message15
02-20 15:33:36.389  2625  2900 D Mms/Provider/Sms: delete end, count = 2
02-20 15:33:36.392  2625  3296 D Mms/Provider/Mms: query end, cursor count =0
02-20 15:33:36.393 24088 24088 D nativeloader: Load libframework-connectivity-tiramisu-jni.so using APEX ns com_android_tethering for caller /apex/com.android.tethering/javalib/framework-connectivity-t.jar: ok
02-20 15:33:36.399  1858  1998 W TranTrancareAssistService: compulateSkipperFrame
02-20 15:33:36.401 19930 19930 D TranClassInfo: instance successfully. com.transsion.hubcore.appturbo.Implement.TranAppturboComponentImpl@3693b95 from com.transsion.hubcore.appturbo.ITranAppturboComponent
02-20 15:33:36.401 19930 19930 D TranAppturboPolicyImpl: TranAppturboPolicyImpl new
02-20 15:33:36.401 19930 19930 D TranClassInfo: instance successfully. com.transsion.hubcore.appturbo.TranAppturboPolicyImpl@fedb438 from com.transsion.hubcore.appturbo.ITranAppturboPolicy
02-20 15:33:36.409  2625  3296 D Mms/Provider/Sms: query begin, match = 0
02-20 15:33:36.410  1858  3788 V ActivityManager: New death recipient com.android.server.am.ActivityManagerService$AppDeathRecipient@cd713b4 for thread android.os.BinderProxy@cc6bdd
02-20 15:33:36.413  1858  3788 D os.ActivityManagerServiceLice: make process active com.google.android.gms.unstable(24088)
02-20 15:33:36.423  1858  1882 I BaseFilesVerify: Base File verify start
02-20 15:33:36.423  1858  1882 W BaseFilesVerify: notification_policy.xmlis not in fileProtect list,can not protect this file
02-20 15:33:36.425 24088 24088 D CompatibilityChangeReporter: Compat change id reported: 171979766; UID 10118; state: ENABLED
02-20 15:33:36.431 24088 24088 D TranClassInfo: instance successfully. com.transsion.hubcore.graphics.TranGraphicImpl@daa8ba2 from com.transsion.hubcore.graphics.ITranGraphic
02-20 15:33:36.431 24088 24088 D os.SingleLiceFactory: instance successfully. com.transsion.typeface.v1.TypefaceLice@f640656 from android.graphics.IGraphicLice
02-20 15:33:36.431 24088 24088 D os.LiceInfo: instance successfully. com.transsion.graphics.GraphicLice@9750033 from android.graphics.IGraphicLice
02-20 15:33:36.436 11724 11813 I NotificationBuilder: Conversation specific info added to notification builder [CONTEXT x_message_id=3424117378899735696 work_id="a5dde0ee-a278-4547-8f1c-2fc327d3da15" pipeline_type="SmsReceivePipeline" notification_type="2" notification_tag="com.google.android.apps.messaging:incoming_message:194" ]
02-20 15:33:36.443 24088 24088 D nativeloader: Configuring clns-4 for other apk /system/framework/org.apache.http.legacy.jar. target_sdk_version=36, uses_libraries=ALL, library_path=/data/app/~~UELFmXqVTE6Ewl-4IPokHA==/com.google.android.gms-aTdDY3B1-rCt-H5aDc7cBQ==/lib/arm64:/data/app/~~UELFmXqVTE6Ewl-4IPokHA==/com.google.android.gms-aTdDY3B1-rCt-H5aDc7cBQ==/base.apk!/lib/arm64-v8a, permitted_path=/data:/mnt/expand:/data/user/0/com.google.android.gms
02-20 15:33:36.443 24088 24088 D nativeloader: Extending system_exposed_libraries: libapuwareapusys.mtk.so:libapuwareapusys_v2.mtk.so:libapuwarexrp.mtk.so:libapuwarexrp_v2.mtk.so:libapuwareutils.mtk.so:libapuwareutils_v2.mtk.so:libapuwarehmp.mtk.so:libmcv_runtime_usdk.mtk.so:libneuron_graph_delegate.mtk.so:libneuronusdk_adapter.mtk.so:libtflite_mtk.mtk.so:libarmnn_ndk.mtk.so:libcmdl_ndk.mtk.so:libnir_neon_driver_ndk.mtk.so:libmvpu_runtime.mtk.so:libmvpu_runtime_pub.mtk.so:libmvpu_engine_pub.mtk.so:libmvpu_pattern_pub.mtk.so:libmvpuop_mtk_cv.mtk.so:libmvpuop_mtk_nn.mtk.so:libmvpu_runtime_25.mtk.so:libmvpu_runtime_25_pub.mtk.so:libmvpu_engine_25_pub.mtk.so:libmvpu_pattern_25_pub.mtk.so:libmvpuop25_mtk_cv.mtk.so:libmvpuop25_mtk_nn.mtk.so:libmvpu_config.mtk.so:libteeservice_client.trustonic.so
02-20 15:33:36.445 19930 23962 D nativeloader: Load /data/app/~~UELFmXqVTE6Ewl-4IPokHA==/com.google.android.gms-aTdDY3B1-rCt-H5aDc7cBQ==/base.apk!/lib/arm64-v8a/libconscrypt_gmscore_jni.so using class loader ns clns-9 (caller=/data/app/~~UELFmXqVTE6Ewl-4IPokHA==/com.google.android.gms-aTdDY3B1-rCt-H5aDc7cBQ==/base.apk): ok
02-20 15:33:36.447 19930 23962 V NativeCrypto: Registering com/google/android/gms/org/conscrypt/NativeCrypto's 334 native methods...
02-20 15:33:36.449  1858  4444 D ConnectivityService: requestNetwork for uid/pid:10175/11724 activeRequest: null callbackRequest: 57172 [NetworkRequest [ REQUEST id=57173, [ Capabilities: INTERNET&NOT_RESTRICTED&TRUSTED&NOT_VCN_MANAGED Uid: 10175 RequestorUid: 10175 RequestorPkg: com.google.android.apps.messaging UnderlyingNetworks: Null] ]] callback flags: 0 order: 2147483647 isUidTracked: false declaredMethods: AVAIL|LOST
02-20 15:33:36.451  1858  2113 D WifiNetworkFactory: got request NetworkRequest [ REQUEST id=57173, [ Capabilities: INTERNET&NOT_RESTRICTED&TRUSTED&NOT_VCN_MANAGED Uid: 10175 RequestorUid: 10175 RequestorPkg: com.google.android.apps.messaging UnderlyingNetworks: Null] ]
02-20 15:33:36.452  1858  2113 D UntrustedWifiNetworkFactory: got request NetworkRequest [ REQUEST id=57173, [ Capabilities: INTERNET&NOT_RESTRICTED&TRUSTED&NOT_VCN_MANAGED Uid: 10175 RequestorUid: 10175 RequestorPkg: com.google.android.apps.messaging UnderlyingNetworks: Null] ]
02-20 15:33:36.452  1858  2113 D OemPaidWifiNetworkFactory: got request NetworkRequest [ REQUEST id=57173, [ Capabilities: INTERNET&NOT_RESTRICTED&TRUSTED&NOT_VCN_MANAGED Uid: 10175 RequestorUid: 10175 RequestorPkg: com.google.android.apps.messaging UnderlyingNetworks: Null] ]
02-20 15:33:36.452  1858  2113 D MultiInternetWifiNetworkFactory: got request NetworkRequest [ REQUEST id=57173, [ Capabilities: INTERNET&NOT_RESTRICTED&TRUSTED&NOT_VCN_MANAGED Uid: 10175 RequestorUid: 10175 RequestorPkg: com.google.android.apps.messaging UnderlyingNetworks: Null] ]
02-20 15:33:36.453  1435  1533 D AAL     : 02-20 03:33:36.089 BL= 775,ESS= 256, 02-20 03:33:36.172 BL= 776,ESS= 256, 02-20 03:33:36.271 BL= 777,ESS= 256, 02-20 03:33:36.353 BL= 778,ESS= 256, 02-20 03:33:36.453 BL= 779,ESS= 256, 
02-20 15:33:36.453  1858  2122 D ConnectivityService: NetReassign [57173 : null ÔåÆ 499] [c 0] [a 0] [i 3]
02-20 15:33:36.455 19930 23952 D StrictMode: StrictMode policy violation: android.os.strictmode.NetworkViolation
02-20 15:33:36.455 19930 23952 D StrictMode: 	at android.os.StrictMode$AndroidBlockGuardPolicy.onNetwork(StrictMode.java:1672)
02-20 15:33:36.455 19930 23952 D StrictMode: 	at com.android.org.conscrypt.Platform.blockGuardOnNetwork(Platform.java:433)
02-20 15:33:36.455 19930 23952 D StrictMode: 	at com.android.org.conscrypt.ConscryptEngineSocket$SSLInputStream.processDataFromSocket(ConscryptEngineSocket.java:885)
02-20 15:33:36.455 19930 23952 D StrictMode: 	at com.android.org.conscrypt.ConscryptEngineSocket$SSLInputStream.readUntilDataAvailable(ConscryptEngineSocket.java:873)
02-20 15:33:36.455 19930 23952 D StrictMode: 	at com.android.org.conscrypt.ConscryptEngineSocket$SSLInputStream.read(ConscryptEngineSocket.java:846)
02-20 15:33:36.455 19930 23952 D StrictMode: 	at com.android.okhttp.okio.Okio$2.read(Okio.java:138)
02-20 15:33:36.455 19930 23952 D StrictMode: 	at com.android.okhttp.okio.AsyncTimeout$2.read(AsyncTimeout.java:213)
02-20 15:33:36.455 19930 23952 D StrictMode: 	at com.android.okhttp.okio.RealBufferedSource.request(RealBufferedSource.java:72)
02-20 15:33:36.455 19930 23952 D StrictMode: 	at com.android.okhttp.okio.RealBufferedSource.require(RealBufferedSource.java:65)
02-20 15:33:36.455 19930 23952 D StrictMode: 	at com.android.okhttp.okio.RealBufferedSource.readHexadecimalUnsignedLong(RealBufferedSource.java:271)
02-20 15:33:36.455 19930 23952 D StrictMode: 	at com.android.okhttp.internal.http.Http1xStream$ChunkedSource.readChunkSize(Http1xStream.java:456)
02-20 15:33:36.455 19930 23952 D StrictMode: 	at com.android.okhttp.internal.http.Http1xStream$ChunkedSource.read(Http1xStream.java:437)
02-20 15:33:36.455 19930 23952 D StrictMode: 	at com.android.okhttp.okio.RealBufferedSource.read(RealBufferedSource.java:51)
02-20 15:33:36.455 19930 23952 D StrictMode: 	at com.android.okhttp.okio.RealBufferedSource.exhausted(RealBufferedSource.java:61)
02-20 15:33:36.455 19930 23952 D StrictMode: 	at com.android.okhttp.okio.InflaterSource.refill(InflaterSource.java:103)
02-20 15:33:36.455 19930 23952 D StrictMode: 	at com.android.okhttp.okio.InflaterSource.read(InflaterSource.java:64)
02-20 15:33:36.455 19930 23952 D StrictMode: 	at com.android.okhttp.okio.GzipSource.read(GzipSource.java:82)
02-20 15:33:36.455 19930 23952 D StrictMode: 	at com.android.okhttp.okio.RealBufferedSource$1.read(RealBufferedSource.java:372)
02-20 15:33:36.455 19930 23952 D StrictMode: 	at sun.nio.cs.StreamDecoder.readBytes(StreamDecoder.java:309)
02-20 15:33:36.455 19930 23952 D StrictMode: 	at sun.nio.cs.StreamDecoder.implRead(StreamDecoder.java:373)
02-20 15:33:36.455 19930 23952 D StrictMode: 	at sun.nio.cs.StreamDecoder.read(StreamDecoder.java:183)
02-20 15:33:36.455 19930 23952 D StrictMode: 	at java.io.InputStreamReader.read(InputStreamReader.java:177)
02-20 15:33:36.455 19930 23952 D StrictMode: 	at java.io.BufferedReader.fill(BufferedReader.java:172)
02-20 15:33:36.455 19930 23952 D StrictMode: 	at java.io.BufferedReader.readLine(BufferedReader.java:337)
02-20 15:33:36.455 19930 23952 D StrictMode: 	at java.io.BufferedReader.readLine(BufferedReader.java:403)
02-20 15:33:36.455 19930 23952 D StrictMode: 	at js.c.invokeSuspend(SourceFile:141)
02-20 15:33:36.455 19930 23952 D StrictMode: 	at js.c.invoke(SourceFile:13)
02-20 15:33:36.455 19930 23952 D StrictMode: 	at w03.baz.a(SourceFile:5)
02-20 15:33:36.455 19930 23952 D StrictMode: 	at p03.f.f(Unknown Source:74)
02-20 15:33:36.455 19930 23952 D StrictMode: 	at js.d.a(SourceFile:13)
02-20 15:33:36.455 19930 23952 D StrictMode: 	at js.b.b(SourceFile:345)
02-20 15:33:36.455 19930 23952 D StrictMode: 	at js.b$bar.invokeSuspend(SourceFile:12)
02-20 15:33:36.455 19930 23952 D StrictMode: 	at pz2.bar.resumeWith(SourceFile:14)
02-20 15:33:36.455 19930 23952 D StrictMode: 	at p03.v0.run(SourceFile:121)
02-20 15:33:36.455 19930 23952 D StrictMode: 	at java.util.concurrent.ThreadPoolExecutor.runWorker(ThreadPoolExecutor.java:1154)
02-20 15:33:36.455 19930 23952 D StrictMode: 	at java.util.concurrent.ThreadPoolExecutor$Worker.run(ThreadPoolExecutor.java:652)
02-20 15:33:36.455 19930 23952 D StrictMode: 	at ar.bar.run(SourceFile:17)
02-20 15:33:36.455 19930 23952 D StrictMode: 	at java.lang.Thread.run(Thread.java:1563)
02-20 15:33:36.463  2407  2407 D CentralSurfaces13.0.5.144: Received new disable state: enaihbcrso.qingr (unchanged)
02-20 15:33:36.469 24088 24088 D nativeloader: Configuring clns-5 for other apk /system/framework/com.android.location.provider.jar. target_sdk_version=36, uses_libraries=ALL, library_path=/data/app/~~UELFmXqVTE6Ewl-4IPokHA==/com.google.android.gms-aTdDY3B1-rCt-H5aDc7cBQ==/lib/arm64:/data/app/~~UELFmXqVTE6Ewl-4IPokHA==/com.google.android.gms-aTdDY3B1-rCt-H5aDc7cBQ==/base.apk!/lib/arm64-v8a, permitted_path=/data:/mnt/expand:/data/user/0/com.google.android.gms
02-20 15:33:36.469 24088 24088 D nativeloader: Extending system_exposed_libraries: libapuwareapusys.mtk.so:libapuwareapusys_v2.mtk.so:libapuwarexrp.mtk.so:libapuwarexrp_v2.mtk.so:libapuwareutils.mtk.so:libapuwareutils_v2.mtk.so:libapuwarehmp.mtk.so:libmcv_runtime_usdk.mtk.so:libneuron_graph_delegate.mtk.so:libneuronusdk_adapter.mtk.so:libtflite_mtk.mtk.so:libarmnn_ndk.mtk.so:libcmdl_ndk.mtk.so:libnir_neon_driver_ndk.mtk.so:libmvpu_runtime.mtk.so:libmvpu_runtime_pub.mtk.so:libmvpu_engine_pub.mtk.so:libmvpu_pattern_pub.mtk.so:libmvpuop_mtk_cv.mtk.so:libmvpuop_mtk_nn.mtk.so:libmvpu_runtime_25.mtk.so:libmvpu_runtime_25_pub.mtk.so:libmvpu_engine_25_pub.mtk.so:libmvpu_pattern_25_pub.mtk.so:libmvpuop25_mtk_cv.mtk.so:libmvpuop25_mtk_nn.mtk.so:libmvpu_config.mtk.so:libteeservice_client.trustonic.so
02-20 15:33:36.474 24088 24088 D nativeloader: Configuring clns-6 for other apk /system/framework/com.android.media.remotedisplay.jar. target_sdk_version=36, uses_libraries=ALL, library_path=/data/app/~~UELFmXqVTE6Ewl-4IPokHA==/com.google.android.gms-aTdDY3B1-rCt-H5aDc7cBQ==/lib/arm64:/data/app/~~UELFmXqVTE6Ewl-4IPokHA==/com.google.android.gms-aTdDY3B1-rCt-H5aDc7cBQ==/base.apk!/lib/arm64-v8a, permitted_path=/data:/mnt/expand:/data/user/0/com.google.android.gms
02-20 15:33:36.474 24088 24088 D nativeloader: Extending system_exposed_libraries: libapuwareapusys.mtk.so:libapuwareapusys_v2.mtk.so:libapuwarexrp.mtk.so:libapuwarexrp_v2.mtk.so:libapuwareutils.mtk.so:libapuwareutils_v2.mtk.so:libapuwarehmp.mtk.so:libmcv_runtime_usdk.mtk.so:libneuron_graph_delegate.mtk.so:libneuronusdk_adapter.mtk.so:libtflite_mtk.mtk.so:libarmnn_ndk.mtk.so:libcmdl_ndk.mtk.so:libnir_neon_driver_ndk.mtk.so:libmvpu_runtime.mtk.so:libmvpu_runtime_pub.mtk.so:libmvpu_engine_pub.mtk.so:libmvpu_pattern_pub.mtk.so:libmvpuop_mtk_cv.mtk.so:libmvpuop_mtk_nn.mtk.so:libmvpu_runtime_25.mtk.so:libmvpu_runtime_25_pub.mtk.so:libmvpu_engine_25_pub.mtk.so:libmvpu_pattern_25_pub.mtk.so:libmvpuop25_mtk_cv.mtk.so:libmvpuop25_mtk_nn.mtk.so:libmvpu_config.mtk.so:libteeservice_client.trustonic.so
02-20 15:33:36.483  2625  3296 W TelephonyPermissions: reportAccessDeniedToReadIdentifiers:com.truecaller:getActiveSubscriptionInfo:1
02-20 15:33:36.483  1160  1160 I BufferQueueProducer: [StatusBar#89](this:0xb4000078289b7f58,id:-1,api:0,p:-1,c:1160) queueBuffer: fps=0.31 dur=3248.83 max=3248.83 min=3248.83
02-20 15:33:36.503 19930 23952 D StrictMode: StrictMode policy violation: android.os.strictmode.NetworkViolation
02-20 15:33:36.503 19930 23952 D StrictMode: 	at android.os.StrictMode$AndroidBlockGuardPolicy.onNetwork(StrictMode.java:1672)
02-20 15:33:36.503 19930 23952 D StrictMode: 	at com.android.org.conscrypt.Platform.blockGuardOnNetwork(Platform.java:433)
02-20 15:33:36.503 19930 23952 D StrictMode: 	at com.android.org.conscrypt.ConscryptEngineSocket$SSLInputStream.processDataFromSocket(ConscryptEngineSocket.java:885)
02-20 15:33:36.503 19930 23952 D StrictMode: 	at com.android.org.conscrypt.ConscryptEngineSocket$SSLInputStream.readUntilDataAvailable(ConscryptEngineSocket.java:873)
02-20 15:33:36.503 19930 23952 D StrictMode: 	at com.android.org.conscrypt.ConscryptEngineSocket$SSLInputStream.read(ConscryptEngineSocket.java:846)
02-20 15:33:36.503 19930 23952 D StrictMode: 	at com.android.okhttp.okio.Okio$2.read(Okio.java:138)
02-20 15:33:36.503 19930 23952 D StrictMode: 	at com.android.okhttp.okio.AsyncTimeout$2.read(AsyncTimeout.java:213)
02-20 15:33:36.503 19930 23952 D StrictMode: 	at com.android.okhttp.okio.RealBufferedSource.request(RealBufferedSource.java:72)
02-20 15:33:36.503 19930 23952 D StrictMode: 	at com.android.okhttp.okio.RealBufferedSource.require(RealBufferedSource.java:65)
02-20 15:33:36.503 19930 23952 D StrictMode: 	at com.android.okhttp.okio.RealBufferedSource.readHexadecimalUnsignedLong(RealBufferedSource.java:271)
02-20 15:33:36.503 19930 23952 D StrictMode: 	at com.android.okhttp.internal.http.Http1xStream$ChunkedSource.readChunkSize(Http1xStream.java:456)
02-20 15:33:36.503 19930 23952 D StrictMode: 	at com.android.okhttp.internal.http.Http1xStream$ChunkedSource.read(Http1xStream.java:437)
02-20 15:33:36.503 19930 23952 D StrictMode: 	at com.android.okhttp.okio.RealBufferedSource.read(RealBufferedSource.java:51)
02-20 15:33:36.503 19930 23952 D StrictMode: 	at com.android.okhttp.okio.RealBufferedSource.exhausted(RealBufferedSource.java:61)
02-20 15:33:36.503 19930 23952 D StrictMode: 	at com.android.okhttp.okio.GzipSource.read(GzipSource.java:101)
02-20 15:33:36.503 19930 23952 D StrictMode: 	at com.android.okhttp.okio.RealBufferedSource$1.read(RealBufferedSource.java:372)
02-20 15:33:36.503 19930 23952 D StrictMode: 	at sun.nio.cs.StreamDecoder.readBytes(StreamDecoder.java:309)
02-20 15:33:36.503 19930 23952 D StrictMode: 	at sun.nio.cs.StreamDecoder.implRead(StreamDecoder.java:373)
02-20 15:33:36.503 19930 23952 D StrictMode: 	at sun.nio.cs.StreamDecoder.read(StreamDecoder.java:183)
02-20 15:33:36.503 19930 23952 D StrictMode: 	at java.io.InputStreamReader.read(InputStreamReader.java:177)
02-20 15:33:36.503 19930 23952 D StrictMode: 	at java.io.BufferedReader.fill(BufferedReader.java:172)
02-20 15:33:36.503 19930 23952 D StrictMode: 	at java.io.BufferedReader.readLine(BufferedReader.java:337)
02-20 15:33:36.503 19930 23952 D StrictMode: 	at java.io.BufferedReader.readLine(BufferedReader.java:403)
02-20 15:33:36.503 19930 23952 D StrictMode: 	at js.c.invokeSuspend(SourceFile:141)
02-20 15:33:36.503 19930 23952 D StrictMode: 	at js.c.invoke(SourceFile:13)
02-20 15:33:36.503 19930 23952 D StrictMode: 	at w03.baz.a(SourceFile:5)
02-20 15:33:36.503 19930 23952 D StrictMode: 	at p03.f.f(Unknown Source:74)
02-20 15:33:36.503 19930 23952 D StrictMode: 	at js.d.a(SourceFile:13)
02-20 15:33:36.503 19930 23952 D StrictMode: 	at js.b.b(SourceFile:345)
02-20 15:33:36.503 19930 23952 D StrictMode: 	at js.b$bar.invokeSuspend(SourceFile:12)
02-20 15:33:36.503 19930 23952 D StrictMode: 	at pz2.bar.resumeWith(SourceFile:14)
02-20 15:33:36.503 19930 23952 D StrictMode: 	at p03.v0.run(SourceFile:121)
02-20 15:33:36.503 19930 23952 D StrictMode: 	at java.util.concurrent.ThreadPoolExecutor.runWorker(ThreadPoolExecutor.java:1154)
02-20 15:33:36.503 19930 23952 D StrictMode: 	at java.util.concurrent.ThreadPoolExecutor$Worker.run(ThreadPoolExecutor.java:652)
02-20 15:33:36.503 19930 23952 D StrictMode: 	at ar.bar.run(SourceFile:17)
02-20 15:33:36.503 19930 23952 D StrictMode: 	at java.lang.Thread.run(Thread.java:1563)
02-20 15:33:36.517 19930 23962 I ProviderInstaller: Installed default security provider GmsCore_OpenSSL
02-20 15:33:36.519  1858  4444 E AppOps  : Bad call made by uid 10118. Package "com.google.android.gms" does not belong to uid 10243.
02-20 15:33:36.521 19930 24103 E GoogleApiManager: Failed to get service from broker. 
02-20 15:33:36.521 19930 24103 E GoogleApiManager: java.lang.SecurityException: Unknown calling package name 'com.google.android.gms'.
02-20 15:33:36.521 19930 24103 E GoogleApiManager: 	at android.os.Parcel.createExceptionOrNull(Parcel.java:3043)
02-20 15:33:36.521 19930 24103 E GoogleApiManager: 	at android.os.Parcel.createException(Parcel.java:3027)
02-20 15:33:36.521 19930 24103 E GoogleApiManager: 	at android.os.Parcel.readException(Parcel.java:3010)
02-20 15:33:36.521 19930 24103 E GoogleApiManager: 	at android.os.Parcel.readException(Parcel.java:2952)
02-20 15:33:36.521 19930 24103 E GoogleApiManager: 	at bejw.a(:com.google.android.gms@260438029@26.04.38 (190400-867839860):36)
02-20 15:33:36.521 19930 24103 E GoogleApiManager: 	at behx.z(:com.google.android.gms@260438029@26.04.38 (190400-867839860):143)
02-20 15:33:36.521 19930 24103 E GoogleApiManager: 	at bdob.run(:com.google.android.gms@260438029@26.04.38 (190400-867839860):42)
02-20 15:33:36.521 19930 24103 E GoogleApiManager: 	at android.os.Handler.handleCallback(Handler.java:942)
02-20 15:33:36.521 19930 24103 E GoogleApiManager: 	at android.os.Handler.dispatchMessage(Handler.java:99)
02-20 15:33:36.521 19930 24103 E GoogleApiManager: 	at crtl.mx(:com.google.android.gms@260438029@26.04.38 (190400-867839860):1)
02-20 15:33:36.521 19930 24103 E GoogleApiManager: 	at crtl.dispatchMessage(:com.google.android.gms@260438029@26.04.38 (190400-867839860):5)
02-20 15:33:36.521 19930 24103 E GoogleApiManager: 	at android.os.Looper.loopOnce(Looper.java:204)
02-20 15:33:36.521 19930 24103 E GoogleApiManager: 	at android.os.Looper.loop(Looper.java:291)
02-20 15:33:36.521 19930 24103 E GoogleApiManager: 	at android.os.HandlerThread.run(HandlerThread.java:67)
02-20 15:33:36.522 19930 24103 W GoogleApiManager: Not showing notification since connectionResult is not user-facing: ConnectionResult{statusCode=DEVELOPER_ERROR, resolution=null, message=null, clientMethodKey=null}
02-20 15:33:36.524 19930 24097 W FlagRegistrar: Failed to register com.google.android.gms.providerinstaller#com.truecaller
02-20 15:33:36.524 19930 24097 W FlagRegistrar: fyjy: 17: 17: API: Phenotype.API is not available on this device. Connection failed with: ConnectionResult{statusCode=DEVELOPER_ERROR, resolution=null, message=null, clientMethodKey=null}
02-20 15:33:36.524 19930 24097 W FlagRegistrar: 	at fyka.a(:com.google.android.gms@260438029@26.04.38 (190400-867839860):13)
02-20 15:33:36.524 19930 24097 W FlagRegistrar: 	at gwrf.d(:com.google.android.gms@260438029@26.04.38 (190400-867839860):3)
02-20 15:33:36.524 19930 24097 W FlagRegistrar: 	at gwrh.run(:com.google.android.gms@260438029@26.04.38 (190400-867839860):130)
02-20 15:33:36.524 19930 24097 W FlagRegistrar: 	at gwto.execute(:com.google.android.gms@260438029@26.04.38 (190400-867839860):1)
02-20 15:33:36.524 19930 24097 W FlagRegistrar: 	at gwrp.f(:com.google.android.gms@260438029@26.04.38 (190400-867839860):1)
02-20 15:33:36.524 19930 24097 W FlagRegistrar: 	at gwrp.m(:com.google.android.gms@260438029@26.04.38 (190400-867839860):99)
02-20 15:33:36.524 19930 24097 W FlagRegistrar: 	at gwrp.r(:com.google.android.gms@260438029@26.04.38 (190400-867839860):17)
02-20 15:33:36.524 19930 24097 W FlagRegistrar: 	at fqye.hz(:com.google.android.gms@260438029@26.04.38 (190400-867839860):35)
02-20 15:33:36.524 19930 24097 W FlagRegistrar: 	at feay.run(:com.google.android.gms@260438029@26.04.38 (190400-867839860):12)
02-20 15:33:36.524 19930 24097 W FlagRegistrar: 	at gwto.execute(:com.google.android.gms@260438029@26.04.38 (190400-867839860):1)
02-20 15:33:36.524 19930 24097 W FlagRegistrar: 	at feaz.b(:com.google.android.gms@260438029@26.04.38 (190400-867839860):18)
02-20 15:33:36.524 19930 24097 W FlagRegistrar: 	at febo.b(:com.google.android.gms@260438029@26.04.38 (190400-867839860):34)
02-20 15:33:36.524 19930 24097 W FlagRegistrar: 	at febq.d(:com.google.android.gms@260438029@26.04.38 (190400-867839860):25)
02-20 15:33:36.524 19930 24097 W FlagRegistrar: 	at bdlk.c(:com.google.android.gms@260438029@26.04.38 (190400-867839860):9)
02-20 15:33:36.524 19930 24097 W FlagRegistrar: 	at bdnz.q(:com.google.android.gms@260438029@26.04.38 (190400-867839860):48)
02-20 15:33:36.524 19930 24097 W FlagRegistrar: 	at bdnz.d(:com.google.android.gms@260438029@26.04.38 (190400-867839860):10)
02-20 15:33:36.524 19930 24097 W FlagRegistrar: 	at bdnz.g(:com.google.android.gms@260438029@26.04.38 (190400-867839860):191)
02-20 15:33:36.524 19930 24097 W FlagRegistrar: 	at bdnz.onConnectionFailed(:com.google.android.gms@260438029@26.04.38 (190400-867839860):2)
02-20 15:33:36.524 19930 24097 W FlagRegistrar: 	at bdob.run(:com.google.android.gms@260438029@26.04.38 (190400-867839860):70)
02-20 15:33:36.524 19930 24097 W FlagRegistrar: 	at android.os.Handler.handleCallback(Handler.java:942)
02-20 15:33:36.524 19930 24097 W FlagRegistrar: 	at android.os.Handler.dispatchMessage(Handler.java:99)
02-20 15:33:36.524 19930 24097 W FlagRegistrar: 	at crtl.mx(:com.google.android.gms@260438029@26.04.38 (190400-867839860):1)
02-20 15:33:36.524 19930 24097 W FlagRegistrar: 	at crtl.dispatchMessage(:com.google.android.gms@260438029@26.04.38 (190400-867839860):5)
02-20 15:33:36.524 19930 24097 W FlagRegistrar: 	at android.os.Looper.loopOnce(Looper.java:204)
02-20 15:33:36.524 19930 24097 W FlagRegistrar: 	at android.os.Looper.loop(Looper.java:291)
02-20 15:33:36.524 19930 24097 W FlagRegistrar: 	at android.os.HandlerThread.run(HandlerThread.java:67)
02-20 15:33:36.524 19930 24097 W FlagRegistrar: Caused by: bdjr: 17: API: Phenotype.API is not available on this device. Connection failed with: ConnectionResult{statusCode=DEVELOPER_ERROR, resolution=null, message=null, clientMethodKey=null}
02-20 15:33:36.524 19930 24097 W FlagRegistrar: 	at behj.a(:com.google.android.gms@260438029@26.04.38 (190400-867839860):15)
02-20 15:33:36.524 19930 24097 W FlagRegistrar: 	at bdln.a(:com.google.android.gms@260438029@26.04.38 (190400-867839860):1)
02-20 15:33:36.524 19930 24097 W FlagRegistrar: 	at bdlk.c(:com.google.android.gms@260438029@26.04.38 (190400-867839860):5)
02-20 15:33:36.524 19930 24097 W FlagRegistrar: 	... 12 more
02-20 15:33:36.527 24088 24088 D nativeloader: Configuring clns-7 for other apk /data/app/~~UELFmXqVTE6Ewl-4IPokHA==/com.google.android.gms-aTdDY3B1-rCt-H5aDc7cBQ==/base.apk. target_sdk_version=36, uses_libraries=, library_path=/data/app/~~UELFmXqVTE6Ewl-4IPokHA==/com.google.android.gms-aTdDY3B1-rCt-H5aDc7cBQ==/lib/arm64:/data/app/~~UELFmXqVTE6Ewl-4IPokHA==/com.google.android.gms-aTdDY3B1-rCt-H5aDc7cBQ==/base.apk!/lib/arm64-v8a, permitted_path=/data:/mnt/expand:/data/user/0/com.google.android.gms
02-20 15:33:36.535  1435  1533 D AAL     : 02-20 03:33:36.469 BL= 780,ESS= 256, 02-20 03:33:36.486 BL= 781,ESS= 256, 02-20 03:33:36.502 BL= 782,ESS= 256, 02-20 03:33:36.519 BL= 783,ESS= 256, 02-20 03:33:36.535 BL= 784,ESS= 256, 
02-20 15:33:36.543  1858  1890 I BaseFilesVerify: Base File verify start
02-20 15:33:36.543  1858  1890 W BaseFilesVerify: com.google.android.apps.messaging.xmlis not in fileProtect list,can not protect this file
02-20 15:33:36.543  1858  1890 D os.permission.PermissionInfo: checkPermission 10174:android.permission.ACCESS_SHORTCUTS:false
02-20 15:33:36.552 24088 24088 D nativeloader: Load libframework-connectivity-jni.so using APEX ns com_android_tethering for caller /apex/com.android.tethering/javalib/framework-connectivity.jar: ok
02-20 15:33:36.552 20026 23399 D AdvertisingIdClient: AdvertisingIdClient already created.
02-20 15:33:36.556 24088 24088 V GraphicsEnvironment: ANGLE Developer option for 'com.google.android.gms' set to: 'default'
02-20 15:33:36.557 24088 24088 V GraphicsEnvironment: ANGLE GameManagerService for com.google.android.gms: false
02-20 15:33:36.557 24088 24088 V GraphicsEnvironment: Neither updatable production driver nor prerelease driver is supported.
02-20 15:33:36.560  4653 12732 D SmartPanelPresenter1: onShortcutChange shortcuts size =[ShortcutInfo {id=***, flags=0x5b4 [ImManIc-rKeyStrRets], packageName=com.google.android.apps.messaging, activity=ComponentInfo{com.google.android.apps.messaging/com.google.android.apps.messaging.ui.ConversationListActivity}, shortLabel=***, resId=0[null], longLabel=***, resId=0[null], disabledMessage=***, resId=0[null], disabledReason=[Not disabled], categories=null, persons=null, icon=null, rank=0, timestamp=1771593395838, intents=null, extras=null}, ShortcutInfo {id=***, flags=0x2699 [DynIc-fIc-aKeyStrRetsLiv], packageName=com.google.android.apps.messaging, activity=ComponentInfo{com.google.android.apps.messaging/com.google.android.apps.messaging.ui.ConversationListActivity}, shortLabel=***, resId=0[null], longLabel=***, resId=0[null], disabledMessage=***, resId=0[null], disabledReason=[Not disabled], categories=null, persons=null, icon=null, rank=0, timestamp=1771598016430, intents=null, extras=null}, ShortcutInfo {id=***, flags=0x6698 [Ic-fIc-aKeyStrRetsLiv], packageName=com.google.android.apps.messaging, activity=ComponentInfo{com.google.android.apps.messaging/com.google.android.apps.messaging.ui.ConversationListActivity}, shortLabel=***, resId=0[null], longLabel=***, resId=0[null], disabledMessage=***, resId=0[null], disabledReason=[Not disabled], categories=null, persons=null, icon=null, rank=0, timestamp=1768605243162, intents=null, extras=null}, ShortcutInfo {id=***, flags=0x2699 [DynIc-fIc-aKeyStrRetsLiv], packageName=com.google.android.apps.messaging, activity=ComponentInfo{com.google.android.apps.messaging/com.google.android.apps.messaging.ui.ConversationListActivity}, shortLabel=***, resId=0[null], longLabel=***, resId=0[null], disabledMessage=***, resId=0[null], disabledReason=[Not disabled], categories=null, persons=null, icon=null, rank=0, timestamp=1770811328867, intents=null, extras=null}, ShortcutInfo {id=***, flags=0x6699 [DynIc-fIc-aKeyStrRetsLiv], packageName=com.google.android.apps.messaging, activity=ComponentInfo{com.google.android.apps.messaging/com.google.android.apps.messaging.ui.ConversationListActivity}, shortLabel=***, resId=0[null], longLabel=***, resId=0[null], disabledMessage=***, resId=0[null], disabledReason=[Not disabled], categories=null, persons=null, icon=null, rank=0, timestamp=1770988595401, intents=null, extras=null}, ShortcutInfo {id=***, flags=0x2699 [DynIc-fIc-aKeyStrRetsLiv], packageName=com.google.android.apps.messaging, activity=ComponentInfo{com.google.android.apps.messaging/com.google.android.apps.messaging.ui.ConversationListActivity}, shortLabel=***, resId=0[null], longLabel=***, resId=0[null], disabledMessage=***, resId=0[null], disabledReason=[Not disabled], categories=null, persons=null, icon=null, rank=0, timestamp=1768336002084, intents=null, extras=null}, ShortcutInfo {id=***, flags=0x2699 [DynIc-fIc-aKeyStrRetsLiv], packageName=com.google.android.apps.messaging, activity=ComponentInfo{com.google.android.apps.messaging/com.google.android.apps.messaging.ui.ConversationListActivity}, shortLabel=***, resId=0[null], longLabel=***, resId=0[null], disabledMessage=***, resId=0[null], disabledReason=[Not disabled], categories=null, persons=null, icon=null, rank=0, timestamp=1768336002084, intents=null, extras=null}, ShortcutInfo {id=***, flags=0x2699 [DynIc-fIc-aKeyStrRetsLiv], packageName=com.google.android.apps.messaging, activity=ComponentInfo{com.google.android.apps.messaging/com.google.android.apps.messaging.ui.ConversationListActivity}, shortLabel=***, resId=0[null], longLabel=***, resId=0[null], disabledMessage=***, resId=0[null], disabledReason=[Not disabled], categories=null, persons=null, icon=null, rank=0, timestamp=1768336002084, intents=null, extras=null}, ShortcutInfo {id=***, flags=0x2699 [DynIc-fIc-aKeyStrRetsLiv], packageName=com.google.android.apps.messaging, activity=ComponentInfo{com.google.android.apps.messaging/com.google.android.apps.messaging.ui.ConversationListActivity}, shortLabel=***, resId=0[null], longLabel=***, resId=0[null], disabledMessage=***, resId=0[nul
02-20 15:33:36.561 20026 23399 I AdvertisingIdClient: shouldSendLog 1894426996
02-20 15:33:36.561 20026 23399 I AdvertisingIdClient: GetInfoInternal elapse 9ms
02-20 15:33:36.565 24088 24088 I LoadedApk: No resource references to update in package com.transsion.theme.icon
02-20 15:33:36.566 24088 24088 D NetworkSecurityConfig: Using Network Security Config from resource network_security_config debugBuild: false
02-20 15:33:36.568  2407  2407 I SysUI_OverviewSysUiProxyService:  isEnabled mIsEnabled false mIsFoldExpanded true
02-20 15:33:36.571  2407  2407 I SysUI_OverviewSysUiProxyService:  isEnabled mIsEnabled false mIsFoldExpanded true
02-20 15:33:36.571  1120  1173 I mtkpower@impl: [powerd_req] TIMER_MSG_PERF_LOCK_TIMEOUT hdl:1165971
02-20 15:33:36.572  1120  1173 I libPowerHal: [setClusterFreq] MTKPOWER_HINT_UX_SCROLLING: sysfs_freq set cpu freq: -1 -1 -1 -1 
02-20 15:33:36.572  1120  1173 I libPowerHal: [unsetGPUFreq] current min:2, max:2; scn_gpu_min:2, scn_gpu_max:2; scn_gpu_min(HL):-1, scn_gpu_max(HL):-1
02-20 15:33:36.572  1120  1173 I libPowerHal: MTKPOWER_HINT_UX_SCROLLING: set gpu opp level: 37
02-20 15:33:36.572  1120  1173 I libPowerHal: MTKPOWER_HINT_UX_SCROLLING: set gpu opp level max: 0
02-20 15:33:36.572  1120  1173 I libPowerHal: [setGPUFreq] Soft min/max = (37, 0); Hard min/max = (37, 0)
02-20 15:33:36.572  1120  1173 I libPowerHal: [setGPUFreq] final min/max = (37, 0)
02-20 15:33:36.572  1120  1173 I libPowerHal: MTKPOWER_HINT_UX_SCROLLING: set gpu opp level: 37
02-20 15:33:36.572  1120  1173 I libPowerHal: MTKPOWER_HINT_UX_SCROLLING: set gpu opp level max: 0
02-20 15:33:36.573  2407  2407 D SysUI_TrPanelViewPagerController: onPanelFractionUpdate() return by panel is collapse
02-20 15:33:36.573  2407  2407 D SysUI_NotificationCenterAnimHelper: resetNotificationView: reason=onHeightUpdate
02-20 15:33:36.574 24088 24088 D NetworkSecurityConfig: Using Network Security Config from resource network_security_config debugBuild: false
02-20 15:33:36.583  2625  3296 W TelephonyPermissions: reportAccessDeniedToReadIdentifiers:com.truecaller:getActiveSubscriptionInfo:1
02-20 15:33:36.584  2407  2407 D TsCustomizePanel: hide: animate=false
02-20 15:33:36.586  1858  1858 W binder:1858_18: type=1400 audit(0.0:2183124): avc: denied { read } for name="u:object_r:vendor_default_prop:s0" dev="tmpfs" ino=474 scontext=u:r:system_server:s0 tcontext=u:object_r:vendor_default_prop:s0 tclass=file permissive=0
02-20 15:33:36.587  4653  4653 I SmartPanel_SmartPanelPresenter1: hasLoadData true  data size = 12
02-20 15:33:36.588  1858  4446 W libc    : Access denied finding property "ro.vendor.tgpa_resolution_tuner"
02-20 15:33:36.588  1858  4446 I WindowManager: DisplayContent w: Window{e3c4c0c u0 NavigationBar0} Apply preferredModeId = 3
02-20 15:33:36.588  4653  4653 D PanelController: checkCanShow canShow: true
02-20 15:33:36.589  1858  4446 E WindowManager: isFocusOnThunderbackWindow false mFocusMultiWindowId: 11 newFocus: 0 thunderback: false
02-20 15:33:36.590  1858  4446 W WindowManager: Changing focus from Window{c0bc775 u0 NotificationShade} to Window{eafdfe6 u0 com.gallery20/com.gallery20.HomeActivity} displayId=0 Callers=com.android.server.wm.RootWindowContainer.updateFocusedWindowLocked:524 com.android.server.wm.WindowManagerService.updateFocusedWindowLocked:6384 com.android.server.wm.WindowManagerService.relayoutWindow:2641 com.android.server.wm.Session.relayout:267 
02-20 15:33:36.597  2407  2407 D TrNotificationCenterHeaderView: onApplyWindowInsets: true, endMargin = -18
02-20 15:33:36.597  2407  2407 D KeyguardStatusBarViewController:  InsetsProvider first=0, second=60
02-20 15:33:36.598  2407  2407 D TrQSContainerImpl: onApplyWindowInsets: mNavBarInset=120, navigationBars:Insets{left=0, top=0, right=0, bottom=120}
02-20 15:33:36.599 11724 11781 I BugleNotifications: Set shortcut badge counter to 840 [CONTEXT x_message_id=3424117378899735696 work_id="a5dde0ee-a278-4547-8f1c-2fc327d3da15" pipeline_type="SmsReceivePipeline" ]
02-20 15:33:36.600  1858  3532 V SettingsProvider: name : com_android_rcs_unread appId : 1001 pid : 2625 pkg :com.android.phone
02-20 15:33:36.601  1858  3532 V SettingsProvider: Package name : com.android.phone privateFlags : -1940911768
02-20 15:33:36.601  2407  2407 D SysUI_StaticBlurController: set TRANSPARENT
02-20 15:33:36.601  2407  2407 W View    : requestLayout() improperly called by android.view.View{3bafac3 V.ED..... ......ID 0,0-1080,2460 #7f0b0590 app:id/panel_blur} during layout: running second layout pass
02-20 15:33:36.602  1104  1104 I hwcomposer: [HWCDisplay] [Display_0 (type:1)] fps:37.558720,dur:1091.62,max:331.41,min:14.90  
02-20 15:33:36.604  1858  2473 I WindowManager: DisplayContent w: Window{e3c4c0c u0 NavigationBar0} Apply preferredModeId = 3
02-20 15:33:36.610 11724 23954 I WM-WorkerWrapper: Worker result SUCCESS for Work [ id=ce0b6a0b-61ca-44d9-a84e-654d6383fccc, tags={ com.google.android.apps.messaging.shared.datamodel.workqueue.WorkQueueWorkerShim,update_unread_counter- } ]
02-20 15:33:36.612 11724 11724 D WM-Processor: sew ce0b6a0b-61ca-44d9-a84e-654d6383fccc executed; reschedule = false
02-20 15:33:36.614 11724 23987 D WM-GreedyScheduler: Cancelling work ID ce0b6a0b-61ca-44d9-a84e-654d6383fccc
02-20 15:33:36.617  1160  1160 I BufferQueueProducer: [NotificationShade#368063](this:0xb400007828a8aaf8,id:-1,api:0,p:-1,c:1160) queueBuffer: fps=36.08 dur=1108.55 max=346.91 min=15.40
02-20 15:33:36.618  1435  1533 D AAL     : 02-20 03:33:36.552 BL= 786,ESS= 256, 02-20 03:33:36.569 BL= 788,ESS= 256, 02-20 03:33:36.585 BL= 790,ESS= 256, 02-20 03:33:36.601 BL= 791,ESS= 256, 02-20 03:33:36.618 BL= 793,ESS= 256, 
02-20 15:33:36.619 11724 23987 D WM-GreedyScheduler: Ignoring {WorkSpec: 9cdc645e-5c7c-4cdd-a5aa-b3082475b538}. Requires ContentUri triggers.
02-20 15:33:36.619 11724 23987 D WM-GreedyScheduler: Ignoring {WorkSpec: c4ec2dd0-1b9f-43c0-82f7-1b94972a9bff}. Requires device idle.
02-20 15:33:36.619 11724 23987 D WM-GreedyScheduler: Ignoring {WorkSpec: 21c3ef49-9913-4d60-89aa-25e90f8c767f}. Requires device idle.
02-20 15:33:36.619 11724 23987 D WM-GreedyScheduler: Ignoring {WorkSpec: d7e4d1e9-8b75-4937-adeb-dbbc4b127982}. Requires ContentUri triggers.
02-20 15:33:36.626  1858  2473 D TranWindowManagerService: hookIMEVisibleChanged(), show:false
02-20 15:33:36.627  1858  2473 I FloatWindow: hookInputMethodShown inputShown: false
02-20 15:33:36.627  1858  2473 I TranSourceConnectManagerImpl: hookInputMethodShown inputShown: false
02-20 15:33:36.627  1858  2473 I input_debug: package: com.gallery20 isPassWordInput: false inputType: 0 mMethodMap: true isKeyguardShowing: false enable: 0 isSplitScreen: false
02-20 15:33:36.629 27496 27496 I GoogleInputMethodService: GoogleInputMethodService.onFinishInput():2113 
02-20 15:33:36.630  4653  4653 I TranActivityManager: TranThubActivityManager
02-20 15:33:36.630  2407  2407 D QCPanelView: onWindowFocusChanged: hasWindowFocus=false
02-20 15:33:36.630  4653  4653 I TranActivityManager: TranThubActivityManager
02-20 15:33:36.631  4653  4653 I TranActivityManager: TranThubActivityManager
02-20 15:33:36.631  2407  2407 D SysUI_NotificationCenterAnimHelper: resetNotificationView: reason=resetViews
02-20 15:33:36.632  2407  2407 D SysUI_TrPanelViewPagerController: onPanelFractionUpdate() return by panel is collapse
02-20 15:33:36.632  2407  2407 D SysUI_NotificationCenterAnimHelper: resetNotificationView: reason=onHeightUpdate
02-20 15:33:36.632  2407  2407 D TsCustomizePanel: hide: animate=false
02-20 15:33:36.632  2407  2407 D QCPanelView: onVisibilityChanged: visibility=4
02-20 15:33:36.634  2407  2407 D CentralSurfaces13.0.5.144: call showBouncerOrLockScreenIfKeyguard
02-20 15:33:36.634  2407  2407 D CentralSurfaces13.0.5.144: Received new disable state: enaihbcrso.qingr (unchanged)
02-20 15:33:36.637  2407  2407 D TsCustomizePanel: hide: animate=true
02-20 15:33:36.637  2407  2407 D TsCustomizePanel: hide: animate=true
02-20 15:33:36.637  4653  4653 I TranSettings: TranThubSettings
02-20 15:33:36.642  1858  1858 W binder:1858_5: type=1400 audit(0.0:2183125): avc: denied { read } for name="u:object_r:vendor_default_prop:s0" dev="tmpfs" ino=474 scontext=u:r:system_server:s0 tcontext=u:object_r:vendor_default_prop:s0 tclass=file permissive=0
02-20 15:33:36.638 27496 27496 I Module  : DeviceLockedStatusModuleProvider$Module.updateDeviceLockedStatus():103 repeatCheckTimes = 0, locked = false
02-20 15:33:36.638 27496 27496 I GoogleInputMethodService: GoogleInputMethodService.onStartInput():1384 onStartInput(EditorInfo{EditorInfo{packageName=com.gallery20, inputType=0, inputTypeString=NULL, enableLearning=false, autoCorrection=false, autoComplete=false, imeOptions=0, privateImeOptions=null, actionName=UNSPECIFIED, actionLabel=null, initialSelStart=-1, initialSelEnd=-1, initialCapsMode=0, label=null, fieldId=-1, fieldName=null, extras=null, hintText=null, hintLocales=[]}}, false)
02-20 15:33:36.640 27496 27496 I Module  : DeviceLockedStatusModuleProvider$Module.updateDeviceLockedStatus():103 repeatCheckTimes = 1, locked = false
02-20 15:33:36.640  2407  2407 D TrNotificationCenterHeaderView: onApplyWindowInsets: true, endMargin = -18
02-20 15:33:36.641  2407  2407 D KeyguardStatusBarViewController:  InsetsProvider first=0, second=60
02-20 15:33:36.641  4653  4653 I TranActivityManager: TranThubActivityManager
02-20 15:33:36.641  2407  2407 D TrQSContainerImpl: onApplyWindowInsets: mNavBarInset=120, navigationBars:Insets{left=0, top=0, right=0, bottom=120}
02-20 15:33:36.642  4653  4653 I TranActivityManager: TranThubActivityManager
02-20 15:33:36.643  4653  4653 I TranActivityManager: TranThubActivityManager
02-20 15:33:36.644  4653  4653 I TranSettings: TranThubSettings
02-20 15:33:36.644  1858  2049 W libc    : Access denied finding property "ro.vendor.tgpa_resolution_tuner"
02-20 15:33:36.645  4653  4653 I SmartPanel_Game_Utils: setFloatingCanShow: 0
02-20 15:33:36.645  4653  4653 D PanelController: checkCanShow changed: true
02-20 15:33:36.645  4653  4653 D PanelAssociatedStateController: systemUIDropDown = false  screenModeType 0
02-20 15:33:36.644  1858  2049 I WindowManager:   isAnimating=false  okToAnimate=true  win=Window{c0bc775 u0 NotificationShade}
02-20 15:33:36.648  1160  1160 I BufferQueueProducer: [com.gallery20/com.gallery20.HomeActivity#368056](this:0xb400007828d41838,id:-1,api:0,p:-1,c:1160) queueBuffer: fps=0.57 dur=12204.33 max=12105.94 min=15.78
02-20 15:33:36.650  1858  2049 I WindowManager: DisplayContent w: Window{e3c4c0c u0 NavigationBar0} Apply preferredModeId = 3
02-20 15:33:36.653  4653  4653 D FloatingEdgeManager: handleValueChanged panelCanShow: true
02-20 15:33:36.653  4653  4653 D FloatingEdgeView: canShow true}
02-20 15:33:36.653  4653  4653 D FloatingEdgeView: setState DEFAULT}
02-20 15:33:36.655  4653  4653 D Game_Utils: setFloatingViewLocation: 2,678,384
02-20 15:33:36.655 11724 11813 I NotificationStyler: Style info set on notification builder [CONTEXT x_message_id=3424117378899735696 work_id="a5dde0ee-a278-4547-8f1c-2fc327d3da15" pipeline_type="SmsReceivePipeline" conversation_id="194" ]
02-20 15:33:36.655  2407  2407 D BLASTBufferQueue: [VRI[NotificationShade]#17784](f:0,a:4) destructor()
02-20 15:33:36.655  2407  2407 D BufferQueueConsumer: [VRI[NotificationShade]#17784(BLAST Consumer)17784](id:96700004593,api:0,p:-1,c:2407) disconnect
02-20 15:33:36.654  1858  1858 W binder:1858_17: type=1400 audit(0.0:2183126): avc: denied { read } for name="u:object_r:vendor_default_prop:s0" dev="tmpfs" ino=474 scontext=u:r:system_server:s0 tcontext=u:object_r:vendor_default_prop:s0 tclass=file permissive=0
02-20 15:33:36.658  1858  4444 W libc    : Access denied finding property "ro.vendor.tgpa_resolution_tuner"
02-20 15:33:36.661  1858  4444 I WindowManager: DisplayContent w: Window{e3c4c0c u0 NavigationBar0} Apply preferredModeId = 3
02-20 15:33:36.662  4653  4653 D PanelAssociatedStateController: handleValueChanged panelCanShow: true
02-20 15:33:36.664  1858  4446 I WindowManager: DisplayContent w: Window{e3c4c0c u0 NavigationBar0} Apply preferredModeId = 3
02-20 15:33:36.668  1160  1160 I BufferQueueDebug: [NotificationShade#368063](this:0xb400007828a8aaf8,id:-1,api:0,p:-1,c:1160) onDestructor()
02-20 15:33:36.670  1858  1858 W binder:1858_8: type=1400 audit(0.0:2183127): avc: denied { read } for name="u:object_r:vendor_default_prop:s0" dev="tmpfs" ino=474 scontext=u:r:system_server:s0 tcontext=u:object_r:vendor_default_prop:s0 tclass=file permissive=0
02-20 15:33:36.673  1858  2473 W libc    : Access denied finding property "ro.vendor.tgpa_resolution_tuner"
02-20 15:33:36.675  1120  1132 D AppFlingMode: [CheckAppFlingHint] 25 com.gallery20 -1
02-20 15:33:36.677  2407  2407 I deadZoneTOuch: false
02-20 15:33:36.677  1160  1211 I BufferQueueDebug: [#368070](this:0xb400007828b7f958,id:-1,api:0,p:-1,c:-1) BufferQueue core=(1160:/system/bin/surfaceflinger)
02-20 15:33:36.678  1858  4446 D TranPhoneWindowManagerImpl: interceptKeyTq keycode=3down = true
02-20 15:33:36.678  1858  4446 I WindowManager: [interceptKeyBeforeQueueing] shouldPerformVibForHardNav=false, useHapticFeedback=true, keyCode=3
02-20 15:33:36.678  1858  4446 D KeyCombinationManager: interceptKey 3 interactive=true true
02-20 15:33:36.678  1858  4446 D VibratorManagerService: enable vibrator opPkg = android
02-20 15:33:36.678  1858  4446 D VibratorManagerService: enable vibrator opPkg = android
02-20 15:33:36.679  1135  1135 D Vibrator: Vibrator perform 1, 0
02-20 15:33:36.679  1135  1135 I Vibrator: Vibrator on for timeoutMs: 65
02-20 15:33:36.679  1135  1135 D Vibrator: tran find linear motor vibrator
02-20 15:33:36.680  1135  1135 D Vibrator: Vibrator using LED trigger
02-20 15:33:36.681  1858  2473 I WindowManager: DisplayContent w: Window{e3c4c0c u0 NavigationBar0} Apply preferredModeId = 3
02-20 15:33:36.687  1407  1564 D ULogGuard: Monitoring: 16 threads, 0 requests, 0 time-bombs; 1 guards. ResetFlags = 0x7
02-20 15:33:36.687 11724 11813 I NotificationBuilder: Actions and callbacks set on notification builder [CONTEXT x_message_id=3424117378899735696 work_id="a5dde0ee-a278-4547-8f1c-2fc327d3da15" pipeline_type="SmsReceivePipeline" ]
02-20 15:33:36.689  1858  2473 I WindowManager: Relayout Window{e94ce5 u0 com.transsion.smartpanel}: oldVis=8 newVis=0 focusMayChange = true requestedWidth = 39 requestedHeight = 384 outFrames = ClientWindowFrames{frame=[1041,678][1080,1062] display=[0,0][1080,2460] parentFrame=[0,0][0,0] parentClippedByDisplayCutout=false} outSurfaceControl = Surface(name=)/@0x8d02a4
02-20 15:33:36.690 11724 11813 I NotificationBuilder: Converted builderInfo to notification builder [CONTEXT x_message_id=3424117378899735696 work_id="a5dde0ee-a278-4547-8f1c-2fc327d3da15" pipeline_type="SmsReceivePipeline" notification_type="2" notification_tag="com.google.android.apps.messaging:incoming_message:194" is_silent=false is_only_alert_once=false ]
02-20 15:33:36.691  4653  4653 D BufferQueueConsumer: [](id:122d00001e41,api:0,p:-1,c:4653) connect: controlledByApp=false
02-20 15:33:36.693 11724 11813 W Notification: Bubbles work best with icons of TYPE_URI or TYPE_URI_ADAPTIVE_BITMAP. In the future, using an icon of this type will be required.
02-20 15:33:36.695  4653  4653 D FloatingEdgeView: onLayout = false 0 0 39 39 
02-20 15:33:36.697  1160  1160 I BufferQueueProducer: [NavigationBar0#365979](this:0xb400007828b631b8,id:-1,api:0,p:-1,c:1160) queueBuffer: fps=0.03 dur=39852.07 max=39852.07 min=39852.07
02-20 15:33:36.698  1858  2473 V os.NotificationManagerServiceLice: new tranImportance=13,muteTime=9223372036854775807
02-20 15:33:36.698  1858  2473 V os.NotificationManagerServiceLice: current time=1771598016698
02-20 15:33:36.698  1858  2473 D os.notification.pre:  add StatusBarNotification 42491092 current size 1
02-20 15:33:36.698  1858  2473 D os.notification: onEnqueueNotificationInternal wait before
02-20 15:33:36.699  1160  1326 D SurfaceFlinger: calculateTimeoutTime, triggerInterval = 1 sec + 185200308 nsec
