02-20 15:33:35.258 19930 19930 D TranClassInfo: instance successfully. com.transsion.hubcore.graphics.TranGraphicImpl@daa8ba2 from com.transsion.hubcore.graphics.ITranGraphic
02-20 15:33:35.258 19930 19930 D os.SingleLiceFactory: instance successfully. com.transsion.typeface.v1.TypefaceLice@f640656 from android.graphics.IGraphicLice
02-20 15:33:35.258 19930 19930 D os.LiceInfo: instance successfully. com.transsion.graphics.GraphicLice@9750033 from android.graphics.IGraphicLice
02-20 15:33:35.264  2625  2778 D Mms/Provider/MmsSms: query begin, match = 4
02-20 15:33:35.264  2625  2778 D Mms/Provider/MmsSms: getAddressIds begin
02-20 15:33:35.268 19930 19930 D nativeloader: Configuring clns-4 for other apk /system/framework/org.apache.http.legacy.jar. target_sdk_version=36, uses_libraries=ALL, library_path=/data/app/~~BSXcSocJrOBlqNO3vqyafQ==/com.truecaller-DMlj96l2yJcHui69qQhnOQ==/lib/arm64:/data/app/~~BSXcSocJrOBlqNO3vqyafQ==/com.truecaller-DMlj96l2yJcHui69qQhnOQ==/base.apk!/lib/arm64-v8a:/data/app/~~BSXcSocJrOBlqNO3vqyafQ==/com.truecaller-DMlj96l2yJcHui69qQhnOQ==/split_config.arm64_v8a.apk!/lib/arm64-v8a:/data/app/~~BSXcSocJrOBlqNO3vqyafQ==/com.truecaller-DMlj96l2yJcHui69qQhnOQ==/split_config.xxhdpi.apk!/lib/arm64-v8a:/data/app/~~BSXcSocJrOBlqNO3vqyafQ==/com.truecaller-DMlj96l2yJcHui69qQhnOQ==/split_insights_category_model.apk!/lib/arm64-v8a:/data/app/~~BSXcSocJrOBlqNO3vqyafQ==/com.truecaller-DMlj96l2yJcHui69qQhnOQ==/split_insights_category_model.config.arm64_v8a.apk!/lib/arm64-v8a, permitted_path=/data:/mnt/expand:/data/user/0/com.truecaller
02-20 15:33:35.268 19930 19930 D nativeloader: Extending system_exposed_libraries: libapuwareapusys.mtk.so:libapuwareapusys_v2.mtk.so:libapuwarexrp.mtk.so:libapuwarexrp_v2.mtk.so:libapuwareutils.mtk.so:libapuwareutils_v2.mtk.so:libapuwarehmp.mtk.so:libmcv_runtime_usdk.mtk.so:libneuron_graph_delegate.mtk.so:libneuronusdk_adapter.mtk.so:libtflite_mtk.mtk.so:libarmnn_ndk.mtk.so:libcmdl_ndk.mtk.so:libnir_neon_driver_ndk.mtk.so:libmvpu_runtime.mtk.so:libmvpu_runtime_pub.mtk.so:libmvpu_engine_pub.mtk.so:libmvpu_pattern_pub.mtk.so:libmvpuop_mtk_cv.mtk.so:libmvpuop_mtk_nn.mtk.so:libmvpu_runtime_25.mtk.so:libmvpu_runtime_25_pub.mtk.so:libmvpu_engine_25_pub.mtk.so:libmvpu_pattern_25_pub.mtk.so:libmvpuop25_mtk_cv.mtk.so:libmvpuop25_mtk_nn.mtk.so:libmvpu_config.mtk.so:libteeservice_client.trustonic.so
02-20 15:33:35.274  2625  2778 D Mms/Provider/MmsSms: query end, count = 1
02-20 15:33:35.287  2625  3291 D Mms/Provider/MmsSms: query begin, match = 0
02-20 15:33:35.288  2625  3291 D Mms/Provider/MmsSms: get threads unread message count = 1210
02-20 15:33:35.289  1858  3788 V SettingsProvider: name : com_android_mms_mtk_unread appId : 1001 pid : 2625 pkg :com.android.phone
02-20 15:33:35.291  1858  3788 V SettingsProvider: Package name : com.android.phone privateFlags : -1940911768
02-20 15:33:35.297 11724 23588 I BugleTrustedContacts: isConversationAllowed: Devices not under supervision, conversation is always allowed. [CONTEXT x_message_id=3424117378899735696 work_id="a5dde0ee-a278-4547-8f1c-2fc327d3da15" pipeline_type="SmsReceivePipeline" class_name="ConversationTrustedContactsApi" ratelimit_period="1 MINUTES" ]
02-20 15:33:35.299  2625  3291 D Mms/Provider/MmsSms: query end, count = 1
02-20 15:33:35.302 11724 11798 I ReceiveSmsInfoGatherer: New SMS notified false read false messageInObservableConversation false blocked false isAllowedByParents true markAsNotifiedForSpam false [CONTEXT x_message_id=3424117378899735696 work_id="a5dde0ee-a278-4547-8f1c-2fc327d3da15" pipeline_type="SmsReceivePipeline" ]
02-20 15:33:35.307 11724 11816 I BuglePipeline: Running Interceptor ClassZeroInterceptor. Subject is expected type cqox [CONTEXT x_message_id=3424117378899735696 work_id="a5dde0ee-a278-4547-8f1c-2fc327d3da15" pipeline_type="SmsReceivePipeline" ]
02-20 15:33:35.308 11724 11816 I BuglePipeline: Running Interceptor ReplaceSmsInterceptor. Subject is expected type cqox [CONTEXT x_message_id=3424117378899735696 work_id="a5dde0ee-a278-4547-8f1c-2fc327d3da15" pipeline_type="SmsReceivePipeline" ]
02-20 15:33:35.309 11724 11816 I BuglePipeline: Running Interceptor SmsToBugleDbWriter. Subject is expected type cqox [CONTEXT x_message_id=3424117378899735696 work_id="a5dde0ee-a278-4547-8f1c-2fc327d3da15" pipeline_type="SmsReceivePipeline" ]
02-20 15:33:35.316 11724 11819 W BugleDataModel: ReceiveSmsMessageHelper: Received an SMS with an invalid address, attempting to fetch matching contact. [CONTEXT x_message_id=3424117378899735696 work_id="a5dde0ee-a278-4547-8f1c-2fc327d3da15" pipeline_type="SmsReceivePipeline" ]
02-20 15:33:35.318  2625  3291 D Mms/Provider/MmsSms: query begin, match = 5
02-20 15:33:35.319  2625  3291 D Mms/Provider/MmsSms: query end, count = 1
02-20 15:33:35.331 19930 19930 W com.truecaller: Failed to find entry 'classes.dex': Entry not found
02-20 15:33:35.332 19930 19930 W com.truecaller: Failed to find entry 'classes.dex': Entry not found
02-20 15:33:35.333 11724 11819 W BugleDataModel: ReceiveSmsMessageHelper: Failed to find a better address from matching contact. [CONTEXT x_message_id=3424117378899735696 work_id="a5dde0ee-a278-4547-8f1c-2fc327d3da15" pipeline_type="SmsReceivePipeline" ]
02-20 15:33:35.335 11724 11798 I Bugle   : CountryCodeDetector: updateSmsNetworkCountry from default subscription network country. detected country: tn [CONTEXT x_message_id=3424117378899735696 work_id="a5dde0ee-a278-4547-8f1c-2fc327d3da15" pipeline_type="SmsReceivePipeline" ]
02-20 15:33:35.336 19930 19930 W com.truecaller: Failed to find entry 'classes.dex': Entry not found
02-20 15:33:35.337 19930 19930 D nativeloader: Configuring clns-5 for other apk /data/app/~~BSXcSocJrOBlqNO3vqyafQ==/com.truecaller-DMlj96l2yJcHui69qQhnOQ==/base.apk:/data/app/~~BSXcSocJrOBlqNO3vqyafQ==/com.truecaller-DMlj96l2yJcHui69qQhnOQ==/split_config.arm64_v8a.apk:/data/app/~~BSXcSocJrOBlqNO3vqyafQ==/com.truecaller-DMlj96l2yJcHui69qQhnOQ==/split_config.xxhdpi.apk:/data/app/~~BSXcSocJrOBlqNO3vqyafQ==/com.truecaller-DMlj96l2yJcHui69qQhnOQ==/split_insights_category_model.apk:/data/app/~~BSXcSocJrOBlqNO3vqyafQ==/com.truecaller-DMlj96l2yJcHui69qQhnOQ==/split_insights_category_model.config.arm64_v8a.apk. target_sdk_version=36, uses_libraries=, library_path=/data/app/~~BSXcSocJrOBlqNO3vqyafQ==/com.truecaller-DMlj96l2yJcHui69qQhnOQ==/lib/arm64:/data/app/~~BSXcSocJrOBlqNO3vqyafQ==/com.truecaller-DMlj96l2yJcHui69qQhnOQ==/base.apk!/lib/arm64-v8a:/data/app/~~BSXcSocJrOBlqNO3vqyafQ==/com.truecaller-DMlj96l2yJcHui69qQhnOQ==/split_config.arm64_v8a.apk!/lib/arm64-v8a:/data/app/~~BSXcSocJrOBlqNO3vqyafQ==/com.truecaller-DMlj96l2yJcHui69qQhnOQ==/split_config.xxhdpi.ap
02-20 15:33:35.344 11724 11798 I TelephonyManagerInterfa: Telephony.getOrCreateThreadId returned thread 201 for [isql nhfeu], matching canonical [isql nhfeu] [CONTEXT x_message_id=3424117378899735696 work_id="a5dde0ee-a278-4547-8f1c-2fc327d3da15" pipeline_type="SmsReceivePipeline" ]
02-20 15:33:35.350 19930 19930 D nativeloader: Load libframework-connectivity-jni.so using APEX ns com_android_tethering for caller /apex/com.android.tethering/javalib/framework-connectivity.jar: ok
02-20 15:33:35.352 19930 19930 V GraphicsEnvironment: ANGLE Developer option for 'com.truecaller' set to: 'default'
02-20 15:33:35.353 19930 19930 V GraphicsEnvironment: ANGLE GameManagerService for com.truecaller: false
02-20 15:33:35.353 19930 19930 V GraphicsEnvironment: Neither updatable production driver nor prerelease driver is supported.
02-20 15:33:35.362 19930 19930 I LoadedApk: No resource references to update in package com.transsion.theme.icon
02-20 15:33:35.364 19930 19930 D NetworkSecurityConfig: Using Network Security Config from resource network_security_config debugBuild: false
02-20 15:33:35.365 19930 19930 D NetworkSecurityConfig: Using Network Security Config from resource network_security_config debugBuild: false
02-20 15:33:35.400 25529 26005 D welinkBLE: KolunScanHelper receive kolun scan result:null mCallbackList.size:1
02-20 15:33:35.401 25529 26005 I welinkBLE: deviceInfo is null, continue scan......
02-20 15:33:35.420  1120  1132 D AppFlingMode: [CheckAppFlingHint] 25 com.gallery20 -1
02-20 15:33:35.422  1120  1156 E libPowerHal: [getCPUFreq] error cid:2, nClusterNum:2
02-20 15:33:35.422  2407  2407 E SlideDampingBounceHelper: handleDownTouchEvent mTrackingPointerId=0
02-20 15:33:35.424  1120  1173 I libPowerHal: [setClusterFreq] mtkpower@1.0-se: sysfs_freq set cpu freq: 1800000 -1 2000000 -1 
02-20 15:33:35.428 11724 11819 I BugleDataModel: ReceiveSmsMessageHelper: message{id:2354} Inserted message [CONTEXT x_message_id=3424117378899735696 work_id="a5dde0ee-a278-4547-8f1c-2fc327d3da15" pipeline_type="SmsReceivePipeline" ]
02-20 15:33:35.440 11724 11819 I BugleOtp: OTP patterns refreshed. [CONTEXT x_message_id=3424117378899735696 work_id="a5dde0ee-a278-4547-8f1c-2fc327d3da15" pipeline_type="SmsReceivePipeline" ]
02-20 15:33:35.451 11724 11819 W BugleDataModel: MessageDatabaseOperations: Unexpected list of latest{size:0} is returned. [CONTEXT x_message_id=3424117378899735696 work_id="a5dde0ee-a278-4547-8f1c-2fc327d3da15" pipeline_type="SmsReceivePipeline" ]
02-20 15:33:35.454 11724 11819 I Bugle   : CequintCallerIdManager: No content provider. authority: com.cequint.ecid [CONTEXT x_message_id=3424117378899735696 work_id="a5dde0ee-a278-4547-8f1c-2fc327d3da15" pipeline_type="SmsReceivePipeline" ]
02-20 15:33:35.473  1858  3788 D CompatibilityChangeReporter: Compat change id reported: 161145287; UID 10243; state: DISABLED
02-20 15:33:35.479 19930 19930 D CompatibilityChangeReporter: Compat change id reported: 183155436; UID 10243; state: ENABLED
02-20 15:33:35.482 19930 19930 D os.SingleLiceFactory: using android.app.IActivityThreadLice$DefaultImpl@2ea9f95 instead of com.transsion.activityembedding.ActivityEmbeddingLiceFactory  from android.app.IActivityThreadLice
02-20 15:33:35.488 11724 11819 I Bugle   : CopyFileTelephonyPartsCallback: Inserted part has no URI, not copying to local cache, partId: 2317 [CONTEXT x_message_id=3424117378899735696 work_id="a5dde0ee-a278-4547-8f1c-2fc327d3da15" pipeline_type="SmsReceivePipeline" ]
02-20 15:33:35.492 19930 19930 W HMSSDK_PushPreferences: get new sharedPreferences failed,start to get from context. 
02-20 15:33:35.495 11724 11819 I ShortcutBadger: Checking if platform supports badge counters, attempt 1/3.
02-20 15:33:35.499  1160  1326 D SurfaceFlinger: calculateTimeoutTime, triggerInterval = 1 sec + 199999923 nsec
02-20 15:33:35.500 11724 11819 I ShortcutBadger: Badge counter is supported in this platform.
02-20 15:33:35.505  1858  2475 D TranCPUBooster: [setAffinity] Pid:143 mask:0-5
02-20 15:33:35.506  1120  1132 D AppFlingMode: [CheckAppFlingHint] 45 com.gallery20 -1
02-20 15:33:35.506  1120  1132 D AppFlingMode: [findAppFlingRscListIndex] -1 -1 -1 -1 -1 -1 -1 -1
02-20 15:33:35.507  1858  3788 I mtkpower_client: perf_lock_acq, hdl:1165236, dur:3000, num:2, tid:3788
02-20 15:33:35.508  1160  1160 I BufferQueueProducer: [NotificationShade#368063](this:0xb400007828a8aaf8,id:-1,api:0,p:-1,c:1160) queueBuffer: fps=0.87 dur=2294.57 max=1651.32 min=643.25
02-20 15:33:35.509  1858  3788 I mtkpower_client: ret_hdl:1165958
02-20 15:33:35.509  1120  1173 I libPowerHal: [fpsgo_ctrl_render_thread] 2474, 0xb4000076bd1eec80
02-20 15:33:35.509  1858  3788 I mtkpower_client: perf_lock_rel, hdl:1165958, tid:3788
02-20 15:33:35.509  1858  4446 I mtkpower_client: perf_lock_acq, hdl:1165958, dur:3000, num:2, tid:4446
02-20 15:33:35.510  1104  1104 I hwcomposer: [HWCDisplay] [Display_0 (type:1)] fps:1.307373,dur:2294.68,max:1651.75,min:20.36  
02-20 15:33:35.511  1120  1132 I mtkpower@impl: [check_work_req] i:0, msg:1 hdl:1165958, wait
02-20 15:33:35.512  1205  1205 I FPSGO   : fpsgo_boost_sched_idle_prefer:1
02-20 15:33:35.512  1205  1205 I mtkpower_client: perf_lock_acq, hdl:0, dur:0, num:2, tid:1205
02-20 15:33:35.512  1120  1173 I libPowerHal: [fpsgo_ctrl_render_thread] 2474, 0xb4000076bd1eec80
02-20 15:33:35.512  1120  1173 I libPowerHal: [PD] system_server update ONESHOT cmd:2000300 param:2474
02-20 15:33:35.514  1858  4446 I mtkpower_client: ret_hdl:1165959
02-20 15:33:35.514  1205  1205 I mtkpower_client: ret_hdl:1165960
02-20 15:33:35.514  1205  1205 I FPSGO   : perfLockAcq hdl:1165960
02-20 15:33:35.514  1205  1205 I FPSGO   : fpsgo_boost_sched_rate_ns:0
02-20 15:33:35.514  1205  1205 I mtkpower_client: perf_lock_acq, hdl:0, dur:0, num:12, tid:1205
02-20 15:33:35.514  1120  1173 I libPowerHal: [touch_boost_enabled] value:0
02-20 15:33:35.515  1858  3788 I mtkpower_client: perf_lock_rel, hdl:1165959, tid:3788
02-20 15:33:35.515  1120  1173 I libPowerHal: [setClusterFreq] mtkpower@1.0-se: sysfs_freq set cpu freq: 1500000 -1 1500000 -1 
02-20 15:33:35.515  1120  1173 I libPowerHal: [PD] mtkpower@1.0-se update cmd:1408300 param:25
02-20 15:33:35.515  1120  1173 I libPowerHal: cmdSetting - unknown cmd:1438500, scmd:(null) ,param_1:0
02-20 15:33:35.515  1205  1205 I mtkpower_client: ret_hdl:1165961
02-20 15:33:35.515  1120  1173 I libPowerHal: cmdSetting - unknown cmd:1438800, scmd:(null) ,param_1:0
02-20 15:33:35.515  1205  1205 I FPSGO   : perfLockAcq hdl:1165961
02-20 15:33:35.517  1120  1173 I libPowerHal: [PD] system_server update cmd:3408500 param:1
02-20 15:33:35.517  1120  1173 I libPowerHal: [touch_boost_enabled] value:-1
02-20 15:33:35.517  1120  1173 I libPowerHal: [PD] system_server update cmd:3408500 param:-1
02-20 15:33:35.522  1120  1173 I mtkpower@impl: [powerd_req] TIMER_MSG_PERF_LOCK_TIMEOUT hdl:1165955
02-20 15:33:35.522  1120  1173 I libPowerHal: [PD] MTKPOWER_HINT_APP_TOUCH update cmd:3408b00 param:0
02-20 15:33:35.522 11724 11819 I BugleDatabase: No need to set conversation self ID because it has been set. [CONTEXT x_message_id=3424117378899735696 work_id="a5dde0ee-a278-4547-8f1c-2fc327d3da15" pipeline_type="SmsReceivePipeline" conversation_id="194" self_identity_id="3" ]
02-20 15:33:35.528  2407  2407 I ScrollIdentify: on fling
02-20 15:33:35.528  1858  3788 I mtkpower_client: perf_lock_acq, hdl:1165233, dur:3000, num:2, tid:3788
02-20 15:33:35.529  1858  3788 I mtkpower_client: ret_hdl:1165962
02-20 15:33:35.529  1120  1173 I libPowerHal: cmdSetting - unknown cmd:2048700, scmd:(null) ,param_1:1
02-20 15:33:35.529 11724 23588 D WM-GreedyScheduler: Ignoring {WorkSpec: 9cdc645e-5c7c-4cdd-a5aa-b3082475b538}. Requires ContentUri triggers.
02-20 15:33:35.529 11724 23588 D WM-GreedyScheduler: Ignoring {WorkSpec: c4ec2dd0-1b9f-43c0-82f7-1b94972a9bff}. Requires device idle.
02-20 15:33:35.529 11724 23588 D WM-GreedyScheduler: Ignoring {WorkSpec: 21c3ef49-9913-4d60-89aa-25e90f8c767f}. Requires device idle.
02-20 15:33:35.530 11724 23588 D WM-GreedyScheduler: Ignoring {WorkSpec: d7e4d1e9-8b75-4937-adeb-dbbc4b127982}. Requires ContentUri triggers.
02-20 15:33:35.530 11724 23588 D WM-GreedyScheduler: Starting work for ce0b6a0b-61ca-44d9-a84e-654d6383fccc
02-20 15:33:35.531  1858  3788 I mtkpower_client: perf_lock_acq, hdl:1165959, dur:3000, num:6, tid:3788
02-20 15:33:35.532  1858  3788 I mtkpower_client: ret_hdl:1165963
02-20 15:33:35.532  1120  1173 I libPowerHal: [notify_targetFPS_pid] 2474, 0xb4000076bd1ebe00
02-20 15:33:35.532  1858  3788 I mtkpower_client: perf_lock_rel, hdl:1165963, tid:3788
02-20 15:33:35.532  1120  1173 I libPowerHal: [fpsgo_noctrl_render_thread] -2474, 0xb4000076bd1ebe00
02-20 15:33:35.532  1120  1173 E libPowerHal: Could not open '/sys/kernel/fpsgo/fstb/set_render_no_ctrl'
02-20 15:33:35.532  1120  1173 E libPowerHal: error : 2, No such file or directory
02-20 15:33:35.532  1120  1173 I libPowerHal: [fpsgo_ctrl_render_thread] 2474, 0xb4000076bd1ebe00
02-20 15:33:35.533 11724 23588 D WM-Processor: sew: processing WorkGenerationalId(workSpecId=ce0b6a0b-61ca-44d9-a84e-654d6383fccc, generation=0)
02-20 15:33:35.533  1858  4446 I mtkpower_client: perf_lock_acq, hdl:1165963, dur:3000, num:2, tid:4446
02-20 15:33:35.533  1120  1173 I libPowerHal: [notify_targetFPS_pid] 2474, 0xb4000076bd1ebe00
02-20 15:33:35.533  1120  1173 I libPowerHal: [PD] system_server update ONESHOT cmd:2000200 param:2474
02-20 15:33:35.533  1120  1173 I libPowerHal: [fpsgo_noctrl_render_thread] -2474, 0xb4000076bd1ebe00
02-20 15:33:35.533  1120  1173 E libPowerHal: Could not open '/sys/kernel/fpsgo/fstb/set_render_no_ctrl'
02-20 15:33:35.533  1120  1173 E libPowerHal: error : 2, No such file or directory
02-20 15:33:35.534  1120  1173 I libPowerHal: [PD] system_server update ONESHOT cmd:2000400 param:-2474
02-20 15:33:35.534  1120  1173 I libPowerHal: [fpsgo_ctrl_render_thread] 2474, 0xb4000076bd1ebe00
02-20 15:33:35.534  1120  1173 I libPowerHal: [PD] system_server update ONESHOT cmd:2000300 param:2474
02-20 15:33:35.534  1120  1132 D AppFlingMode: [CheckAppFlingHint] 43 com.gallery20 -1
02-20 15:33:35.534  1120  1132 D AppFlingMode: [findAppFlingRscListIndex] -1 -1 -1 -1 -1 -1 8 -1
02-20 15:33:35.534  1120  1132 D AppFlingMode: match app scn rsc index:8
02-20 15:33:35.534  1120  1132 I mtkpower@impl: [libpowerhal_CusLockHint] AppFling RscSize:8
02-20 15:33:35.534  1120  1132 I mtkpower@impl: [libpowerhal_CusLockHint] AppFling data:0x00c00000, 2
02-20 15:33:35.534  1120  1132 I mtkpower@impl: [libpowerhal_CusLockHint] AppFling data:0x00c04000, 2
02-20 15:33:35.534  1120  1132 I mtkpower@impl: [libpowerhal_CusLockHint] AppFling data:0x00400000, 1800000
02-20 15:33:35.534  1120  1132 I mtkpower@impl: [libpowerhal_CusLockHint] AppFling data:0x00400100, 2000000
02-20 15:33:35.534  1858  4446 I mtkpower_client: ret_hdl:1165964
02-20 15:33:35.534  1858  4446 I mtkpower_client: perf_lock_rel, hdl:1165964, tid:4446
02-20 15:33:35.535  1120  1173 I libPowerHal: [setGPUFreq] MTKPOWER_HINT_UX_SCROLLING user set gpu freq min:2, max:2
02-20 15:33:35.535  1120  1173 I libPowerHal: MTKPOWER_HINT_UX_SCROLLING: set gpu opp level: 2
02-20 15:33:35.534  1858  1858 W TranCPUBoosterT: type=1400 audit(0.0:2183113): avc: denied { read } for name="u:object_r:vendor_mtk_powerhal_prop:s0" dev="tmpfs" ino=645 scontext=u:r:system_server:s0 tcontext=u:object_r:vendor_mtk_powerhal_prop:s0 tclass=file permissive=0
02-20 15:33:35.535  1858  2475 W libc    : Access denied finding property "persist.vendor.powerhal.kswapd0_bind_enable"
02-20 15:33:35.535  1858  2475 D TranCPUBooster: [setAffinity] Pid:143 mask:0-7
02-20 15:33:35.535  1120  1173 I libPowerHal: MTKPOWER_HINT_UX_SCROLLING: set gpu opp level max: 2
02-20 15:33:35.535  1120  1173 I libPowerHal: [setGPUFreq] Soft min/max = (2, 2); Hard min/max = (37, 0)
02-20 15:33:35.535  1120  1173 I libPowerHal: [setGPUFreq] final min/max = (2, 2)
02-20 15:33:35.535  1120  1173 I libPowerHal: MTKPOWER_HINT_UX_SCROLLING: set gpu opp level: 2
02-20 15:33:35.536  1120  1173 I libPowerHal: MTKPOWER_HINT_UX_SCROLLING: set gpu opp level max: 2
02-20 15:33:35.536  1120  1173 I libPowerHal: [setClusterFreq] MTKPOWER_HINT_UX_SCROLLING: sysfs_freq set cpu freq: 1800000 -1 2000000 -1 
02-20 15:33:35.534  1858  1858 W TranCPUBoosterT: type=1400 audit(0.0:2183114): avc: denied { read } for name="u:object_r:vendor_mtk_powerhal_prop:s0" dev="tmpfs" ino=645 scontext=u:r:system_server:s0 tcontext=u:object_r:vendor_mtk_powerhal_prop:s0 tclass=file permissive=0
02-20 15:33:35.537  1120  1173 I libPowerHal: [PD] MTKPOWER_HINT_UX_MOVE_SCROLLING update cmd:1408300 param:0
02-20 15:33:35.537 11724 23926 D MddListenableWorkerFactory: createWorker for class: com.google.android.apps.messaging.shared.datamodel.workqueue.WorkQueueWorkerShim
02-20 15:33:35.538  1858  2475 W libc    : Access denied finding property "persist.vendor.powerhal.kswapd0_bind_enable"
02-20 15:33:35.538  1120  1132 D AppFlingMode: [CheckAppFlingHint] 43 com.gallery20 -1
02-20 15:33:35.538  1120  1132 D AppFlingMode: [findAppFlingRscListIndex] -1 -1 -1 -1 -1 -1 8 -1
02-20 15:33:35.538  1120  1132 D AppFlingMode: match app scn rsc index:8
02-20 15:33:35.538  1120  1132 I mtkpower@impl: [libpowerhal_CusLockHint] AppFling RscSize:8
02-20 15:33:35.538  1120  1132 I mtkpower@impl: [libpowerhal_CusLockHint] AppFling data:0x00c00000, 2
02-20 15:33:35.538  1120  1132 I mtkpower@impl: [libpowerhal_CusLockHint] AppFling data:0x00c04000, 2
02-20 15:33:35.538  1120  1132 I mtkpower@impl: [libpowerhal_CusLockHint] AppFling data:0x00400000, 1800000
02-20 15:33:35.538  1120  1132 I mtkpower@impl: [libpowerhal_CusLockHint] AppFling data:0x00400100, 2000000
02-20 15:33:35.538  1120  1173 I libPowerHal: [setGPUFreq] MTKPOWER_HINT_UX_SCROLLING user set gpu freq min:2, max:2
02-20 15:33:35.538  1120  1173 I libPowerHal: MTKPOWER_HINT_UX_SCROLLING: set gpu opp level max: 2
02-20 15:33:35.538  1120  1173 I libPowerHal: [setGPUFreq] Soft min/max = (2, 2); Hard min/max = (37, 0)
02-20 15:33:35.538  1120  1173 I libPowerHal: [setGPUFreq] final min/max = (2, 2)
02-20 15:33:35.538  1120  1173 I libPowerHal: MTKPOWER_HINT_UX_SCROLLING: set gpu opp level: 2
02-20 15:33:35.538  1120  1173 I libPowerHal: MTKPOWER_HINT_UX_SCROLLING: set gpu opp level max: 2
02-20 15:33:35.539  1120  1173 I libPowerHal: [unsetGPUFreq] current min:2, max:2; scn_gpu_min:2, scn_gpu_max:2; scn_gpu_min(HL):-1, scn_gpu_max(HL):-1
02-20 15:33:35.539  1120  1173 I libPowerHal: [setGPUFreq] Soft min/max = (2, 2); Hard min/max = (37, 0)
02-20 15:33:35.539  1120  1173 I libPowerHal: [setGPUFreq] final min/max = (2, 2)
02-20 15:33:35.539  1120  1173 I libPowerHal: MTKPOWER_HINT_UX_SCROLLING: set gpu opp level: 2
02-20 15:33:35.539  1120  1173 I libPowerHal: MTKPOWER_HINT_UX_SCROLLING: set gpu opp level max: 2
02-20 15:33:35.539 11724 11724 D WM-WorkerWrapper: Starting work for com.google.android.apps.messaging.shared.datamodel.workqueue.WorkQueueWorkerShim
02-20 15:33:35.543 11724 11819 I BugleDataModel: ReceiveSmsMessageHelper: Received SMS message. message{id:2354}, conversation{id:194}, uri: null [CONTEXT x_message_id=3424117378899735696 work_id="a5dde0ee-a278-4547-8f1c-2fc327d3da15" pipeline_type="SmsReceivePipeline" ]
02-20 15:33:35.556  1858  3788 I mtkpower_client: perf_lock_acq, hdl:1165964, dur:3000, num:4, tid:3788
02-20 15:33:35.556  1858  3788 I mtkpower_client: ret_hdl:1165967
02-20 15:33:35.557  1858  3788 I mtkpower_client: perf_lock_rel, hdl:1165967, tid:3788
02-20 15:33:35.557  1120  1173 I libPowerHal: [notify_targetFPS_pid] 2474, 0xb4000076bd1edd00
02-20 15:33:35.557  1858  2475 D TranCPUBooster: [setAffinity] Pid:143 mask:0-5
02-20 15:33:35.557  1120  1173 I libPowerHal: [notify_targetFPS_pid] 2474, 0xb4000076bd1edd00
02-20 15:33:35.557  1120  1173 I libPowerHal: [PD] system_server update ONESHOT cmd:2000200 param:2474
02-20 15:33:35.558  1858  4446 I mtkpower_client: perf_lock_acq, hdl:1165967, dur:3000, num:2, tid:4446
02-20 15:33:35.560  1120  1132 D AppFlingMode: [CheckAppFlingHint] 43 com.gallery20 -1
02-20 15:33:35.560  1120  1132 D AppFlingMode: [findAppFlingRscListIndex] -1 -1 -1 -1 -1 -1 8 -1
02-20 15:33:35.560  1120  1132 D AppFlingMode: match app scn rsc index:8
02-20 15:33:35.560  1120  1132 I mtkpower@impl: [libpowerhal_CusLockHint] AppFling RscSize:8
02-20 15:33:35.560  1120  1132 I mtkpower@impl: [libpowerhal_CusLockHint] AppFling data:0x00c00000, 2
02-20 15:33:35.560  1120  1132 I mtkpower@impl: [libpowerhal_CusLockHint] AppFling data:0x00c04000, 2
02-20 15:33:35.560  1120  1132 I mtkpower@impl: [libpowerhal_CusLockHint] AppFling data:0x00400000, 1800000
02-20 15:33:35.560  1120  1132 I mtkpower@impl: [libpowerhal_CusLockHint] AppFling data:0x00400100, 2000000
02-20 15:33:35.560  1858  4446 I mtkpower_client: ret_hdl:1165969
02-20 15:33:35.560  1120  1173 I libPowerHal: [setGPUFreq] MTKPOWER_HINT_UX_SCROLLING user set gpu freq min:2, max:2
02-20 15:33:35.560  1120  1173 I libPowerHal: MTKPOWER_HINT_UX_SCROLLING: set gpu opp level max: 2
02-20 15:33:35.560  1120  1173 I libPowerHal: [setGPUFreq] Soft min/max = (2, 2); Hard min/max = (37, 0)
02-20 15:33:35.560  1120  1173 I libPowerHal: [setGPUFreq] final min/max = (2, 2)
02-20 15:33:35.560  1120  1173 I libPowerHal: MTKPOWER_HINT_UX_SCROLLING: set gpu opp level: 2
02-20 15:33:35.560  1120  1173 I libPowerHal: MTKPOWER_HINT_UX_SCROLLING: set gpu opp level max: 2
02-20 15:33:35.561  1120  1173 I libPowerHal: [unsetGPUFreq] current min:2, max:2; scn_gpu_min:2, scn_gpu_max:2; scn_gpu_min(HL):-1, scn_gpu_max(HL):-1
02-20 15:33:35.561  1120  1173 I libPowerHal: [setGPUFreq] Soft min/max = (2, 2); Hard min/max = (37, 0)
02-20 15:33:35.561  1120  1173 I libPowerHal: [setGPUFreq] final min/max = (2, 2)
02-20 15:33:35.561  1120  1173 I libPowerHal: MTKPOWER_HINT_UX_SCROLLING: set gpu opp level: 2
02-20 15:33:35.561  1120  1173 I libPowerHal: MTKPOWER_HINT_UX_SCROLLING: set gpu opp level max: 2
02-20 15:33:35.561  1858  4446 I mtkpower_client: perf_lock_rel, hdl:1165969, tid:4446
02-20 15:33:35.564 11724 11819 I BugleUsageStatistics: UsageStatistics: Logging message sent or received async message{id:2354} {x-message-id:3424117378899735696} [CONTEXT x_message_id=3424117378899735696 work_id="a5dde0ee-a278-4547-8f1c-2fc327d3da15" pipeline_type="SmsReceivePipeline" ]
02-20 15:33:35.568 19930 23951 W com.truecaller: ClassLoaderContext classpath size mismatch. expected=1, found=0 (DLC[];PCL[base.apk*3268593477]{PCL[/system/framework/org.apache.http.legacy.jar*3986246490]#PCL[/system/framework/com.android.location.provider.jar*2874170496]#PCL[/system/framework/com.android.media.remotedisplay.jar*1334431478]} | DLC[];PCL[])
02-20 15:33:35.570 11724 11819 I ReceiveSmsMessageHelper: Creating notification from ReceiveSmsMessageHelper [CONTEXT x_message_id=3424117378899735696 work_id="a5dde0ee-a278-4547-8f1c-2fc327d3da15" pipeline_type="SmsReceivePipeline" ]
02-20 15:33:35.573 11724 11804 I ParentalControlsClient: Start service package com.google.android.gms
02-20 15:33:35.581 19930 23951 W System  : ClassLoader referenced unknown path: 
02-20 15:33:35.582 19930 23951 D nativeloader: Configuring clns-6 for other apk . target_sdk_version=36, uses_libraries=, library_path=/data/app/~~UELFmXqVTE6Ewl-4IPokHA==/com.google.android.gms-aTdDY3B1-rCt-H5aDc7cBQ==/lib/arm64:/data/app/~~UELFmXqVTE6Ewl-4IPokHA==/com.google.android.gms-aTdDY3B1-rCt-H5aDc7cBQ==/base.apk!/lib/arm64-v8a, permitted_path=/data:/mnt/expand:/data/user/0/com.google.android.gms
02-20 15:33:35.585 21018 21018 D BoundBrokerSvc: onBind: Intent { act=com.google.android.gms.kids.parentalcontrols.service.START pkg=com.google.android.gms }
02-20 15:33:35.585 21018 21018 D BoundBrokerSvc: Loading bound service for intent: Intent { act=com.google.android.gms.kids.parentalcontrols.service.START pkg=com.google.android.gms }
02-20 15:33:35.585 21018 21018 I BndSvcConfigHelper: No bound-service is registered for action: com.google.android.gms.kids.parentalcontrols.service.START
02-20 15:33:35.585 21018 21018 I BoundBrokerSvc: Bound service not available for: Intent { act=com.google.android.gms.kids.parentalcontrols.service.START pkg=com.google.android.gms }
02-20 15:33:35.585 21018 21018 I GmsApiChimeraSvc: Handling missing api service for: com.google.android.gms.kids.parentalcontrols.service.START
02-20 15:33:35.592 21018 21793 I GmsApiChimeraSvc: Using MissingApiServiceBroker for com.google.android.gms.kids.parentalcontrols.service.START due to missing BoundService implementation
02-20 15:33:35.597 19930 23951 W com.truecaller: ClassLoaderContext classpath size mismatch. expected=1, found=2 (DLC[];PCL[base.apk*3268593477]{PCL[/system/framework/org.apache.http.legacy.jar*3986246490]#PCL[/system/framework/com.android.location.provider.jar*2874170496]#PCL[/system/framework/com.android.media.remotedisplay.jar*1334431478]} | DLC[];PCL[/data/app/~~BSXcSocJrOBlqNO3vqyafQ==/com.truecaller-DMlj96l2yJcHui69qQhnOQ==/base.apk*3512215711:/data/app/~~BSXcSocJrOBlqNO3vqyafQ==/com.truecaller-DMlj96l2yJcHui69qQhnOQ==/split_insights_category_model.apk*699107270]{PCL[/system/framework/org.apache.http.legacy.jar*3986246490]})
02-20 15:33:35.601 11724 11804 W GoogleApiManager: Not showing notification since connectionResult is not user-facing: ConnectionResult{statusCode=API_UNAVAILABLE, resolution=null, message=null, clientMethodKey=null}
02-20 15:33:35.610  1435  1533 D AAL     : 02-20 03:33:35.561 BL= 774,ESS= 256, 
02-20 15:33:35.628  1858  4446 V SettingsProvider: packageValueForCallResult, name = sqlite_compatibility_wal_flags, value : Bundle[{_track_generation=android.util.MemoryIntArray@fb, value=, _generation_index=0, _generation=56695}]
02-20 15:33:35.633 11724 11724 I ParentalControlsClient: failedToCall: Has failed to connect .
02-20 15:33:35.633 11724 11724 I ParentalControlsClient: dltp: 17: API: ParentalControls.API is not available on this device. Connection failed with: ConnectionResult{statusCode=API_UNAVAILABLE, resolution=null, message=null, clientMethodKey=null}
02-20 15:33:35.633 11724 11724 I ParentalControlsClient: 	at dlur.e(PG:3)
02-20 15:33:35.633 11724 11724 I ParentalControlsClient: 	at dlvy.q(PG:48)
02-20 15:33:35.633 11724 11724 I ParentalControlsClient: 	at dlvy.d(PG:10)
02-20 15:33:35.633 11724 11724 I ParentalControlsClient: 	at dlvy.g(PG:160)
02-20 15:33:35.633 11724 11724 I ParentalControlsClient: 	at dlvy.onConnectionFailed(PG:2)
02-20 15:33:35.633 11724 11724 I ParentalControlsClient: 	at dlzd.a(PG:3)
02-20 15:33:35.633 11724 11724 I ParentalControlsClient: 	at dlyn.a(PG:7)
02-20 15:33:35.633 11724 11724 I ParentalControlsClient: 	at dlyh.c(PG:52)
02-20 15:33:35.633 11724 11724 I ParentalControlsClient: 	at dlyi.handleMessage(PG:266)
02-20 15:33:35.633 11724 11724 I ParentalControlsClient: 	at android.os.Handler.dispatchMessage(Handler.java:106)
02-20 15:33:35.633 11724 11724 I ParentalControlsClient: 	at dngp.b(PG:1)
02-20 15:33:35.633 11724 11724 I ParentalControlsClient: 	at dngp.dispatchMessage(PG:1)
02-20 15:33:35.633 11724 11724 I ParentalControlsClient: 	at android.os.Looper.loopOnce(Looper.java:204)
02-20 15:33:35.633 11724 11724 I ParentalControlsClient: 	at android.os.Looper.loop(Looper.java:291)
02-20 15:33:35.633 11724 11724 I ParentalControlsClient: 	at android.os.HandlerThread.run(HandlerThread.java:67)
02-20 15:33:35.633 11724 11724 I ParentalControlsClient: withKidsModule: failed to call, noKidsModule: true
02-20 15:33:35.633 11724 11724 I ParentalControlsClient: registerParentalControlsListener: not present, ignoring
02-20 15:33:35.636 11724 23950 I BugleTrustedContacts: Successfully registered the listener. [CONTEXT class_name="TrustedContactsSyncManager" ]
02-20 15:33:35.640 19930 23967 D TranClassInfo: instance successfully. com.transsion.hubcore.database.sqlite.TranSQLiteDatabaseImpl@b5546dc from com.transsion.hubcore.database.sqlite.ITranSQLiteDatabase
02-20 15:33:35.660  1435  1533 D AAL     : 02-20 03:33:35.627 BL= 773,ESS= 256, 
02-20 15:33:35.665 21700 21721 I Kolun.Kolun.PyBridgeService:  queryCall end result {"status": "ok", "result": {"flag": false, "intent": "unknown", "content": "\u0647\u0648\u0651\u064a \u0634\u0648\u0651\u064a\u0629 \u0648\u0642\u062a \u062a\u0633\u062a\u0639\u0645\u0644 \u0623\u062c\u0647\u0632\u0629 \u0627\u0644\u062a\u062f\u0641\u0626\u0629\u060c \u063a\u0627\u0632 CO \u0645\u0627 \u064a\u062a\u0634\u0651\u0645\u0634 \u0648\u0645\u0627 \u064a\u062a\u0634\u0627\u0641\u0634 \u0644\u0643\u0646 \u064a\u0642\u062a\u0644", "model": "keywords_intentions", "timestamp": "1771598015.6593812", "code": 1000000}}
02-20 15:33:35.671  5165 22064 I Kolun_AI: PyBridgeHelper:handleMessage: end ... 
02-20 15:33:35.671  5165 22064 I Kolun_AI: PyBridgeHelper:postHandleMessage onExecute 
02-20 15:33:35.671  5165 22064 I Kolun_AI: PyBridgeHelper:handleMessage: start ... 
02-20 15:33:35.671  5165 22064 I Kolun_AI: PyBridgeHelper:handleMessage: end ... 
02-20 15:33:35.671  5165 22064 I Kolun_AI: PyBridgeHelper:postHandleMessage onExecute 
02-20 15:33:35.672  5165  5476 I ApiInvoke: ApiChannel1.2.172: found local channel DataCenter
02-20 15:33:35.673  5165  5476 W DC_ADS  : saveAdvanceDataWithIndex :alg_sms_intent, parser com.transsion.kolun.aidatacenter.collect.parser.AlgSmsIntentParser@210c7b index 
02-20 15:33:35.674  5165  5476 I CacheManager:  save new data to cache alg_sms_intent
02-20 15:33:35.676  5165 21685 I DC_ADS  : saveAdvanceData notifyDataChange :alg_sms_intent, collector alg_sms_intent
02-20 15:33:35.677  5165 21685 I bsc     : notifyDataChange in alg_sms_intent, 1
02-20 15:33:35.683 11724 23926 I BugleRecipients: RCS Disabled: No RCS Identifier. [CONTEXT x_message_id=3424117378899735696 work_id="a5dde0ee-a278-4547-8f1c-2fc327d3da15" pipeline_type="SmsReceivePipeline" destination="redacted-pii[10-chars]" ]
02-20 15:33:35.683  5165  5476 I Kolun_AI: AIEngineUtils:saveAdvanceData, success true resultCode 0 type alg_sms_intent data {"flag":false,"intent":"unknown","model":"keywords_intentions","timestamp":"1771598015.6593812","code":1000000}
02-20 15:33:35.684  5165 21685 I DataServiceImplV2: AdvancedDataService notifyDataChange  in 
02-20 15:33:35.685  5165 23395 I DataServiceImplV2: AdvancedDataService notifyDataChange  curServiceName AdvancedDataService type:alg_sms_intent
02-20 15:33:35.686  5165 23395 I ApiInvoke: ApiChannel1.2.172: found local channel DataCenter
02-20 15:33:35.686  5165 23395 I ApiInvoke: ApiChannel1.2.172: found remote channel DataCenter
02-20 15:33:35.686  5165 23395 I ApiInvoke: ApiRequest1.2.172: channels size , 2
02-20 15:33:35.686  5165 23395 I ApiInvoke: SubscribeManager1.2.172: copy subscriber size = 0
02-20 15:33:35.686  5165 23395 I ApiInvoke: SubscribeManager1.2.172: publishData success host DataCenter#AdvancedDataService matcher alg_sms_intent
02-20 15:33:35.686  5165 23395 I ApiInvoke: ApiRequest1.2.172: do publishData to local, matcher = alg_sms_intent
02-20 15:33:35.686  5165 23395 W ApiInvoke: SubscribeBusServerImpl1.2.172: onPublishData, GLOBAL_SUBSCRIBE size 5
02-20 15:33:35.687  5165 23395 W ApiInvoke: ApiRequest1.2.172: do publishData to remote alg_sms_intent
02-20 15:33:35.691  7342  4965 I ApiInvoke: SubscribeManager1.2.172: copy subscriber size = 6
02-20 15:33:35.691  7342  4965 D Kolun.DataCenterImpl:  onPublishDataalg_sms_intent, {"type":"alg_sms_intent","time":1771598015674,"data":"{\"flag\":false,\"intent\":\"unknown\",\"model\":\"keywords_intentions\",\"timestamp\":\"1771598015.6593812\",\"code\":1000000}","provider":"com.transsion.kolun.aiservice:aiengine","dc_version":2030200000,"data_version":1,"user_id":0}
02-20 15:33:35.691  7342  4965 D Kolun.DataCenterManager:  SmsData : com.transsion.kolun.aidatacenter.exported.data.SmsData@b9096f3
02-20 15:33:35.691  7342  4965 D Kolun.DataCenterManager:  SmsIntentData : {"type":"alg_sms_intent","time":1771598015674,"data":"{\"flag\":false,\"intent\":\"unknown\",\"model\":\"keywords_intentions\",\"timestamp\":\"1771598015.6593812\",\"code\":1000000}","provider":"com.transsion.kolun.aiservice:aiengine","dc_version":2030200000,"data_version":1,"user_id":0}
02-20 15:33:35.692  7342  8914 D Kolun.RequirementManager:  sendEvent() called with: event = [com.transsion.kolun.assistant.common.components.event.SmsEvent@d807fb0]
02-20 15:33:35.692  7342  8914 D Kolun.Api:  get y44 from cache
02-20 15:33:35.692  7342  8914 D Kolun.RequirementManager:  sendEvent
02-20 15:33:35.692  7342  8914 I Kolun.EventBusImpl:  dispatchEvent: com.transsion.kolun.assistant.common.components.event.SmsEvent@d807fb0
02-20 15:33:35.692  7342  8914 D Kolun.Api:  get ez3 from cache
02-20 15:33:35.692  7342  8914 D Kolun.SmartSubscriptManager:  handleNewMessageEvent:event=com.transsion.kolun.assistant.common.components.event.SmsEvent@d807fb0
02-20 15:33:35.692  7342  8914 D Kolun.PurposeRulerHelper:  onNewMessageEvent SmsEvent 
02-20 15:33:35.692  7342  8914 D Kolun.Api:  get CardInterfaceImpl from cache
02-20 15:33:35.697 11724 11820 I BugleTrustedContacts: No allowlist change. No work required. Hash: null [CONTEXT class_name="TrustedContactsSyncManager" ]
02-20 15:33:35.697  7342  8914 D Kolun.RequirementManager:  sendEvent() called with: event = [com.transsion.kolun.assistant.common.components.event.SmsIntentEvent@8be2e29]
02-20 15:33:35.697  7342  8914 D Kolun.Api:  get y44 from cache
02-20 15:33:35.697  7342  8914 D Kolun.RequirementManager:  sendEvent
02-20 15:33:35.697  7342  4965 I ApiInvoke: SubscribeManager1.2.172: publishData success host DataCenter#AdvancedDataService matcher alg_sms_intent
02-20 15:33:35.698  7342  8914 I Kolun.EventBusImpl:  dispatchEvent: com.transsion.kolun.assistant.common.components.event.SmsIntentEvent@8be2e29
02-20 15:33:35.698  7342  8914 D Kolun.Api:  get ez3 from cache
02-20 15:33:35.698  7342  8914 D Kolun.SmartSubscriptManager:  handleIntentEvent:intent=unknown model=keywords_intentions
02-20 15:33:35.698  7342  8914 D Kolun.Api:  get CardInterfaceImpl from cache
02-20 15:33:35.698  5165  5274 I ApiInvoke: SubscribeBusServerImpl1.2.172: onPublishData to {"pid": 7342,"channels": [AssistantChannel]} success 
02-20 15:33:35.700  5165  5274 I ApiInvoke: SubscribeBusServerImpl1.2.172: onPublishData to {"pid": 2369,"channels": [com.transsion.XOSLauncher]} success 
02-20 15:33:35.701  5165  5274 I ApiInvoke: SubscribeBusServerImpl1.2.172: onPublishData to {"pid": 1858,"channels": [system]} success 
02-20 15:33:35.702  5165  5274 I ApiInvoke: SubscribeManager1.2.172: copy subscriber size = 0
02-20 15:33:35.702  5165  5274 I ApiInvoke: SubscribeManager1.2.172: publishData success host DataCenter#AdvancedDataService matcher alg_sms_intent
02-20 15:33:35.702  5165  5274 I ApiInvoke: SubscribeBusServerImpl1.2.172: onPublishData to {"pid": 0,"channels": [CommonChannel]} success 
02-20 15:33:35.712 11724 23957 I RcsProvisioningIdMap: phone number null, checking subscription exists in same subscription group. [CONTEXT x_message_id=3424117378899735696 work_id="a5dde0ee-a278-4547-8f1c-2fc327d3da15" pipeline_type="SmsReceivePipeline" ]
02-20 15:33:35.717 11724 23957 W RcsProvisioningIdMap: No RCS phone number found for subscription id. [CONTEXT x_message_id=3424117378899735696 work_id="a5dde0ee-a278-4547-8f1c-2fc327d3da15" pipeline_type="SmsReceivePipeline" ratelimit_period="30 SECONDS" group_by="2" sub_id=2 ]
02-20 15:33:35.717 11724 23957 W RcsProvisioningIdMap: ewkc: FULL
02-20 15:33:35.717 11724 23957 W RcsProvisioningIdMap: 	at dqbi.g(PG:156)
02-20 15:33:35.717 11724 23957 W RcsProvisioningIdMap: 	at bddj.invoke(PG:18)
02-20 15:33:35.717 11724 23957 W RcsProvisioningIdMap: 	at frzg.next(PG:11)
02-20 15:33:35.717 11724 23957 W RcsProvisioningIdMap: 	at bddm.a(PG:114)
02-20 15:33:35.717 11724 23957 W RcsProvisioningIdMap: 	at atnq.invoke(PG:11)
02-20 15:33:35.717 11724 23957 W RcsProvisioningIdMap: 	at frmf.a(PG:21)
02-20 15:33:35.717 11724 23957 W RcsProvisioningIdMap: 	at atoa.p(PG:3)
02-20 15:33:35.717 11724 23957 W RcsProvisioningIdMap: 	at dcld.b(PG:68)
02-20 15:33:35.717 11724 23957 W RcsProvisioningIdMap: 	at frrp.w(PG:11)
02-20 15:33:35.717 11724 23957 W RcsProvisioningIdMap: 	at fsdz.run(PG:112)
02-20 15:33:35.717 11724 23957 W RcsProvisioningIdMap: 	at esob.run(PG:3)
02-20 15:33:35.717 11724 23957 W RcsProvisioningIdMap: 	at ebby.run(PG:7)
02-20 15:33:35.717 11724 23957 W RcsProvisioningIdMap: 	at java.util.concurrent.ThreadPoolExecutor.runWorker(ThreadPoolExecutor.java:1154)
02-20 15:33:35.717 11724 23957 W RcsProvisioningIdMap: 	at java.util.concurrent.ThreadPoolExecutor$Worker.run(ThreadPoolExecutor.java:652)
02-20 15:33:35.717 11724 23957 W RcsProvisioningIdMap: 	at ebbc.run(PG:13)
02-20 15:33:35.717 11724 23957 W RcsProvisioningIdMap: 	at java.lang.Thread.run(Thread.java:1563)
02-20 15:33:35.717 11724 23957 W RcsProvisioningIdMap: 	at ebcv.run(PG:61)
02-20 15:33:35.730 11724 11815 I BuglePipeline: Running Interceptor LaunchActionsForReceiveSms. Subject is expected type cqox [CONTEXT x_message_id=3424117378899735696 work_id="a5dde0ee-a278-4547-8f1c-2fc327d3da15" pipeline_type="SmsReceivePipeline" ]
02-20 15:33:35.732 11724 23924 I BugleNotifications: ConversationNotificationHandler is triggered, with IncomingMessageNotificationWorkItemParameters.size=1 [CONTEXT x_message_id=3424117378899735696 work_id="a5dde0ee-a278-4547-8f1c-2fc327d3da15" pipeline_type="SmsReceivePipeline" ]
02-20 15:33:35.737 11724 11820 I BugleMDD: Retrieved File Group Name: text_classifier, File Count = 1 [CONTEXT x_message_id=3424117378899735696 work_id="a5dde0ee-a278-4547-8f1c-2fc327d3da15" pipeline_type="SmsReceivePipeline" ]
02-20 15:33:35.742 11724 23588 D WM-GreedyScheduler: Ignoring {WorkSpec: 9cdc645e-5c7c-4cdd-a5aa-b3082475b538}. Requires ContentUri triggers.
02-20 15:33:35.743 11724 23957 I BugleDataModel: ExecuteActionRunnable: running action ProcessPendingMessagesAction [CONTEXT x_message_id=3424117378899735696 work_id="a5dde0ee-a278-4547-8f1c-2fc327d3da15" pipeline_type="SmsReceivePipeline" ]
02-20 15:33:35.743 11724 11815 I BugleDataModel: ActionExecutorImpl: ACTION_EXECUTE_QUEUED_ProcessPendingMessagesAction [CONTEXT x_message_id=3424117378899735696 work_id="a5dde0ee-a278-4547-8f1c-2fc327d3da15" pipeline_type="SmsReceivePipeline" ]
02-20 15:33:35.744 11724 11820 I BugleMDD: Retrieved File Group is null [CONTEXT x_message_id=3424117378899735696 work_id="a5dde0ee-a278-4547-8f1c-2fc327d3da15" pipeline_type="SmsReceivePipeline" ]
02-20 15:33:35.744 11724 23588 D WM-GreedyScheduler: Ignoring {WorkSpec: c4ec2dd0-1b9f-43c0-82f7-1b94972a9bff}. Requires device idle.
02-20 15:33:35.744 11724 23588 D WM-GreedyScheduler: Ignoring {WorkSpec: 21c3ef49-9913-4d60-89aa-25e90f8c767f}. Requires device idle.
02-20 15:33:35.744 11724 23588 D WM-GreedyScheduler: Ignoring {WorkSpec: d7e4d1e9-8b75-4937-adeb-dbbc4b127982}. Requires ContentUri triggers.
02-20 15:33:35.744 11724 23588 D WM-GreedyScheduler: Starting work for 4dfd165c-5e71-4a69-b6e3-d902b304a68f
02-20 15:33:35.756 11724 11782 W BugleDataModel: ReceiveSmsMessageHelper: Received an SMS with an invalid address, attempting to fetch matching contact. [CONTEXT x_message_id=3424117378899735696 work_id="a5dde0ee-a278-4547-8f1c-2fc327d3da15" pipeline_type="SmsReceivePipeline" ]
02-20 15:33:35.762 11724 23985 I BugleSpam: ConversationScamProtection: called [CONTEXT x_message_id=3424117378899735696 work_id="a5dde0ee-a278-4547-8f1c-2fc327d3da15" pipeline_type="SmsReceivePipeline" ]
02-20 15:33:35.763 11724 23588 D WM-Processor: sew: processing WorkGenerationalId(workSpecId=4dfd165c-5e71-4a69-b6e3-d902b304a68f, generation=0)
02-20 15:33:35.765 11724 23985 I BugleSpam: ConversationScamProtection: Protection is disabled. [CONTEXT x_message_id=3424117378899735696 work_id="a5dde0ee-a278-4547-8f1c-2fc327d3da15" pipeline_type="SmsReceivePipeline" ]
02-20 15:33:35.769 11724 11782 W BugleDataModel: ReceiveSmsMessageHelper: Failed to find a better address from matching contact. [CONTEXT x_message_id=3424117378899735696 work_id="a5dde0ee-a278-4547-8f1c-2fc327d3da15" pipeline_type="SmsReceivePipeline" ]
02-20 15:33:35.770 11724 11820 I BugleSpam: MoiraiApiInitializationManager: Creating a new MoiraiApiWrapper for 6103366989018783298 [CONTEXT x_message_id=3424117378899735696 work_id="a5dde0ee-a278-4547-8f1c-2fc327d3da15" pipeline_type="SmsReceivePipeline" ]
02-20 15:33:35.772 11724 23986 D MddListenableWorkerFactory: createWorker for class: com.google.android.apps.messaging.shared.datamodel.workqueue.WorkQueueWorkerShim
02-20 15:33:35.773 11724 11782 I BugleDataModel: ActionExecutorImpl: ACTION_EXECUTE_QUEUED_RequestSmartSuggestionsAction [CONTEXT x_message_id=3424117378899735696 work_id="a5dde0ee-a278-4547-8f1c-2fc327d3da15" pipeline_type="SmsReceivePipeline" ]
02-20 15:33:35.775 11724 11724 D WM-WorkerWrapper: Starting work for com.google.android.apps.messaging.shared.datamodel.workqueue.WorkQueueWorkerShim
02-20 15:33:35.785 11724 23986 D WM-GreedyScheduler: Ignoring {WorkSpec: 9cdc645e-5c7c-4cdd-a5aa-b3082475b538}. Requires ContentUri triggers.
02-20 15:33:35.785 11724 23986 D WM-GreedyScheduler: Ignoring {WorkSpec: c4ec2dd0-1b9f-43c0-82f7-1b94972a9bff}. Requires device idle.
02-20 15:33:35.785 11724 23986 D WM-GreedyScheduler: Ignoring {WorkSpec: 21c3ef49-9913-4d60-89aa-25e90f8c767f}. Requires device idle.
02-20 15:33:35.785 11724 23986 D WM-GreedyScheduler: Ignoring {WorkSpec: d7e4d1e9-8b75-4937-adeb-dbbc4b127982}. Requires ContentUri triggers.
02-20 15:33:35.785 11724 23986 D WM-GreedyScheduler: Starting work for ecfc98b5-7348-4dfb-8d95-485c1c6e601c
02-20 15:33:35.788 11724 23588 D WM-Processor: sew: processing WorkGenerationalId(workSpecId=ecfc98b5-7348-4dfb-8d95-485c1c6e601c, generation=0)
02-20 15:33:35.792  1435  1533 D AAL     : 02-20 03:33:35.775 BL= 774,ESS= 256, 
02-20 15:33:35.795 11724 11781 I MoiraiApi: Moirai API v 864675435 started initialization for client com.google.android.apps.messaging:6103366989018783298 [CONTEXT x_message_id=3424117378899735696 work_id="a5dde0ee-a278-4547-8f1c-2fc327d3da15" pipeline_type="SmsReceivePipeline" ]
02-20 15:33:35.798 11724 23980 D MddListenableWorkerFactory: createWorker for class: com.google.android.apps.messaging.shared.datamodel.workqueue.WorkQueueWorkerShim
02-20 15:33:35.801 11724 11724 D WM-WorkerWrapper: Starting work for com.google.android.apps.messaging.shared.datamodel.workqueue.WorkQueueWorkerShim
02-20 15:33:35.806 11724 23961 D nativeloader: Load libtextclassifier3_jni_agsa.so using class loader ns clns-5 (caller=/data/app/~~w_7EchnUYzhMB2A2mGS-6g==/com.google.android.apps.messaging-0unaPFpFw3Qkm5t1nvzV6w==/base.apk!classes5.dex): dlopen failed: library "libtextclassifier3_jni_agsa.so" not found
02-20 15:33:35.812 11724 23961 D nativeloader: Load libtextclassifier3_jni_aiai.so using class loader ns clns-5 (caller=/data/app/~~w_7EchnUYzhMB2A2mGS-6g==/com.google.android.apps.messaging-0unaPFpFw3Qkm5t1nvzV6w==/base.apk!classes5.dex): dlopen failed: library "libtextclassifier3_jni_aiai.so" not found
02-20 15:33:35.817 11724 23961 D nativeloader: Load libtextclassifier3_jni_aosp.so using class loader ns clns-5 (caller=/data/app/~~w_7EchnUYzhMB2A2mGS-6g==/com.google.android.apps.messaging-0unaPFpFw3Qkm5t1nvzV6w==/base.apk!classes5.dex): dlopen failed: library "libtextclassifier3_jni_aosp.so" not found
02-20 15:33:35.828 11724 23961 D nativeloader: Load libtextclassifier3_jni_gmscore.so using class loader ns clns-5 (caller=/data/app/~~w_7EchnUYzhMB2A2mGS-6g==/com.google.android.apps.messaging-0unaPFpFw3Qkm5t1nvzV6w==/base.apk!classes5.dex): dlopen failed: library "libtextclassifier3_jni_gmscore.so" not found
02-20 15:33:35.830  1120  1155 I libPerfCtl: xgfGetFPS pid:2407 fps:61
02-20 15:33:35.831 11724 23961 D nativeloader: Load libtextclassifier3_jni_google3.so using class loader ns clns-5 (caller=/data/app/~~w_7EchnUYzhMB2A2mGS-6g==/com.google.android.apps.messaging-0unaPFpFw3Qkm5t1nvzV6w==/base.apk!classes5.dex): dlopen failed: library "libtextclassifier3_jni_google3.so" not found
02-20 15:33:35.833 11724 23985 D WM-GreedyScheduler: Ignoring {WorkSpec: 9cdc645e-5c7c-4cdd-a5aa-b3082475b538}. Requires ContentUri triggers.
02-20 15:33:35.839 11724 23985 D WM-GreedyScheduler: Ignoring {WorkSpec: c4ec2dd0-1b9f-43c0-82f7-1b94972a9bff}. Requires device idle.
02-20 15:33:35.841 11724 23985 D WM-GreedyScheduler: Ignoring {WorkSpec: 21c3ef49-9913-4d60-89aa-25e90f8c767f}. Requires device idle.
02-20 15:33:35.842 11724 23985 D WM-GreedyScheduler: Ignoring {WorkSpec: d7e4d1e9-8b75-4937-adeb-dbbc4b127982}. Requires ContentUri triggers.
02-20 15:33:35.842 11724 23985 D WM-GreedyScheduler: Starting tracking for ca6edc5a-7218-4293-aeec-09dcef125ec4
02-20 15:33:35.842 11724 11781 I MddDownloadManager: Returning local protection for client: 6103366989018783298  [CONTEXT x_message_id=3424117378899735696 work_id="a5dde0ee-a278-4547-8f1c-2fc327d3da15" pipeline_type="SmsReceivePipeline" ]
02-20 15:33:35.843 11724 11781 I MddDownloadManager: Processing filegroup: # eeed@f8d576a4 [CONTEXT x_message_id=3424117378899735696 work_id="a5dde0ee-a278-4547-8f1c-2fc327d3da15" pipeline_type="SmsReceivePipeline" ]
02-20 15:33:35.844 21018 21487 I PhenotypeResourceReader: unable to find any Phenotype resource metadata for com.truecaller
02-20 15:33:35.846 11724 23980 D WM-ConstraintTracker: sje: initial state = true
02-20 15:33:35.846 11724 23980 D WM-BrdcstRcvrCnstrntTrc: sje: registering receiver
02-20 15:33:35.855 11724 23985 D WM-ConstraintTracker: sjn: initial state = NetworkState(isConnected=true, isValidated=true, isMetered=false, isNotRoaming=true, isBlocked=false)
02-20 15:33:35.856 11724 23985 D WM-NetworkStateTracker: Registering network callback
02-20 15:33:35.861 11724 11781 I MddDownloadManager: Processing filegroup: # eeed@fa77aa4 [CONTEXT x_message_id=3424117378899735696 work_id="a5dde0ee-a278-4547-8f1c-2fc327d3da15" pipeline_type="SmsReceivePipeline" ]
02-20 15:33:35.862 11724 23961 D nativeloader: Load /data/app/~~w_7EchnUYzhMB2A2mGS-6g==/com.google.android.apps.messaging-0unaPFpFw3Qkm5t1nvzV6w==/split_config.arm64_v8a.apk!/lib/arm64-v8a/libtextclassifier3_jni_tclib.so using class loader ns clns-5 (caller=/data/app/~~w_7EchnUYzhMB2A2mGS-6g==/com.google.android.apps.messaging-0unaPFpFw3Qkm5t1nvzV6w==/base.apk!classes5.dex): ok
02-20 15:33:35.875 11724 11781 I MddDownloadManager: Loaded protections for client com.google.android.apps.messaging:6103366989018783298 with protection token: 01d600091cb65afb074ad7f1070500568e474a4ec92a6b7ae56baa3096c407456f63dc67bd2b0491ab6a991b506f53e9c67ee74a62086cc52640e041f807d692a54073f8109dccd14524767824c01b6a7382546309082e35abb7c0e432086e4a167363cad16709a762d796bf567dc38d2ab01558295e332abd49a25c1aab9bef3603293ec878d651eaa0f184a7ec1ae45eb1473a198a5b893d0a5f4eb58f3d95be5396a78e7b155c3567d6d99f179f7c470477a50e9ce34ffe, release config id: 8718923246880371218 [CONTEXT x_message_id=3424117378899735696 work_id="a5dde0ee-a278-4547-8f1c-2fc327d3da15" pipeline_type="SmsReceivePipeline" ]
02-20 15:33:35.877  1858  3788 D ConnectivityService: requestNetwork for uid/pid:10175/11724 activeRequest: null callbackRequest: 57167 [NetworkRequest [ REQUEST id=57168, [ Capabilities: INTERNET&NOT_RESTRICTED&TRUSTED&NOT_VCN_MANAGED Uid: 10175 RequestorUid: 10175 RequestorPkg: com.google.android.apps.messaging UnderlyingNetworks: Null] ]] callback flags: 0 order: 2147483647 isUidTracked: false declaredMethods: AVAIL|LOST|NC|BLK
